[2026-09-29 09:07:18] INFO:     127.0.0.1:51432 - "POST /generate HTTP/1.1" 200 OK
[2026-09-29 09:07:18 TP0 EP0] [FlexKV] sglang startprefetch: request=bounded_on-measure_01-cold-0
[2026-09-29 09:07:18 TP4 EP4] [FlexKV] sglang startprefetch: request=bounded_on-measure_01-cold-0
[2026-09-29 09:07:18 TP2 EP2] [FlexKV] sglang startprefetch: request=bounded_on-measure_01-cold-0
[2026-09-29 09:07:18 TP0 EP0] [FlexKV] sglang startprefetch: request=bounded_on-measure_01-cold-1
[2026-09-29 09:07:18 TP4 EP4] [FlexKV] sglang startprefetch: request=bounded_on-measure_01-cold-1
[2026-09-29 09:07:18 TP6 EP6] [FlexKV] sglang startprefetch: request=bounded_on-measure_01-cold-0
[2026-09-29 09:07:18 TP0 EP0] [FlexKV] sglang startprefetch: request=bounded_on-measure_01-cold-2
[2026-09-29 09:07:18 TP2 EP2] [FlexKV] sglang startprefetch: request=bounded_on-measure_01-cold-1
[2026-09-29 09:07:18 TP4 EP4] [FlexKV] sglang startprefetch: request=bounded_on-measure_01-cold-2
[2026-09-29 09:07:18 TP0 EP0] [FlexKV] sglang startprefetch: request=bounded_on-measure_01-cold-3
[2026-09-29 09:07:18 TP6 EP6] [FlexKV] sglang startprefetch: request=bounded_on-measure_01-cold-1
[2026-09-29 09:07:18 TP2 EP2] [FlexKV] sglang startprefetch: request=bounded_on-measure_01-cold-2
[2026-09-29 09:07:18 TP1 EP1] [FlexKV] sglang startprefetch: request=bounded_on-measure_01-cold-0
[2026-09-29 09:07:18 TP3 EP3] [FlexKV] sglang startprefetch: request=bounded_on-measure_01-cold-0
[2026-09-29 09:07:18 TP5 EP5] [FlexKV] sglang startprefetch: request=bounded_on-measure_01-cold-0
[2026-09-29 09:07:18 TP4 EP4] [FlexKV] sglang startprefetch: request=bounded_on-measure_01-cold-3
[2026-09-29 09:07:18 TP0 EP0] [FlexKV] sglang startprefetch: request=bounded_on-measure_01-cold-4
[2026-09-29 09:07:18 TP6 EP6] [FlexKV] sglang startprefetch: request=bounded_on-measure_01-cold-2
[2026-09-29 09:07:18 TP2 EP2] [FlexKV] sglang startprefetch: request=bounded_on-measure_01-cold-3
[2026-09-29 09:07:18 TP4 EP4] [FlexKV] sglang startprefetch: request=bounded_on-measure_01-cold-4
[2026-09-29 09:07:18 TP0 EP0] [FlexKV] sglang startprefetch: request=bounded_on-measure_01-cold-5
[2026-09-29 09:07:18 TP1 EP1] [FlexKV] sglang startprefetch: request=bounded_on-measure_01-cold-1
[2026-09-29 09:07:18 TP3 EP3] [FlexKV] sglang startprefetch: request=bounded_on-measure_01-cold-1
[2026-09-29 09:07:18 TP2 EP2] [FlexKV] sglang startprefetch: request=bounded_on-measure_01-cold-4
[2026-09-29 09:07:18 TP5 EP5] [FlexKV] sglang startprefetch: request=bounded_on-measure_01-cold-1
[2026-09-29 09:07:18 TP6 EP6] [FlexKV] sglang startprefetch: request=bounded_on-measure_01-cold-3
[2026-09-29 09:07:18 TP7 EP7] [FlexKV] sglang startprefetch: request=bounded_on-measure_01-cold-0
[2026-09-29 09:07:18 TP4 EP4] [FlexKV] sglang startprefetch: request=bounded_on-measure_01-cold-5
[2026-09-29 09:07:18 TP0 EP0] [FlexKV] sglang startprefetch: request=bounded_on-measure_01-cold-6
[2026-09-29 09:07:18 TP1 EP1] [FlexKV] sglang startprefetch: request=bounded_on-measure_01-cold-2
[2026-09-29 09:07:18 TP2 EP2] [FlexKV] sglang startprefetch: request=bounded_on-measure_01-cold-5
[2026-09-29 09:07:18 TP3 EP3] [FlexKV] sglang startprefetch: request=bounded_on-measure_01-cold-2
[2026-09-29 09:07:18 TP5 EP5] [FlexKV] sglang startprefetch: request=bounded_on-measure_01-cold-2
[2026-09-29 09:07:18 TP6 EP6] [FlexKV] sglang startprefetch: request=bounded_on-measure_01-cold-4
[2026-09-29 09:07:18 TP4 EP4] [FlexKV] sglang startprefetch: request=bounded_on-measure_01-cold-6
[2026-09-29 09:07:18 TP0 EP0] [FlexKV] sglang startprefetch: request=bounded_on-measure_01-cold-7
[2026-09-29 09:07:18 TP7 EP7] [FlexKV] sglang startprefetch: request=bounded_on-measure_01-cold-1
[2026-09-29 09:07:18 TP2 EP2] [FlexKV] sglang startprefetch: request=bounded_on-measure_01-cold-6
[2026-09-29 09:07:18 TP1 EP1] [FlexKV] sglang startprefetch: request=bounded_on-measure_01-cold-3
[2026-09-29 09:07:18 TP5 EP5] [FlexKV] sglang startprefetch: request=bounded_on-measure_01-cold-3
[2026-09-29 09:07:18 TP3 EP3] [FlexKV] sglang startprefetch: request=bounded_on-measure_01-cold-3
[2026-09-29 09:07:18 TP6 EP6] [FlexKV] sglang startprefetch: request=bounded_on-measure_01-cold-5
[2026-09-29 09:07:18 TP4 EP4] [FlexKV] sglang startprefetch: request=bounded_on-measure_01-cold-7
[2026-09-29 09:07:18 TP7 EP7] [FlexKV] sglang startprefetch: request=bounded_on-measure_01-cold-2
[2026-09-29 09:07:18 TP2 EP2] [FlexKV] sglang startprefetch: request=bounded_on-measure_01-cold-7
[2026-09-29 09:07:18 TP1 EP1] [FlexKV] sglang startprefetch: request=bounded_on-measure_01-cold-4
[2026-09-29 09:07:18 TP5 EP5] [FlexKV] sglang startprefetch: request=bounded_on-measure_01-cold-4
[2026-09-29 09:07:18 TP6 EP6] [FlexKV] sglang startprefetch: request=bounded_on-measure_01-cold-6
[2026-09-29 09:07:18 TP3 EP3] [FlexKV] sglang startprefetch: request=bounded_on-measure_01-cold-4
[2026-09-29 09:07:18 TP7 EP7] [FlexKV] sglang startprefetch: request=bounded_on-measure_01-cold-3
[2026-09-29 09:07:18 TP1 EP1] [FlexKV] sglang startprefetch: request=bounded_on-measure_01-cold-5
[2026-09-29 09:07:18 TP5 EP5] [FlexKV] sglang startprefetch: request=bounded_on-measure_01-cold-5
[2026-09-29 09:07:18 TP6 EP6] [FlexKV] sglang startprefetch: request=bounded_on-measure_01-cold-7
[2026-09-29 09:07:18 TP3 EP3] [FlexKV] sglang startprefetch: request=bounded_on-measure_01-cold-5
[2026-09-29 09:07:18 TP7 EP7] [FlexKV] sglang startprefetch: request=bounded_on-measure_01-cold-4
[2026-09-29 09:07:18 TP5 EP5] [FlexKV] sglang startprefetch: request=bounded_on-measure_01-cold-6
[2026-09-29 09:07:18 TP1 EP1] [FlexKV] sglang startprefetch: request=bounded_on-measure_01-cold-6
[2026-09-29 09:07:18 TP3 EP3] [FlexKV] sglang startprefetch: request=bounded_on-measure_01-cold-6
[2026-09-29 09:07:18 TP7 EP7] [FlexKV] sglang startprefetch: request=bounded_on-measure_01-cold-5
[2026-09-29 09:07:18 TP5 EP5] [FlexKV] sglang startprefetch: request=bounded_on-measure_01-cold-7
[2026-09-29 09:07:18 TP1 EP1] [FlexKV] sglang startprefetch: request=bounded_on-measure_01-cold-7
[2026-09-29 09:07:18 TP3 EP3] [FlexKV] sglang startprefetch: request=bounded_on-measure_01-cold-7
[2026-09-29 09:07:18 TP7 EP7] [FlexKV] sglang startprefetch: request=bounded_on-measure_01-cold-6
[2026-09-29 09:07:18 TP0 EP0] [INFO][FlexKV-SGLang] operation=lookup act=complete status=miss sglang_req_id="bounded_on-measure_01-cold-0" flexkv_task_id=76 tokens=7936 hit_tokens=0 hit_blocks=0 lookup_time=0.0004s
[2026-09-29 09:07:18 TP7 EP7] [FlexKV] sglang startprefetch: request=bounded_on-measure_01-cold-7
[2026-09-29 09:07:18 TP0 EP0] [INFO][FlexKV-SGLang] operation=lookup act=complete status=miss sglang_req_id="bounded_on-measure_01-cold-1" flexkv_task_id=77 tokens=7936 hit_tokens=0 hit_blocks=0 lookup_time=0.0004s
[2026-09-29 09:07:18 TP0 EP0] Prefill batch, #new-seq: 1, #new-token: 7936, #cached-token: 0, #cached-device: 0, #cached-host: 0, #cached-storage: 0, actual-hit-rate: 0.000000, token usage: 0.06, #running-req: 0, #queue-req: 7, #pending-token: 57600, cuda graph: False, input throughput (token/s): 10097.96
[2026-09-29 09:07:18 TP0 EP0] [INFO][FlexKV-SGLang] operation=lookup act=complete status=miss sglang_req_id="bounded_on-measure_01-cold-1" flexkv_task_id=78 tokens=7936 hit_tokens=0 hit_blocks=0 lookup_time=0.0004s
[2026-09-29 09:07:18 TP0 EP0] Prefill batch, #new-seq: 1, #new-token: 256, #cached-token: 0, #cached-device: 0, #cached-host: 0, #cached-storage: 0, actual-hit-rate: 0.000000, token usage: 0.12, #running-req: 0, #queue-req: 6, #pending-token: 57344, cuda graph: False, input throughput (token/s): 1422.23
[2026-09-29 09:07:18 TP0 EP0] [INFO][FlexKV-SGLang] operation=lookup act=complete status=miss sglang_req_id="bounded_on-measure_01-cold-2" flexkv_task_id=79 tokens=7936 hit_tokens=0 hit_blocks=0 lookup_time=0.0004s
[2026-09-29 09:07:18 TP0 EP0] Prefill batch, #new-seq: 1, #new-token: 7936, #cached-token: 0, #cached-device: 0, #cached-host: 0, #cached-storage: 0, actual-hit-rate: 0.000000, token usage: 0.12, #running-req: 1, #queue-req: 6, #pending-token: 49408, cuda graph: False, input throughput (token/s): 49006.83
[2026-09-29 09:07:18 TP0 EP0] [INFO][FlexKV-SGLang] operation=lookup act=complete status=miss sglang_req_id="bounded_on-measure_01-cold-2" flexkv_task_id=80 tokens=7936 hit_tokens=0 hit_blocks=0 lookup_time=0.0004s
[2026-09-29 09:07:18 TP0 EP0] Prefill batch, #new-seq: 1, #new-token: 256, #cached-token: 0, #cached-device: 0, #cached-host: 0, #cached-storage: 0, actual-hit-rate: 0.000000, token usage: 0.19, #running-req: 1, #queue-req: 5, #pending-token: 49152, cuda graph: False, input throughput (token/s): 1421.60
[2026-09-29 09:07:18 TP0 EP0] [INFO][FlexKV-SGLang] operation=lookup act=complete status=miss sglang_req_id="bounded_on-measure_01-cold-3" flexkv_task_id=81 tokens=7936 hit_tokens=0 hit_blocks=0 lookup_time=0.0004s
[2026-09-29 09:07:19 TP0 EP0] Prefill batch, #new-seq: 1, #new-token: 7936, #cached-token: 0, #cached-device: 0, #cached-host: 0, #cached-storage: 0, actual-hit-rate: 0.000000, token usage: 0.19, #running-req: 2, #queue-req: 5, #pending-token: 41216, cuda graph: False, input throughput (token/s): 48870.58
[2026-09-29 09:07:19 TP0 EP0] [INFO][FlexKV-SGLang] operation=lookup act=complete status=miss sglang_req_id="bounded_on-measure_01-cold-3" flexkv_task_id=82 tokens=7936 hit_tokens=0 hit_blocks=0 lookup_time=0.0004s
[2026-09-29 09:07:19 TP0 EP0] Prefill batch, #new-seq: 1, #new-token: 256, #cached-token: 0, #cached-device: 0, #cached-host: 0, #cached-storage: 0, actual-hit-rate: 0.000000, token usage: 0.25, #running-req: 2, #queue-req: 4, #pending-token: 40960, cuda graph: False, input throughput (token/s): 1422.09
[2026-09-29 09:07:19 TP0 EP0] [INFO][FlexKV-SGLang] operation=lookup act=complete status=miss sglang_req_id="bounded_on-measure_01-cold-4" flexkv_task_id=83 tokens=7936 hit_tokens=0 hit_blocks=0 lookup_time=0.0004s
[2026-09-29 09:07:19 TP0 EP0] Prefill batch, #new-seq: 1, #new-token: 7936, #cached-token: 0, #cached-device: 0, #cached-host: 0, #cached-storage: 0, actual-hit-rate: 0.000000, token usage: 0.25, #running-req: 3, #queue-req: 4, #pending-token: 33024, cuda graph: False, input throughput (token/s): 48986.92
[2026-09-29 09:07:19 TP0 EP0] [INFO][FlexKV-SGLang] operation=lookup act=complete status=miss sglang_req_id="bounded_on-measure_01-cold-4" flexkv_task_id=84 tokens=7936 hit_tokens=0 hit_blocks=0 lookup_time=0.0010s
[2026-09-29 09:07:19 TP0 EP0] Prefill batch, #new-seq: 1, #new-token: 256, #cached-token: 0, #cached-device: 0, #cached-host: 0, #cached-storage: 0, actual-hit-rate: 0.000000, token usage: 0.31, #running-req: 3, #queue-req: 3, #pending-token: 32768, cuda graph: False, input throughput (token/s): 1424.06
[2026-09-29 09:07:19 TP0 EP0] [INFO][FlexKV-SGLang] operation=lookup act=complete status=miss sglang_req_id="bounded_on-measure_01-cold-5" flexkv_task_id=85 tokens=7936 hit_tokens=0 hit_blocks=0 lookup_time=0.0004s
[2026-09-29 09:07:19 TP0 EP0] Prefill batch, #new-seq: 1, #new-token: 7936, #cached-token: 0, #cached-device: 0, #cached-host: 0, #cached-storage: 0, actual-hit-rate: 0.000000, token usage: 0.31, #running-req: 4, #queue-req: 3, #pending-token: 24832, cuda graph: False, input throughput (token/s): 48966.46
[2026-09-29 09:07:19 TP0 EP0] [INFO][FlexKV-SGLang] operation=lookup act=complete status=miss sglang_req_id="bounded_on-measure_01-cold-5" flexkv_task_id=86 tokens=7936 hit_tokens=0 hit_blocks=0 lookup_time=0.0004s
[2026-09-29 09:07:19 TP0 EP0] Prefill batch, #new-seq: 1, #new-token: 256, #cached-token: 0, #cached-device: 0, #cached-host: 0, #cached-storage: 0, actual-hit-rate: 0.000000, token usage: 0.37, #running-req: 4, #queue-req: 2, #pending-token: 24576, cuda graph: False, input throughput (token/s): 1423.65
[2026-09-29 09:07:19 TP0 EP0] [INFO][FlexKV-SGLang] operation=lookup act=complete status=miss sglang_req_id="bounded_on-measure_01-cold-6" flexkv_task_id=87 tokens=7936 hit_tokens=0 hit_blocks=0 lookup_time=0.0004s
[2026-09-29 09:07:20 TP0 EP0] Prefill batch, #new-seq: 1, #new-token: 7936, #cached-token: 0, #cached-device: 0, #cached-host: 0, #cached-storage: 0, actual-hit-rate: 0.000000, token usage: 0.38, #running-req: 5, #queue-req: 2, #pending-token: 16640, cuda graph: False, input throughput (token/s): 49036.13
[2026-09-29 09:07:20 TP0 EP0] [INFO][FlexKV-SGLang] operation=lookup act=complete status=miss sglang_req_id="bounded_on-measure_01-cold-6" flexkv_task_id=88 tokens=7936 hit_tokens=0 hit_blocks=0 lookup_time=0.0004s
[2026-09-29 09:07:20 TP0 EP0] Prefill batch, #new-seq: 1, #new-token: 256, #cached-token: 0, #cached-device: 0, #cached-host: 0, #cached-storage: 0, actual-hit-rate: 0.000000, token usage: 0.44, #running-req: 5, #queue-req: 1, #pending-token: 16384, cuda graph: False, input throughput (token/s): 1420.13
[2026-09-29 09:07:20 TP0 EP0] Prefill batch, #new-seq: 1, #new-token: 7936, #cached-token: 0, #cached-device: 0, #cached-host: 0, #cached-storage: 0, actual-hit-rate: 0.000000, token usage: 0.44, #running-req: 6, #queue-req: 1, #pending-token: 8448, cuda graph: False, input throughput (token/s): 49470.48
[2026-09-29 09:07:20 TP0 EP0] Prefill batch, #new-seq: 1, #new-token: 256, #cached-token: 0, #cached-device: 0, #cached-host: 0, #cached-storage: 0, actual-hit-rate: 0.000000, token usage: 0.45, #running-req: 6, #queue-req: 1, #pending-token: 8192, cuda graph: False, input throughput (token/s): 1662.54
[2026-09-29 09:07:20 TP5 EP5] [FlexKV] store prefix length aligned from 8194 to 8192 tokens for rid=bounded_on-measure_01-cold-0
[2026-09-29 09:07:20 TP1 EP1] [FlexKV] store prefix length aligned from 8194 to 8192 tokens for rid=bounded_on-measure_01-cold-0
[2026-09-29 09:07:20 TP2 EP2] [FlexKV] store prefix length aligned from 8194 to 8192 tokens for rid=bounded_on-measure_01-cold-0
[2026-09-29 09:07:20 TP0 EP0] [FlexKV] store prefix length aligned from 8194 to 8192 tokens for rid=bounded_on-measure_01-cold-0
[2026-09-29 09:07:20 TP4 EP4] [FlexKV] store prefix length aligned from 8194 to 8192 tokens for rid=bounded_on-measure_01-cold-0
[2026-09-29 09:07:20 TP5 EP5] [FlexKV] store prefix length aligned from 8194 to 8192 tokens for rid=bounded_on-measure_01-cold-1
[2026-09-29 09:07:20 TP1 EP1] [FlexKV] store prefix length aligned from 8194 to 8192 tokens for rid=bounded_on-measure_01-cold-1
[2026-09-29 09:07:20 TP2 EP2] [FlexKV] store prefix length aligned from 8194 to 8192 tokens for rid=bounded_on-measure_01-cold-1
[2026-09-29 09:07:20 TP0 EP0] [FlexKV] store prefix length aligned from 8194 to 8192 tokens for rid=bounded_on-measure_01-cold-1
[2026-09-29 09:07:20 TP3 EP3] [FlexKV] store prefix length aligned from 8194 to 8192 tokens for rid=bounded_on-measure_01-cold-0
[2026-09-29 09:07:20 TP4 EP4] [FlexKV] store prefix length aligned from 8194 to 8192 tokens for rid=bounded_on-measure_01-cold-1
[2026-09-29 09:07:20 TP7 EP7] [FlexKV] store prefix length aligned from 8194 to 8192 tokens for rid=bounded_on-measure_01-cold-0
[2026-09-29 09:07:20 TP1 EP1] [FlexKV] store prefix length aligned from 8194 to 8192 tokens for rid=bounded_on-measure_01-cold-2
[2026-09-29 09:07:20 TP2 EP2] [FlexKV] store prefix length aligned from 8194 to 8192 tokens for rid=bounded_on-measure_01-cold-2
[2026-09-29 09:07:20 TP0 EP0] [FlexKV] store prefix length aligned from 8194 to 8192 tokens for rid=bounded_on-measure_01-cold-2
[2026-09-29 09:07:20 TP5 EP5] [FlexKV] store prefix length aligned from 8194 to 8192 tokens for rid=bounded_on-measure_01-cold-2
[2026-09-29 09:07:20 TP3 EP3] [FlexKV] store prefix length aligned from 8194 to 8192 tokens for rid=bounded_on-measure_01-cold-1
[2026-09-29 09:07:20 TP4 EP4] [FlexKV] store prefix length aligned from 8194 to 8192 tokens for rid=bounded_on-measure_01-cold-2
[2026-09-29 09:07:20 TP7 EP7] [FlexKV] store prefix length aligned from 8194 to 8192 tokens for rid=bounded_on-measure_01-cold-1
[2026-09-29 09:07:20 TP2 EP2] [FlexKV] store prefix length aligned from 8194 to 8192 tokens for rid=bounded_on-measure_01-cold-3
[2026-09-29 09:07:20 TP0 EP0] [FlexKV] store prefix length aligned from 8194 to 8192 tokens for rid=bounded_on-measure_01-cold-3
[2026-09-29 09:07:20 TP1 EP1] [FlexKV] store prefix length aligned from 8194 to 8192 tokens for rid=bounded_on-measure_01-cold-3
[2026-09-29 09:07:20 TP5 EP5] [FlexKV] store prefix length aligned from 8194 to 8192 tokens for rid=bounded_on-measure_01-cold-3
[2026-09-29 09:07:20 TP6 EP6] [FlexKV] store prefix length aligned from 8194 to 8192 tokens for rid=bounded_on-measure_01-cold-0
[2026-09-29 09:07:20 TP3 EP3] [FlexKV] store prefix length aligned from 8194 to 8192 tokens for rid=bounded_on-measure_01-cold-2
[2026-09-29 09:07:20 TP4 EP4] [FlexKV] store prefix length aligned from 8194 to 8192 tokens for rid=bounded_on-measure_01-cold-3
[2026-09-29 09:07:20 TP2 EP2] [FlexKV] store prefix length aligned from 8194 to 8192 tokens for rid=bounded_on-measure_01-cold-4
[2026-09-29 09:07:20 TP0 EP0] [FlexKV] store prefix length aligned from 8194 to 8192 tokens for rid=bounded_on-measure_01-cold-4
[2026-09-29 09:07:20 TP7 EP7] [FlexKV] store prefix length aligned from 8194 to 8192 tokens for rid=bounded_on-measure_01-cold-2
[2026-09-29 09:07:20 TP1 EP1] [FlexKV] store prefix length aligned from 8194 to 8192 tokens for rid=bounded_on-measure_01-cold-4
[2026-09-29 09:07:20 TP5 EP5] [FlexKV] store prefix length aligned from 8194 to 8192 tokens for rid=bounded_on-measure_01-cold-4
[2026-09-29 09:07:20 TP6 EP6] [FlexKV] store prefix length aligned from 8194 to 8192 tokens for rid=bounded_on-measure_01-cold-1
[2026-09-29 09:07:20 TP4 EP4] [FlexKV] store prefix length aligned from 8194 to 8192 tokens for rid=bounded_on-measure_01-cold-4
[2026-09-29 09:07:20 TP3 EP3] [FlexKV] store prefix length aligned from 8194 to 8192 tokens for rid=bounded_on-measure_01-cold-3
[2026-09-29 09:07:20 TP2 EP2] [FlexKV] store prefix length aligned from 8194 to 8192 tokens for rid=bounded_on-measure_01-cold-5
[2026-09-29 09:07:20 TP0 EP0] [FlexKV] store prefix length aligned from 8194 to 8192 tokens for rid=bounded_on-measure_01-cold-5
[2026-09-29 09:07:20 TP7 EP7] [FlexKV] store prefix length aligned from 8194 to 8192 tokens for rid=bounded_on-measure_01-cold-3
[2026-09-29 09:07:20 TP1 EP1] [FlexKV] store prefix length aligned from 8194 to 8192 tokens for rid=bounded_on-measure_01-cold-5
[2026-09-29 09:07:20 TP5 EP5] [FlexKV] store prefix length aligned from 8194 to 8192 tokens for rid=bounded_on-measure_01-cold-5
[2026-09-29 09:07:20 TP6 EP6] [FlexKV] store prefix length aligned from 8194 to 8192 tokens for rid=bounded_on-measure_01-cold-2
[2026-09-29 09:07:20 TP4 EP4] [FlexKV] store prefix length aligned from 8194 to 8192 tokens for rid=bounded_on-measure_01-cold-5
[2026-09-29 09:07:20 TP3 EP3] [FlexKV] store prefix length aligned from 8194 to 8192 tokens for rid=bounded_on-measure_01-cold-4
[2026-09-29 09:07:20 TP2 EP2] [FlexKV] store prefix length aligned from 8194 to 8192 tokens for rid=bounded_on-measure_01-cold-6
[2026-09-29 09:07:20 TP0 EP0] [FlexKV] store prefix length aligned from 8194 to 8192 tokens for rid=bounded_on-measure_01-cold-6
[2026-09-29 09:07:20 TP5 EP5] [FlexKV] store prefix length aligned from 8194 to 8192 tokens for rid=bounded_on-measure_01-cold-6
[2026-09-29 09:07:20 TP7 EP7] [FlexKV] store prefix length aligned from 8194 to 8192 tokens for rid=bounded_on-measure_01-cold-4
[2026-09-29 09:07:20 TP1 EP1] [FlexKV] store prefix length aligned from 8194 to 8192 tokens for rid=bounded_on-measure_01-cold-6
[2026-09-29 09:07:20 TP6 EP6] [FlexKV] store prefix length aligned from 8194 to 8192 tokens for rid=bounded_on-measure_01-cold-3
[2026-09-29 09:07:20 TP4 EP4] [FlexKV] store prefix length aligned from 8194 to 8192 tokens for rid=bounded_on-measure_01-cold-6
[2026-09-29 09:07:20 TP3 EP3] [FlexKV] store prefix length aligned from 8194 to 8192 tokens for rid=bounded_on-measure_01-cold-5
[2026-09-29 09:07:20 TP7 EP7] [FlexKV] store prefix length aligned from 8194 to 8192 tokens for rid=bounded_on-measure_01-cold-5
[2026-09-29 09:07:20 TP6 EP6] [FlexKV] store prefix length aligned from 8194 to 8192 tokens for rid=bounded_on-measure_01-cold-4
[2026-09-29 09:07:20 TP3 EP3] [FlexKV] store prefix length aligned from 8194 to 8192 tokens for rid=bounded_on-measure_01-cold-6
[2026-09-29 09:07:20 TP7 EP7] [FlexKV] store prefix length aligned from 8194 to 8192 tokens for rid=bounded_on-measure_01-cold-6
[2026-09-29 09:07:20 TP6 EP6] [FlexKV] store prefix length aligned from 8194 to 8192 tokens for rid=bounded_on-measure_01-cold-5
[2026-09-29 09:07:20 TP6 EP6] [FlexKV] store prefix length aligned from 8194 to 8192 tokens for rid=bounded_on-measure_01-cold-6
[FLEXKV] INFO 09-29 09:07:20.797 [cache_engine.py:2605] [FlexKV-SEGV-DEBUG] cache_engine create D2H op (local_put) request_id=89, op_id=32, graph_id=130, dp_client_id=0, fragment12_num_blocks=32, fragment2_num_blocks=0, gpu_src: count=32, min=0, max=0, dtype=int64, cpu_dst: count=32, min=512, max=543, dtype=int64
[2026-09-29 09:07:20 TP0 EP0] [INFO][FlexKV-SGLang] operation=store act=launch status=running direction=D2H sglang_req_id="bounded_on-measure_01-cold-0" flexkv_task_id=89 mode=no-layerwise tokens=8192 slots=8192 swa_slots=0
[FLEXKV] INFO 09-29 09:07:20.798 [cache_engine.py:2605] [FlexKV-SEGV-DEBUG] cache_engine create D2H op (local_put) request_id=90, op_id=33, graph_id=131, dp_client_id=0, fragment12_num_blocks=32, fragment2_num_blocks=0, gpu_src: count=32, min=0, max=0, dtype=int64, cpu_dst: count=32, min=544, max=575, dtype=int64
[2026-09-29 09:07:20 TP0 EP0] [INFO][FlexKV-SGLang] operation=store act=launch status=running direction=D2H sglang_req_id="bounded_on-measure_01-cold-1" flexkv_task_id=90 mode=no-layerwise tokens=8192 slots=8192 swa_slots=0
[FLEXKV] INFO 09-29 09:07:20.799 [cache_engine.py:2605] [FlexKV-SEGV-DEBUG] cache_engine create D2H op (local_put) request_id=91, op_id=34, graph_id=132, dp_client_id=0, fragment12_num_blocks=32, fragment2_num_blocks=0, gpu_src: count=32, min=0, max=0, dtype=int64, cpu_dst: count=32, min=576, max=607, dtype=int64
[FLEXKV] INFO 09-29 09:07:20.799 [runtime.py:577] [FlexKV-IO] operation=transfer act=complete status=success direction=D2H blocks=32 op_id=32 graph_id=130 mode=no-layerwise data_size=0.00679016GB transfer_time=0.0008s bandwidth=8.79GB/s
[2026-09-29 09:07:20 TP0 EP0] [INFO][FlexKV-SGLang] operation=store act=launch status=running direction=D2H sglang_req_id="bounded_on-measure_01-cold-2" flexkv_task_id=91 mode=no-layerwise tokens=8192 slots=8192 swa_slots=0
[FLEXKV] INFO 09-29 09:07:20.800 [cache_engine.py:2605] [FlexKV-SEGV-DEBUG] cache_engine create D2H op (local_put) request_id=92, op_id=35, graph_id=133, dp_client_id=0, fragment12_num_blocks=32, fragment2_num_blocks=0, gpu_src: count=32, min=0, max=0, dtype=int64, cpu_dst: count=32, min=608, max=639, dtype=int64
[FLEXKV] INFO 09-29 09:07:20.800 [runtime.py:577] [FlexKV-IO] operation=transfer act=complete status=success direction=D2H blocks=32 op_id=33 graph_id=131 mode=no-layerwise data_size=0.00679016GB transfer_time=0.0008s bandwidth=9.58GB/s
[2026-09-29 09:07:20 TP0 EP0] [INFO][FlexKV-SGLang] operation=store act=launch status=running direction=D2H sglang_req_id="bounded_on-measure_01-cold-3" flexkv_task_id=92 mode=no-layerwise tokens=8192 slots=8192 swa_slots=0
[FLEXKV] INFO 09-29 09:07:20.801 [cache_engine.py:2605] [FlexKV-SEGV-DEBUG] cache_engine create D2H op (local_put) request_id=93, op_id=36, graph_id=134, dp_client_id=0, fragment12_num_blocks=32, fragment2_num_blocks=0, gpu_src: count=32, min=0, max=0, dtype=int64, cpu_dst: count=32, min=640, max=671, dtype=int64
[FLEXKV] INFO 09-29 09:07:20.801 [runtime.py:577] [FlexKV-IO] operation=transfer act=complete status=success direction=D2H blocks=32 op_id=34 graph_id=132 mode=no-layerwise data_size=0.00679016GB transfer_time=0.0008s bandwidth=9.36GB/s
[2026-09-29 09:07:20 TP0 EP0] [INFO][FlexKV-SGLang] operation=store act=launch status=running direction=D2H sglang_req_id="bounded_on-measure_01-cold-4" flexkv_task_id=93 mode=no-layerwise tokens=8192 slots=8192 swa_slots=0
[FLEXKV] INFO 09-29 09:07:20.802 [runtime.py:577] [FlexKV-IO] operation=transfer act=complete status=success direction=D2H blocks=32 op_id=35 graph_id=133 mode=no-layerwise data_size=0.00679016GB transfer_time=0.0005s bandwidth=13.93GB/s
[FLEXKV] INFO 09-29 09:07:20.802 [kvtask.py:300] [FlexKV-IO] operation=put act=complete status=success flexkv_task_id=89 graph_id=130 task_time=0.0050s
[FLEXKV] INFO 09-29 09:07:20.802 [kvtask.py:300] [FlexKV-IO] operation=put act=complete status=success flexkv_task_id=90 graph_id=131 task_time=0.0040s
[FLEXKV] INFO 09-29 09:07:20.802 [cache_engine.py:2605] [FlexKV-SEGV-DEBUG] cache_engine create D2H op (local_put) request_id=94, op_id=37, graph_id=135, dp_client_id=0, fragment12_num_blocks=32, fragment2_num_blocks=0, gpu_src: count=32, min=0, max=0, dtype=int64, cpu_dst: count=32, min=672, max=703, dtype=int64
[2026-09-29 09:07:20 TP0 EP0] [INFO][FlexKV-SGLang] operation=store act=launch status=running direction=D2H sglang_req_id="bounded_on-measure_01-cold-5" flexkv_task_id=94 mode=no-layerwise tokens=8192 slots=8192 swa_slots=0
[FLEXKV] INFO 09-29 09:07:20.804 [cache_engine.py:2605] [FlexKV-SEGV-DEBUG] cache_engine create D2H op (local_put) request_id=95, op_id=38, graph_id=136, dp_client_id=0, fragment12_num_blocks=32, fragment2_num_blocks=0, gpu_src: count=32, min=0, max=0, dtype=int64, cpu_dst: count=32, min=704, max=735, dtype=int64
[2026-09-29 09:07:20 TP0 EP0] [INFO][FlexKV-SGLang] operation=store act=launch status=running direction=D2H sglang_req_id="bounded_on-measure_01-cold-6" flexkv_task_id=95 mode=no-layerwise tokens=8192 slots=8192 swa_slots=0
[FLEXKV] INFO 09-29 09:07:20.804 [runtime.py:577] [FlexKV-IO] operation=transfer act=complete status=success direction=D2H blocks=32 op_id=36 graph_id=134 mode=no-layerwise data_size=0.00679016GB transfer_time=0.0007s bandwidth=9.98GB/s
[FLEXKV] INFO 09-29 09:07:20.806 [runtime.py:577] [FlexKV-IO] operation=transfer act=complete status=success direction=D2H blocks=32 op_id=37 graph_id=135 mode=no-layerwise data_size=0.00679016GB transfer_time=0.0008s bandwidth=9.26GB/s
[FLEXKV] INFO 09-29 09:07:20.806 [runtime.py:577] [FlexKV-IO] operation=transfer act=complete status=success direction=D2H blocks=32 op_id=38 graph_id=136 mode=no-layerwise data_size=0.00679016GB transfer_time=0.0007s bandwidth=9.75GB/s
[FLEXKV] INFO 09-29 09:07:20.808 [kvtask.py:300] [FlexKV-IO] operation=put act=complete status=success flexkv_task_id=91 graph_id=132 task_time=0.0088s
[FLEXKV] INFO 09-29 09:07:20.808 [kvtask.py:300] [FlexKV-IO] operation=put act=complete status=success flexkv_task_id=92 graph_id=133 task_time=0.0079s
[FLEXKV] INFO 09-29 09:07:20.808 [kvtask.py:300] [FlexKV-IO] operation=put act=complete status=success flexkv_task_id=93 graph_id=134 task_time=0.0070s
[FLEXKV] INFO 09-29 09:07:20.808 [kvtask.py:300] [FlexKV-IO] operation=put act=complete status=success flexkv_task_id=94 graph_id=135 task_time=0.0058s
[FLEXKV] INFO 09-29 09:07:20.808 [kvtask.py:300] [FlexKV-IO] operation=put act=complete status=success flexkv_task_id=95 graph_id=136 task_time=0.0048s
[2026-09-29 09:07:20 TP0 EP0] [INFO][FlexKV-SGLang] operation=store act=complete status=success direction=D2H sglang_req_id="bounded_on-measure_01-cold-0" flexkv_task_id=89 mode=no-layerwise store_time=0.0120s
[2026-09-29 09:07:20 TP0 EP0] [INFO][FlexKV-SGLang] operation=store act=complete status=success direction=D2H sglang_req_id="bounded_on-measure_01-cold-1" flexkv_task_id=90 mode=no-layerwise store_time=0.0109s
[2026-09-29 09:07:20 TP0 EP0] [INFO][FlexKV-SGLang] operation=store act=complete status=success direction=D2H sglang_req_id="bounded_on-measure_01-cold-2" flexkv_task_id=91 mode=no-layerwise store_time=0.0099s
[2026-09-29 09:07:20 TP0 EP0] [INFO][FlexKV-SGLang] operation=store act=complete status=success direction=D2H sglang_req_id="bounded_on-measure_01-cold-3" flexkv_task_id=92 mode=no-layerwise store_time=0.0089s
[2026-09-29 09:07:20 TP0 EP0] [INFO][FlexKV-SGLang] operation=store act=complete status=success direction=D2H sglang_req_id="bounded_on-measure_01-cold-4" flexkv_task_id=93 mode=no-layerwise store_time=0.0079s
[2026-09-29 09:07:20 TP0 EP0] [INFO][FlexKV-SGLang] operation=store act=complete status=success direction=D2H sglang_req_id="bounded_on-measure_01-cold-5" flexkv_task_id=94 mode=no-layerwise store_time=0.0070s
[2026-09-29 09:07:20 TP0 EP0] [INFO][FlexKV-SGLang] operation=store act=complete status=success direction=D2H sglang_req_id="bounded_on-measure_01-cold-6" flexkv_task_id=95 mode=no-layerwise store_time=0.0057s
[2026-09-29 09:07:20 TP0 EP0] [INFO][FlexKV-SGLang] operation=lookup act=complete status=miss sglang_req_id="bounded_on-measure_01-cold-7" flexkv_task_id=96 tokens=7936 hit_tokens=0 hit_blocks=0 lookup_time=0.0004s
[2026-09-29 09:07:21 TP0 EP0] Prefill batch, #new-seq: 1, #new-token: 7936, #cached-token: 0, #cached-device: 0, #cached-host: 0, #cached-storage: 0, actual-hit-rate: 0.000000, token usage: 0.06, #running-req: 0, #queue-req: 0, #pending-token: 256, cuda graph: False, input throughput (token/s): 15687.26
[2026-09-29 09:07:21 TP0 EP0] Prefill batch, #new-seq: 1, #new-token: 256, #cached-token: 0, #cached-device: 0, #cached-host: 0, #cached-storage: 0, actual-hit-rate: 0.000000, token usage: 0.06, #running-req: 0, #queue-req: 0, #pending-token: 0, cuda graph: False, input throughput (token/s): 1693.66
[2026-09-29 09:07:21 TP1 EP1] [FlexKV] store prefix length aligned from 8194 to 8192 tokens for rid=bounded_on-measure_01-cold-7
[2026-09-29 09:07:21 TP5 EP5] [FlexKV] store prefix length aligned from 8194 to 8192 tokens for rid=bounded_on-measure_01-cold-7
[2026-09-29 09:07:21 TP2 EP2] [FlexKV] store prefix length aligned from 8194 to 8192 tokens for rid=bounded_on-measure_01-cold-7
[2026-09-29 09:07:21 TP4 EP4] [FlexKV] store prefix length aligned from 8194 to 8192 tokens for rid=bounded_on-measure_01-cold-7
[2026-09-29 09:07:21 TP0 EP0] [FlexKV] store prefix length aligned from 8194 to 8192 tokens for rid=bounded_on-measure_01-cold-7
[2026-09-29 09:07:21 TP3 EP3] [FlexKV] store prefix length aligned from 8194 to 8192 tokens for rid=bounded_on-measure_01-cold-7
[2026-09-29 09:07:21 TP7 EP7] [FlexKV] store prefix length aligned from 8194 to 8192 tokens for rid=bounded_on-measure_01-cold-7
[2026-09-29 09:07:21 TP6 EP6] [FlexKV] store prefix length aligned from 8194 to 8192 tokens for rid=bounded_on-measure_01-cold-7
[FLEXKV] INFO 09-29 09:07:21.453 [cache_engine.py:2605] [FlexKV-SEGV-DEBUG] cache_engine create D2H op (local_put) request_id=97, op_id=39, graph_id=139, dp_client_id=0, fragment12_num_blocks=32, fragment2_num_blocks=0, gpu_src: count=32, min=0, max=0, dtype=int64, cpu_dst: count=32, min=736, max=767, dtype=int64
[2026-09-29 09:07:21 TP0 EP0] [INFO][FlexKV-SGLang] operation=store act=launch status=running direction=D2H sglang_req_id="bounded_on-measure_01-cold-7" flexkv_task_id=97 mode=no-layerwise tokens=8192 slots=8192 swa_slots=0
[FLEXKV] INFO 09-29 09:07:21.455 [runtime.py:577] [FlexKV-IO] operation=transfer act=complete status=success direction=D2H blocks=32 op_id=39 graph_id=139 mode=no-layerwise data_size=0.00679016GB transfer_time=0.0008s bandwidth=9.47GB/s
[FLEXKV] INFO 09-29 09:07:21.457 [kvtask.py:300] [FlexKV-IO] operation=put act=complete status=success flexkv_task_id=97 graph_id=139 task_time=0.0035s
[2026-09-29 09:07:21 TP0 EP0] [INFO][FlexKV-SGLang] operation=store act=complete status=success direction=D2H sglang_req_id="bounded_on-measure_01-cold-7" flexkv_task_id=97 mode=no-layerwise store_time=0.0043s
[2026-09-29 09:07:21] INFO:     127.0.0.1:51432 - "GET /metrics HTTP/1.1" 200 OK
