[2026-09-29 08:39:39] INFO:     127.0.0.1:51762 - "POST /generate HTTP/1.1" 200 OK
[2026-09-29 08:39:39 TP4 EP4] [FlexKV] sglang startprefetch: request=bounded_off-measure_08-cold-0
[2026-09-29 08:39:39 TP2 EP2] [FlexKV] sglang startprefetch: request=bounded_off-measure_08-cold-0
[2026-09-29 08:39:39 TP0 EP0] [FlexKV] sglang startprefetch: request=bounded_off-measure_08-cold-0
[2026-09-29 08:39:39 TP4 EP4] [FlexKV] sglang startprefetch: request=bounded_off-measure_08-cold-1
[2026-09-29 08:39:39 TP2 EP2] [FlexKV] sglang startprefetch: request=bounded_off-measure_08-cold-1
[2026-09-29 08:39:39 TP0 EP0] [FlexKV] sglang startprefetch: request=bounded_off-measure_08-cold-1
[2026-09-29 08:39:39 TP4 EP4] [FlexKV] sglang startprefetch: request=bounded_off-measure_08-cold-2
[2026-09-29 08:39:39 TP2 EP2] [FlexKV] sglang startprefetch: request=bounded_off-measure_08-cold-2
[2026-09-29 08:39:39 TP6 EP6] [FlexKV] sglang startprefetch: request=bounded_off-measure_08-cold-0
[2026-09-29 08:39:39 TP0 EP0] [FlexKV] sglang startprefetch: request=bounded_off-measure_08-cold-2
[2026-09-29 08:39:39 TP2 EP2] [FlexKV] sglang startprefetch: request=bounded_off-measure_08-cold-3
[2026-09-29 08:39:39 TP4 EP4] [FlexKV] sglang startprefetch: request=bounded_off-measure_08-cold-3
[2026-09-29 08:39:39 TP0 EP0] [FlexKV] sglang startprefetch: request=bounded_off-measure_08-cold-3
[2026-09-29 08:39:39 TP6 EP6] [FlexKV] sglang startprefetch: request=bounded_off-measure_08-cold-1
[2026-09-29 08:39:39 TP2 EP2] [FlexKV] sglang startprefetch: request=bounded_off-measure_08-cold-4
[2026-09-29 08:39:39 TP4 EP4] [FlexKV] sglang startprefetch: request=bounded_off-measure_08-cold-4
[2026-09-29 08:39:39 TP0 EP0] [FlexKV] sglang startprefetch: request=bounded_off-measure_08-cold-4
[2026-09-29 08:39:39 TP6 EP6] [FlexKV] sglang startprefetch: request=bounded_off-measure_08-cold-2
[2026-09-29 08:39:39 TP2 EP2] [FlexKV] sglang startprefetch: request=bounded_off-measure_08-cold-5
[2026-09-29 08:39:39 TP4 EP4] [FlexKV] sglang startprefetch: request=bounded_off-measure_08-cold-5
[2026-09-29 08:39:39 TP1 EP1] [FlexKV] sglang startprefetch: request=bounded_off-measure_08-cold-0
[2026-09-29 08:39:39 TP0 EP0] [FlexKV] sglang startprefetch: request=bounded_off-measure_08-cold-5
[2026-09-29 08:39:39 TP2 EP2] [FlexKV] sglang startprefetch: request=bounded_off-measure_08-cold-6
[2026-09-29 08:39:39 TP4 EP4] [FlexKV] sglang startprefetch: request=bounded_off-measure_08-cold-6
[2026-09-29 08:39:39 TP6 EP6] [FlexKV] sglang startprefetch: request=bounded_off-measure_08-cold-3
[2026-09-29 08:39:39 TP5 EP5] [FlexKV] sglang startprefetch: request=bounded_off-measure_08-cold-0
[2026-09-29 08:39:39 TP0 EP0] [FlexKV] sglang startprefetch: request=bounded_off-measure_08-cold-6
[2026-09-29 08:39:39 TP1 EP1] [FlexKV] sglang startprefetch: request=bounded_off-measure_08-cold-1
[2026-09-29 08:39:39 TP4 EP4] [FlexKV] sglang startprefetch: request=bounded_off-measure_08-cold-7
[2026-09-29 08:39:39 TP2 EP2] [FlexKV] sglang startprefetch: request=bounded_off-measure_08-cold-7
[2026-09-29 08:39:39 TP6 EP6] [FlexKV] sglang startprefetch: request=bounded_off-measure_08-cold-4
[2026-09-29 08:39:39 TP0 EP0] [FlexKV] sglang startprefetch: request=bounded_off-measure_08-cold-7
[2026-09-29 08:39:39 TP3 EP3] [FlexKV] sglang startprefetch: request=bounded_off-measure_08-cold-0
[2026-09-29 08:39:39 TP1 EP1] [FlexKV] sglang startprefetch: request=bounded_off-measure_08-cold-2
[2026-09-29 08:39:39 TP5 EP5] [FlexKV] sglang startprefetch: request=bounded_off-measure_08-cold-1
[2026-09-29 08:39:39 TP6 EP6] [FlexKV] sglang startprefetch: request=bounded_off-measure_08-cold-5
[2026-09-29 08:39:39 TP1 EP1] [FlexKV] sglang startprefetch: request=bounded_off-measure_08-cold-3
[2026-09-29 08:39:39 TP6 EP6] [FlexKV] sglang startprefetch: request=bounded_off-measure_08-cold-6
[2026-09-29 08:39:39 TP5 EP5] [FlexKV] sglang startprefetch: request=bounded_off-measure_08-cold-2
[2026-09-29 08:39:39 TP3 EP3] [FlexKV] sglang startprefetch: request=bounded_off-measure_08-cold-1
[2026-09-29 08:39:39 TP1 EP1] [FlexKV] sglang startprefetch: request=bounded_off-measure_08-cold-4
[2026-09-29 08:39:39 TP6 EP6] [FlexKV] sglang startprefetch: request=bounded_off-measure_08-cold-7
[2026-09-29 08:39:39 TP5 EP5] [FlexKV] sglang startprefetch: request=bounded_off-measure_08-cold-3
[2026-09-29 08:39:39 TP3 EP3] [FlexKV] sglang startprefetch: request=bounded_off-measure_08-cold-2
[2026-09-29 08:39:39 TP7 EP7] [FlexKV] sglang startprefetch: request=bounded_off-measure_08-cold-0
[2026-09-29 08:39:39 TP1 EP1] [FlexKV] sglang startprefetch: request=bounded_off-measure_08-cold-5
[2026-09-29 08:39:39 TP3 EP3] [FlexKV] sglang startprefetch: request=bounded_off-measure_08-cold-3
[2026-09-29 08:39:39 TP5 EP5] [FlexKV] sglang startprefetch: request=bounded_off-measure_08-cold-4
[2026-09-29 08:39:39 TP1 EP1] [FlexKV] sglang startprefetch: request=bounded_off-measure_08-cold-6
[2026-09-29 08:39:39 TP7 EP7] [FlexKV] sglang startprefetch: request=bounded_off-measure_08-cold-1
[2026-09-29 08:39:39 TP3 EP3] [FlexKV] sglang startprefetch: request=bounded_off-measure_08-cold-4
[2026-09-29 08:39:39 TP5 EP5] [FlexKV] sglang startprefetch: request=bounded_off-measure_08-cold-5
[2026-09-29 08:39:39 TP1 EP1] [FlexKV] sglang startprefetch: request=bounded_off-measure_08-cold-7
[2026-09-29 08:39:39 TP7 EP7] [FlexKV] sglang startprefetch: request=bounded_off-measure_08-cold-2
[2026-09-29 08:39:39 TP3 EP3] [FlexKV] sglang startprefetch: request=bounded_off-measure_08-cold-5
[2026-09-29 08:39:39 TP5 EP5] [FlexKV] sglang startprefetch: request=bounded_off-measure_08-cold-6
[2026-09-29 08:39:39 TP5 EP5] [FlexKV] sglang startprefetch: request=bounded_off-measure_08-cold-7
[2026-09-29 08:39:39 TP7 EP7] [FlexKV] sglang startprefetch: request=bounded_off-measure_08-cold-3
[2026-09-29 08:39:39 TP3 EP3] [FlexKV] sglang startprefetch: request=bounded_off-measure_08-cold-6
[2026-09-29 08:39:39 TP3 EP3] [FlexKV] sglang startprefetch: request=bounded_off-measure_08-cold-7
[2026-09-29 08:39:39 TP7 EP7] [FlexKV] sglang startprefetch: request=bounded_off-measure_08-cold-4
[2026-09-29 08:39:39 TP0 EP0] [INFO][FlexKV-SGLang] operation=lookup act=complete status=miss sglang_req_id="bounded_off-measure_08-cold-0" flexkv_task_id=682 tokens=7936 hit_tokens=0 hit_blocks=0 lookup_time=0.0004s
[2026-09-29 08:39:39 TP7 EP7] [FlexKV] sglang startprefetch: request=bounded_off-measure_08-cold-5
[2026-09-29 08:39:39 TP7 EP7] [FlexKV] sglang startprefetch: request=bounded_off-measure_08-cold-6
[2026-09-29 08:39:39 TP7 EP7] [FlexKV] sglang startprefetch: request=bounded_off-measure_08-cold-7
[FLEXKV] INFO 09-29 08:39:39.449 [cache_engine.py:2605] [FlexKV-SEGV-DEBUG] cache_engine create D2H op (local_put) request_id=683, op_id=792, graph_id=838, dp_client_id=0, fragment12_num_blocks=31, fragment2_num_blocks=0, gpu_src: count=31, min=0, max=0, dtype=int64, cpu_dst: count=31, min=2816, max=2846, dtype=int64
[2026-09-29 08:39:39 TP0 EP0] [INFO][FlexKV-SGLang] operation=store act=launch status=running direction=D2H sglang_req_id="bounded_off-measure_08-cold-0" flexkv_task_id=683 mode=no-layerwise tokens=7936 slots=7936 swa_slots=512
[2026-09-29 08:39:39 TP0 EP0] [INFO][FlexKV-SGLang] operation=lookup act=complete status=miss sglang_req_id="bounded_off-measure_08-cold-1" flexkv_task_id=684 tokens=7936 hit_tokens=0 hit_blocks=0 lookup_time=0.0004s
[FLEXKV] INFO 09-29 08:39:39.452 [runtime.py:577] [FlexKV-IO] operation=transfer act=complete status=success direction=D2H blocks=31 op_id=528 graph_id=838 mode=no-layerwise data_size=0.00657797GB transfer_time=0.0007s bandwidth=9.82GB/s
[FLEXKV] INFO 09-29 08:39:39.453 [runtime.py:577] [FlexKV-IO] operation=transfer act=complete status=success direction=D2H blocks=1 op_id=529 graph_id=838 mode=no-layerwise data_size=0.00557899GB transfer_time=0.0008s bandwidth=7.83GB/s
[2026-09-29 08:39:39 TP0 EP0] Prefill batch, #new-seq: 1, #new-token: 7936, #cached-token: 0, #cached-device: 0, #cached-host: 0, #cached-storage: 0, actual-hit-rate: 0.000000, full token usage: 0.06, swa token usage: 0.01, #running-req: 0, #queue-req: 7, #pending-token: 57600, cuda graph: False, input throughput (token/s): 11361.97
[FLEXKV] INFO 09-29 08:39:39.590 [kvtask.py:300] [FlexKV-IO] operation=put act=complete status=success flexkv_task_id=683 graph_id=838 task_time=0.1405s
[2026-09-29 08:39:39 TP0 EP0] [INFO][FlexKV-SGLang] operation=store act=complete status=success direction=D2H sglang_req_id="bounded_off-measure_08-cold-0" flexkv_task_id=683 mode=no-layerwise store_time=0.1413s
[2026-09-29 08:39:39 TP0 EP0] [INFO][FlexKV-SGLang] operation=lookup act=complete status=miss sglang_req_id="bounded_off-measure_08-cold-1" flexkv_task_id=685 tokens=7936 hit_tokens=0 hit_blocks=0 lookup_time=0.0004s
[FLEXKV] INFO 09-29 08:39:39.732 [cache_engine.py:2605] [FlexKV-SEGV-DEBUG] cache_engine create D2H op (local_put) request_id=686, op_id=795, graph_id=843, dp_client_id=0, fragment12_num_blocks=1, fragment2_num_blocks=0, gpu_src: count=1, min=0, max=0, dtype=int64, cpu_dst: count=1, min=2847, max=2847, dtype=int64
[2026-09-29 08:39:39 TP0 EP0] [INFO][FlexKV-SGLang] operation=store act=launch status=running direction=D2H sglang_req_id="bounded_off-measure_08-cold-0" flexkv_task_id=686 mode=no-layerwise tokens=256 slots=256 swa_slots=256
[2026-09-29 08:39:39 TP0 EP0] Prefill batch, #new-seq: 1, #new-token: 256, #cached-token: 0, #cached-device: 0, #cached-host: 0, #cached-storage: 0, actual-hit-rate: 0.000000, full token usage: 0.12, swa token usage: 0.23, #running-req: 0, #queue-req: 6, #pending-token: 57344, cuda graph: False, input throughput (token/s): 1772.65
[FLEXKV] INFO 09-29 08:39:39.735 [runtime.py:577] [FlexKV-IO] operation=transfer act=complete status=success direction=D2H blocks=1 op_id=530 graph_id=843 mode=no-layerwise data_size=0.000212193GB transfer_time=0.0007s bandwidth=0.33GB/s
[FLEXKV] INFO 09-29 08:39:39.736 [runtime.py:577] [FlexKV-IO] operation=transfer act=complete status=success direction=D2H blocks=1 op_id=531 graph_id=843 mode=no-layerwise data_size=0.00557899GB transfer_time=0.0007s bandwidth=9.09GB/s
[FLEXKV] INFO 09-29 08:39:39.737 [cache_engine.py:2605] [FlexKV-SEGV-DEBUG] cache_engine create D2H op (local_put) request_id=687, op_id=798, graph_id=844, dp_client_id=0, fragment12_num_blocks=31, fragment2_num_blocks=0, gpu_src: count=31, min=0, max=0, dtype=int64, cpu_dst: count=31, min=2848, max=2878, dtype=int64
[2026-09-29 08:39:39 TP0 EP0] [INFO][FlexKV-SGLang] operation=store act=launch status=running direction=D2H sglang_req_id="bounded_off-measure_08-cold-1" flexkv_task_id=687 mode=no-layerwise tokens=7936 slots=7936 swa_slots=512
[FLEXKV] INFO 09-29 08:39:39.738 [kvtask.py:300] [FlexKV-IO] operation=put act=complete status=success flexkv_task_id=686 graph_id=843 task_time=0.0053s
[2026-09-29 08:39:39 TP0 EP0] [INFO][FlexKV-SGLang] operation=lookup act=complete status=miss sglang_req_id="bounded_off-measure_08-cold-2" flexkv_task_id=688 tokens=7936 hit_tokens=0 hit_blocks=0 lookup_time=0.0006s
[FLEXKV] INFO 09-29 08:39:39.739 [runtime.py:577] [FlexKV-IO] operation=transfer act=complete status=success direction=D2H blocks=31 op_id=532 graph_id=844 mode=no-layerwise data_size=0.00657797GB transfer_time=0.0007s bandwidth=9.50GB/s
[FLEXKV] INFO 09-29 08:39:39.740 [runtime.py:577] [FlexKV-IO] operation=transfer act=complete status=success direction=D2H blocks=1 op_id=533 graph_id=844 mode=no-layerwise data_size=0.00557899GB transfer_time=0.0006s bandwidth=9.44GB/s
[2026-09-29 08:39:39 TP0 EP0] Prefill batch, #new-seq: 1, #new-token: 7936, #cached-token: 0, #cached-device: 0, #cached-host: 0, #cached-storage: 0, actual-hit-rate: 0.000000, full token usage: 0.12, swa token usage: 0.02, #running-req: 1, #queue-req: 6, #pending-token: 49408, cuda graph: False, input throughput (token/s): 56737.97
[FLEXKV] INFO 09-29 08:39:39.874 [kvtask.py:300] [FlexKV-IO] operation=put act=complete status=success flexkv_task_id=687 graph_id=844 task_time=0.1376s
[2026-09-29 08:39:39 TP0 EP0] [INFO][FlexKV-SGLang] operation=store act=complete status=success direction=D2H sglang_req_id="bounded_off-measure_08-cold-0" flexkv_task_id=686 mode=no-layerwise store_time=0.1425s
[2026-09-29 08:39:39 TP0 EP0] [INFO][FlexKV-SGLang] operation=store act=complete status=success direction=D2H sglang_req_id="bounded_off-measure_08-cold-1" flexkv_task_id=687 mode=no-layerwise store_time=0.1385s
[2026-09-29 08:39:39 TP0 EP0] [INFO][FlexKV-SGLang] operation=lookup act=complete status=miss sglang_req_id="bounded_off-measure_08-cold-2" flexkv_task_id=689 tokens=7936 hit_tokens=0 hit_blocks=0 lookup_time=0.0004s
[FLEXKV] INFO 09-29 08:39:40.018 [cache_engine.py:2605] [FlexKV-SEGV-DEBUG] cache_engine create D2H op (local_put) request_id=690, op_id=801, graph_id=849, dp_client_id=0, fragment12_num_blocks=1, fragment2_num_blocks=0, gpu_src: count=1, min=0, max=0, dtype=int64, cpu_dst: count=1, min=2879, max=2879, dtype=int64
[2026-09-29 08:39:40 TP0 EP0] [INFO][FlexKV-SGLang] operation=store act=launch status=running direction=D2H sglang_req_id="bounded_off-measure_08-cold-1" flexkv_task_id=690 mode=no-layerwise tokens=256 slots=256 swa_slots=256
[2026-09-29 08:39:40 TP0 EP0] Prefill batch, #new-seq: 1, #new-token: 256, #cached-token: 0, #cached-device: 0, #cached-host: 0, #cached-storage: 0, actual-hit-rate: 0.000000, full token usage: 0.19, swa token usage: 0.24, #running-req: 1, #queue-req: 5, #pending-token: 49152, cuda graph: False, input throughput (token/s): 1759.54
[FLEXKV] INFO 09-29 08:39:40.020 [runtime.py:577] [FlexKV-IO] operation=transfer act=complete status=success direction=D2H blocks=1 op_id=534 graph_id=849 mode=no-layerwise data_size=0.000212193GB transfer_time=0.0008s bandwidth=0.29GB/s
[FLEXKV] INFO 09-29 08:39:40.021 [runtime.py:577] [FlexKV-IO] operation=transfer act=complete status=success direction=D2H blocks=1 op_id=535 graph_id=849 mode=no-layerwise data_size=0.00557899GB transfer_time=0.0007s bandwidth=8.97GB/s
[FLEXKV] INFO 09-29 08:39:40.022 [cache_engine.py:2605] [FlexKV-SEGV-DEBUG] cache_engine create D2H op (local_put) request_id=691, op_id=804, graph_id=850, dp_client_id=0, fragment12_num_blocks=31, fragment2_num_blocks=0, gpu_src: count=31, min=0, max=0, dtype=int64, cpu_dst: count=31, min=2880, max=2910, dtype=int64
[2026-09-29 08:39:40 TP0 EP0] [INFO][FlexKV-SGLang] operation=store act=launch status=running direction=D2H sglang_req_id="bounded_off-measure_08-cold-2" flexkv_task_id=691 mode=no-layerwise tokens=7936 slots=7936 swa_slots=512
[FLEXKV] INFO 09-29 08:39:40.024 [kvtask.py:300] [FlexKV-IO] operation=put act=complete status=success flexkv_task_id=690 graph_id=849 task_time=0.0057s
[2026-09-29 08:39:40 TP0 EP0] [INFO][FlexKV-SGLang] operation=lookup act=complete status=miss sglang_req_id="bounded_off-measure_08-cold-3" flexkv_task_id=692 tokens=7936 hit_tokens=0 hit_blocks=0 lookup_time=0.0006s
[FLEXKV] INFO 09-29 08:39:40.025 [runtime.py:577] [FlexKV-IO] operation=transfer act=complete status=success direction=D2H blocks=31 op_id=536 graph_id=850 mode=no-layerwise data_size=0.00657797GB transfer_time=0.0008s bandwidth=8.66GB/s
[FLEXKV] INFO 09-29 08:39:40.026 [runtime.py:577] [FlexKV-IO] operation=transfer act=complete status=success direction=D2H blocks=1 op_id=537 graph_id=850 mode=no-layerwise data_size=0.00557899GB transfer_time=0.0008s bandwidth=7.68GB/s
[2026-09-29 08:39:40 TP0 EP0] Prefill batch, #new-seq: 1, #new-token: 7936, #cached-token: 0, #cached-device: 0, #cached-host: 0, #cached-storage: 0, actual-hit-rate: 0.000000, full token usage: 0.19, swa token usage: 0.03, #running-req: 2, #queue-req: 5, #pending-token: 41216, cuda graph: False, input throughput (token/s): 57048.89
[FLEXKV] INFO 09-29 08:39:40.159 [kvtask.py:300] [FlexKV-IO] operation=put act=complete status=success flexkv_task_id=691 graph_id=850 task_time=0.1362s
[2026-09-29 08:39:40 TP0 EP0] [INFO][FlexKV-SGLang] operation=store act=complete status=success direction=D2H sglang_req_id="bounded_off-measure_08-cold-1" flexkv_task_id=690 mode=no-layerwise store_time=0.1415s
[2026-09-29 08:39:40 TP0 EP0] [INFO][FlexKV-SGLang] operation=store act=complete status=success direction=D2H sglang_req_id="bounded_off-measure_08-cold-2" flexkv_task_id=691 mode=no-layerwise store_time=0.1370s
[2026-09-29 08:39:40 TP0 EP0] [INFO][FlexKV-SGLang] operation=lookup act=complete status=miss sglang_req_id="bounded_off-measure_08-cold-3" flexkv_task_id=693 tokens=7936 hit_tokens=0 hit_blocks=0 lookup_time=0.0004s
[FLEXKV] INFO 09-29 08:39:40.301 [cache_engine.py:2605] [FlexKV-SEGV-DEBUG] cache_engine create D2H op (local_put) request_id=694, op_id=807, graph_id=855, dp_client_id=0, fragment12_num_blocks=1, fragment2_num_blocks=0, gpu_src: count=1, min=0, max=0, dtype=int64, cpu_dst: count=1, min=2911, max=2911, dtype=int64
[2026-09-29 08:39:40 TP0 EP0] [INFO][FlexKV-SGLang] operation=store act=launch status=running direction=D2H sglang_req_id="bounded_off-measure_08-cold-2" flexkv_task_id=694 mode=no-layerwise tokens=256 slots=256 swa_slots=256
[2026-09-29 08:39:40 TP0 EP0] Prefill batch, #new-seq: 1, #new-token: 256, #cached-token: 0, #cached-device: 0, #cached-host: 0, #cached-storage: 0, actual-hit-rate: 0.000000, full token usage: 0.25, swa token usage: 0.25, #running-req: 2, #queue-req: 4, #pending-token: 40960, cuda graph: False, input throughput (token/s): 1764.85
[FLEXKV] INFO 09-29 08:39:40.304 [runtime.py:577] [FlexKV-IO] operation=transfer act=complete status=success direction=D2H blocks=1 op_id=538 graph_id=855 mode=no-layerwise data_size=0.00557899GB transfer_time=0.0008s bandwidth=7.94GB/s
[FLEXKV] INFO 09-29 08:39:40.304 [runtime.py:577] [FlexKV-IO] operation=transfer act=complete status=success direction=D2H blocks=1 op_id=539 graph_id=855 mode=no-layerwise data_size=0.000212193GB transfer_time=0.0006s bandwidth=0.41GB/s
[FLEXKV] INFO 09-29 08:39:40.305 [cache_engine.py:2605] [FlexKV-SEGV-DEBUG] cache_engine create D2H op (local_put) request_id=695, op_id=810, graph_id=856, dp_client_id=0, fragment12_num_blocks=31, fragment2_num_blocks=0, gpu_src: count=31, min=0, max=0, dtype=int64, cpu_dst: count=31, min=2912, max=2942, dtype=int64
[2026-09-29 08:39:40 TP0 EP0] [INFO][FlexKV-SGLang] operation=store act=launch status=running direction=D2H sglang_req_id="bounded_off-measure_08-cold-3" flexkv_task_id=695 mode=no-layerwise tokens=7936 slots=7936 swa_slots=512
[FLEXKV] INFO 09-29 08:39:40.307 [kvtask.py:300] [FlexKV-IO] operation=put act=complete status=success flexkv_task_id=694 graph_id=855 task_time=0.0052s
[2026-09-29 08:39:40 TP0 EP0] [INFO][FlexKV-SGLang] operation=lookup act=complete status=miss sglang_req_id="bounded_off-measure_08-cold-4" flexkv_task_id=696 tokens=7936 hit_tokens=0 hit_blocks=0 lookup_time=0.0006s
[FLEXKV] INFO 09-29 08:39:40.308 [runtime.py:577] [FlexKV-IO] operation=transfer act=complete status=success direction=D2H blocks=31 op_id=540 graph_id=856 mode=no-layerwise data_size=0.00657797GB transfer_time=0.0008s bandwidth=8.99GB/s
[FLEXKV] INFO 09-29 08:39:40.309 [runtime.py:577] [FlexKV-IO] operation=transfer act=complete status=success direction=D2H blocks=1 op_id=541 graph_id=856 mode=no-layerwise data_size=0.00557899GB transfer_time=0.0008s bandwidth=7.91GB/s
[2026-09-29 08:39:40 TP0 EP0] Prefill batch, #new-seq: 1, #new-token: 7936, #cached-token: 0, #cached-device: 0, #cached-host: 0, #cached-storage: 0, actual-hit-rate: 0.000000, full token usage: 0.25, swa token usage: 0.04, #running-req: 3, #queue-req: 4, #pending-token: 33024, cuda graph: False, input throughput (token/s): 57226.08
[FLEXKV] INFO 09-29 08:39:40.442 [kvtask.py:300] [FlexKV-IO] operation=put act=complete status=success flexkv_task_id=695 graph_id=856 task_time=0.1369s
[2026-09-29 08:39:40 TP0 EP0] [INFO][FlexKV-SGLang] operation=store act=complete status=success direction=D2H sglang_req_id="bounded_off-measure_08-cold-2" flexkv_task_id=694 mode=no-layerwise store_time=0.1418s
[2026-09-29 08:39:40 TP0 EP0] [INFO][FlexKV-SGLang] operation=store act=complete status=success direction=D2H sglang_req_id="bounded_off-measure_08-cold-3" flexkv_task_id=695 mode=no-layerwise store_time=0.1377s
[2026-09-29 08:39:40 TP0 EP0] [INFO][FlexKV-SGLang] operation=lookup act=complete status=miss sglang_req_id="bounded_off-measure_08-cold-4" flexkv_task_id=697 tokens=7936 hit_tokens=0 hit_blocks=0 lookup_time=0.0004s
[FLEXKV] INFO 09-29 08:39:40.585 [cache_engine.py:2605] [FlexKV-SEGV-DEBUG] cache_engine create D2H op (local_put) request_id=698, op_id=813, graph_id=861, dp_client_id=0, fragment12_num_blocks=1, fragment2_num_blocks=0, gpu_src: count=1, min=0, max=0, dtype=int64, cpu_dst: count=1, min=2943, max=2943, dtype=int64
[2026-09-29 08:39:40 TP0 EP0] [INFO][FlexKV-SGLang] operation=store act=launch status=running direction=D2H sglang_req_id="bounded_off-measure_08-cold-3" flexkv_task_id=698 mode=no-layerwise tokens=256 slots=256 swa_slots=256
[2026-09-29 08:39:40 TP0 EP0] Prefill batch, #new-seq: 1, #new-token: 256, #cached-token: 0, #cached-device: 0, #cached-host: 0, #cached-storage: 0, actual-hit-rate: 0.000000, full token usage: 0.31, swa token usage: 0.26, #running-req: 3, #queue-req: 3, #pending-token: 32768, cuda graph: False, input throughput (token/s): 1770.22
[FLEXKV] INFO 09-29 08:39:40.588 [runtime.py:577] [FlexKV-IO] operation=transfer act=complete status=success direction=D2H blocks=1 op_id=542 graph_id=861 mode=no-layerwise data_size=0.000212193GB transfer_time=0.0006s bandwidth=0.37GB/s
[FLEXKV] INFO 09-29 08:39:40.588 [runtime.py:577] [FlexKV-IO] operation=transfer act=complete status=success direction=D2H blocks=1 op_id=543 graph_id=861 mode=no-layerwise data_size=0.00557899GB transfer_time=0.0006s bandwidth=10.40GB/s
[FLEXKV] INFO 09-29 08:39:40.590 [kvtask.py:300] [FlexKV-IO] operation=put act=complete status=success flexkv_task_id=698 graph_id=861 task_time=0.0045s
[FLEXKV] INFO 09-29 08:39:40.590 [cache_engine.py:2605] [FlexKV-SEGV-DEBUG] cache_engine create D2H op (local_put) request_id=699, op_id=816, graph_id=862, dp_client_id=0, fragment12_num_blocks=31, fragment2_num_blocks=0, gpu_src: count=31, min=0, max=0, dtype=int64, cpu_dst: count=31, min=2944, max=2974, dtype=int64
[2026-09-29 08:39:40 TP0 EP0] [INFO][FlexKV-SGLang] operation=store act=launch status=running direction=D2H sglang_req_id="bounded_off-measure_08-cold-4" flexkv_task_id=699 mode=no-layerwise tokens=7936 slots=7936 swa_slots=512
[2026-09-29 08:39:40 TP0 EP0] [INFO][FlexKV-SGLang] operation=lookup act=complete status=miss sglang_req_id="bounded_off-measure_08-cold-5" flexkv_task_id=700 tokens=7936 hit_tokens=0 hit_blocks=0 lookup_time=0.0004s
[FLEXKV] INFO 09-29 08:39:40.592 [runtime.py:577] [FlexKV-IO] operation=transfer act=complete status=success direction=D2H blocks=31 op_id=544 graph_id=862 mode=no-layerwise data_size=0.00657797GB transfer_time=0.0006s bandwidth=12.02GB/s
[FLEXKV] INFO 09-29 08:39:40.593 [runtime.py:577] [FlexKV-IO] operation=transfer act=complete status=success direction=D2H blocks=1 op_id=545 graph_id=862 mode=no-layerwise data_size=0.00557899GB transfer_time=0.0007s bandwidth=8.26GB/s
[2026-09-29 08:39:40 TP0 EP0] Prefill batch, #new-seq: 1, #new-token: 7936, #cached-token: 0, #cached-device: 0, #cached-host: 0, #cached-storage: 0, actual-hit-rate: 0.000000, full token usage: 0.31, swa token usage: 0.04, #running-req: 4, #queue-req: 3, #pending-token: 24832, cuda graph: False, input throughput (token/s): 57457.09
[FLEXKV] INFO 09-29 08:39:40.725 [kvtask.py:300] [FlexKV-IO] operation=put act=complete status=success flexkv_task_id=699 graph_id=862 task_time=0.1352s
[2026-09-29 08:39:40 TP0 EP0] [INFO][FlexKV-SGLang] operation=store act=complete status=success direction=D2H sglang_req_id="bounded_off-measure_08-cold-3" flexkv_task_id=698 mode=no-layerwise store_time=0.1408s
[2026-09-29 08:39:40 TP0 EP0] [INFO][FlexKV-SGLang] operation=store act=complete status=success direction=D2H sglang_req_id="bounded_off-measure_08-cold-4" flexkv_task_id=699 mode=no-layerwise store_time=0.1362s
[2026-09-29 08:39:40 TP0 EP0] [INFO][FlexKV-SGLang] operation=lookup act=complete status=miss sglang_req_id="bounded_off-measure_08-cold-5" flexkv_task_id=701 tokens=7936 hit_tokens=0 hit_blocks=0 lookup_time=0.0004s
[FLEXKV] INFO 09-29 08:39:40.868 [cache_engine.py:2605] [FlexKV-SEGV-DEBUG] cache_engine create D2H op (local_put) request_id=702, op_id=819, graph_id=867, dp_client_id=0, fragment12_num_blocks=1, fragment2_num_blocks=0, gpu_src: count=1, min=0, max=0, dtype=int64, cpu_dst: count=1, min=2975, max=2975, dtype=int64
[2026-09-29 08:39:40 TP0 EP0] [INFO][FlexKV-SGLang] operation=store act=launch status=running direction=D2H sglang_req_id="bounded_off-measure_08-cold-4" flexkv_task_id=702 mode=no-layerwise tokens=256 slots=256 swa_slots=256
[2026-09-29 08:39:40 TP0 EP0] Prefill batch, #new-seq: 1, #new-token: 256, #cached-token: 0, #cached-device: 0, #cached-host: 0, #cached-storage: 0, actual-hit-rate: 0.000000, full token usage: 0.37, swa token usage: 0.26, #running-req: 4, #queue-req: 2, #pending-token: 24576, cuda graph: False, input throughput (token/s): 1766.84
[FLEXKV] INFO 09-29 08:39:40.871 [runtime.py:577] [FlexKV-IO] operation=transfer act=complete status=success direction=D2H blocks=1 op_id=546 graph_id=867 mode=no-layerwise data_size=0.000212193GB transfer_time=0.0006s bandwidth=0.41GB/s
[FLEXKV] INFO 09-29 08:39:40.871 [runtime.py:577] [FlexKV-IO] operation=transfer act=complete status=success direction=D2H blocks=1 op_id=547 graph_id=867 mode=no-layerwise data_size=0.00557899GB transfer_time=0.0006s bandwidth=10.33GB/s
[FLEXKV] INFO 09-29 08:39:40.873 [kvtask.py:300] [FlexKV-IO] operation=put act=complete status=success flexkv_task_id=702 graph_id=867 task_time=0.0051s
[FLEXKV] INFO 09-29 08:39:40.874 [cache_engine.py:2605] [FlexKV-SEGV-DEBUG] cache_engine create D2H op (local_put) request_id=703, op_id=822, graph_id=868, dp_client_id=0, fragment12_num_blocks=31, fragment2_num_blocks=0, gpu_src: count=31, min=0, max=0, dtype=int64, cpu_dst: count=31, min=2976, max=3006, dtype=int64
[2026-09-29 08:39:40 TP0 EP0] [INFO][FlexKV-SGLang] operation=store act=launch status=running direction=D2H sglang_req_id="bounded_off-measure_08-cold-5" flexkv_task_id=703 mode=no-layerwise tokens=7936 slots=7936 swa_slots=512
[2026-09-29 08:39:40 TP0 EP0] [INFO][FlexKV-SGLang] operation=lookup act=complete status=miss sglang_req_id="bounded_off-measure_08-cold-6" flexkv_task_id=704 tokens=7936 hit_tokens=0 hit_blocks=0 lookup_time=0.0004s
[FLEXKV] INFO 09-29 08:39:40.876 [runtime.py:577] [FlexKV-IO] operation=transfer act=complete status=success direction=D2H blocks=31 op_id=548 graph_id=868 mode=no-layerwise data_size=0.00657797GB transfer_time=0.0007s bandwidth=9.65GB/s
[FLEXKV] INFO 09-29 08:39:40.877 [runtime.py:577] [FlexKV-IO] operation=transfer act=complete status=success direction=D2H blocks=1 op_id=549 graph_id=868 mode=no-layerwise data_size=0.00557899GB transfer_time=0.0006s bandwidth=9.40GB/s
[2026-09-29 08:39:41 TP0 EP0] Prefill batch, #new-seq: 1, #new-token: 7936, #cached-token: 0, #cached-device: 0, #cached-host: 0, #cached-storage: 0, actual-hit-rate: 0.000000, full token usage: 0.38, swa token usage: 0.05, #running-req: 5, #queue-req: 2, #pending-token: 16640, cuda graph: False, input throughput (token/s): 57144.68
[FLEXKV] INFO 09-29 08:39:41.009 [kvtask.py:300] [FlexKV-IO] operation=put act=complete status=success flexkv_task_id=703 graph_id=868 task_time=0.1354s
[2026-09-29 08:39:41 TP0 EP0] [INFO][FlexKV-SGLang] operation=store act=complete status=success direction=D2H sglang_req_id="bounded_off-measure_08-cold-4" flexkv_task_id=702 mode=no-layerwise store_time=0.1417s
[2026-09-29 08:39:41 TP0 EP0] [INFO][FlexKV-SGLang] operation=store act=complete status=success direction=D2H sglang_req_id="bounded_off-measure_08-cold-5" flexkv_task_id=703 mode=no-layerwise store_time=0.1364s
[2026-09-29 08:39:41 TP0 EP0] [INFO][FlexKV-SGLang] operation=lookup act=complete status=miss sglang_req_id="bounded_off-measure_08-cold-6" flexkv_task_id=705 tokens=7936 hit_tokens=0 hit_blocks=0 lookup_time=0.0004s
[FLEXKV] INFO 09-29 08:39:41.151 [cache_engine.py:2605] [FlexKV-SEGV-DEBUG] cache_engine create D2H op (local_put) request_id=706, op_id=825, graph_id=873, dp_client_id=0, fragment12_num_blocks=1, fragment2_num_blocks=0, gpu_src: count=1, min=0, max=0, dtype=int64, cpu_dst: count=1, min=3007, max=3007, dtype=int64
[2026-09-29 08:39:41 TP0 EP0] [INFO][FlexKV-SGLang] operation=store act=launch status=running direction=D2H sglang_req_id="bounded_off-measure_08-cold-5" flexkv_task_id=706 mode=no-layerwise tokens=256 slots=256 swa_slots=256
[2026-09-29 08:39:41 TP0 EP0] Prefill batch, #new-seq: 1, #new-token: 256, #cached-token: 0, #cached-device: 0, #cached-host: 0, #cached-storage: 0, actual-hit-rate: 0.000000, full token usage: 0.44, swa token usage: 0.27, #running-req: 5, #queue-req: 1, #pending-token: 16384, cuda graph: False, input throughput (token/s): 1777.24
[FLEXKV] INFO 09-29 08:39:41.153 [runtime.py:577] [FlexKV-IO] operation=transfer act=complete status=success direction=D2H blocks=1 op_id=550 graph_id=873 mode=no-layerwise data_size=0.000212193GB transfer_time=0.0005s bandwidth=0.42GB/s
[FLEXKV] INFO 09-29 08:39:41.154 [runtime.py:577] [FlexKV-IO] operation=transfer act=complete status=success direction=D2H blocks=1 op_id=551 graph_id=873 mode=no-layerwise data_size=0.00557899GB transfer_time=0.0005s bandwidth=11.21GB/s
[FLEXKV] INFO 09-29 08:39:41.155 [kvtask.py:300] [FlexKV-IO] operation=put act=complete status=success flexkv_task_id=706 graph_id=873 task_time=0.0042s
[FLEXKV] INFO 09-29 08:39:41.156 [cache_engine.py:2605] [FlexKV-SEGV-DEBUG] cache_engine create D2H op (local_put) request_id=707, op_id=828, graph_id=874, dp_client_id=0, fragment12_num_blocks=31, fragment2_num_blocks=0, gpu_src: count=31, min=0, max=0, dtype=int64, cpu_dst: count=31, min=3008, max=3038, dtype=int64
[2026-09-29 08:39:41 TP0 EP0] [INFO][FlexKV-SGLang] operation=store act=launch status=running direction=D2H sglang_req_id="bounded_off-measure_08-cold-6" flexkv_task_id=707 mode=no-layerwise tokens=7936 slots=7936 swa_slots=512
[FLEXKV] INFO 09-29 08:39:41.158 [runtime.py:577] [FlexKV-IO] operation=transfer act=complete status=success direction=D2H blocks=31 op_id=552 graph_id=874 mode=no-layerwise data_size=0.00657797GB transfer_time=0.0007s bandwidth=9.62GB/s
[FLEXKV] INFO 09-29 08:39:41.161 [runtime.py:577] [FlexKV-IO] operation=transfer act=complete status=success direction=D2H blocks=1 op_id=553 graph_id=874 mode=no-layerwise data_size=0.00557899GB transfer_time=0.0027s bandwidth=2.18GB/s
[2026-09-29 08:39:41 TP0 EP0] Prefill batch, #new-seq: 1, #new-token: 7936, #cached-token: 0, #cached-device: 0, #cached-host: 0, #cached-storage: 0, actual-hit-rate: 0.000000, full token usage: 0.44, swa token usage: 0.06, #running-req: 6, #queue-req: 1, #pending-token: 8448, cuda graph: False, input throughput (token/s): 57626.70
[FLEXKV] INFO 09-29 08:39:41.291 [kvtask.py:300] [FlexKV-IO] operation=put act=complete status=success flexkv_task_id=707 graph_id=874 task_time=0.1350s
[2026-09-29 08:39:41 TP0 EP0] [INFO][FlexKV-SGLang] operation=store act=complete status=success direction=D2H sglang_req_id="bounded_off-measure_08-cold-5" flexkv_task_id=706 mode=no-layerwise store_time=0.1403s
[2026-09-29 08:39:41 TP0 EP0] [INFO][FlexKV-SGLang] operation=store act=complete status=success direction=D2H sglang_req_id="bounded_off-measure_08-cold-6" flexkv_task_id=707 mode=no-layerwise store_time=0.1361s
[2026-09-29 08:39:41 TP0 EP0] [INFO][FlexKV-SGLang] operation=lookup act=complete status=miss sglang_req_id="bounded_off-measure_08-cold-7" flexkv_task_id=708 tokens=7936 hit_tokens=0 hit_blocks=0 lookup_time=0.0004s
[FLEXKV] INFO 09-29 08:39:41.433 [cache_engine.py:2605] [FlexKV-SEGV-DEBUG] cache_engine create D2H op (local_put) request_id=709, op_id=831, graph_id=877, dp_client_id=0, fragment12_num_blocks=1, fragment2_num_blocks=0, gpu_src: count=1, min=0, max=0, dtype=int64, cpu_dst: count=1, min=3039, max=3039, dtype=int64
[2026-09-29 08:39:41 TP0 EP0] [INFO][FlexKV-SGLang] operation=store act=launch status=running direction=D2H sglang_req_id="bounded_off-measure_08-cold-6" flexkv_task_id=709 mode=no-layerwise tokens=256 slots=256 swa_slots=256
[2026-09-29 08:39:41 TP0 EP0] Prefill batch, #new-seq: 1, #new-token: 256, #cached-token: 0, #cached-device: 0, #cached-host: 0, #cached-storage: 0, actual-hit-rate: 0.000000, full token usage: 0.50, swa token usage: 0.28, #running-req: 6, #queue-req: 0, #pending-token: 8192, cuda graph: False, input throughput (token/s): 1771.76
[FLEXKV] INFO 09-29 08:39:41.436 [runtime.py:577] [FlexKV-IO] operation=transfer act=complete status=success direction=D2H blocks=1 op_id=554 graph_id=877 mode=no-layerwise data_size=0.00557899GB transfer_time=0.0008s bandwidth=7.83GB/s
[FLEXKV] INFO 09-29 08:39:41.437 [runtime.py:577] [FlexKV-IO] operation=transfer act=complete status=success direction=D2H blocks=1 op_id=555 graph_id=877 mode=no-layerwise data_size=0.000212193GB transfer_time=0.0006s bandwidth=0.39GB/s
[FLEXKV] INFO 09-29 08:39:41.438 [cache_engine.py:2605] [FlexKV-SEGV-DEBUG] cache_engine create D2H op (local_put) request_id=710, op_id=834, graph_id=878, dp_client_id=0, fragment12_num_blocks=31, fragment2_num_blocks=0, gpu_src: count=31, min=0, max=0, dtype=int64, cpu_dst: count=31, min=3040, max=3070, dtype=int64
[2026-09-29 08:39:41 TP0 EP0] [INFO][FlexKV-SGLang] operation=store act=launch status=running direction=D2H sglang_req_id="bounded_off-measure_08-cold-7" flexkv_task_id=710 mode=no-layerwise tokens=7936 slots=7936 swa_slots=512
[FLEXKV] INFO 09-29 08:39:41.440 [runtime.py:577] [FlexKV-IO] operation=transfer act=complete status=success direction=D2H blocks=31 op_id=556 graph_id=878 mode=no-layerwise data_size=0.00657797GB transfer_time=0.0007s bandwidth=10.21GB/s
[FLEXKV] INFO 09-29 08:39:41.442 [runtime.py:577] [FlexKV-IO] operation=transfer act=complete status=success direction=D2H blocks=1 op_id=557 graph_id=878 mode=no-layerwise data_size=0.00557899GB transfer_time=0.0022s bandwidth=2.77GB/s
[2026-09-29 08:39:41 TP0 EP0] Prefill batch, #new-seq: 1, #new-token: 7936, #cached-token: 0, #cached-device: 0, #cached-host: 0, #cached-storage: 0, actual-hit-rate: 0.000000, full token usage: 0.50, swa token usage: 0.07, #running-req: 7, #queue-req: 0, #pending-token: 256, cuda graph: False, input throughput (token/s): 58016.81
[FLEXKV] INFO 09-29 08:39:41.572 [kvtask.py:300] [FlexKV-IO] operation=put act=complete status=success flexkv_task_id=709 graph_id=877 task_time=0.1388s
[FLEXKV] INFO 09-29 08:39:41.572 [kvtask.py:300] [FlexKV-IO] operation=put act=complete status=success flexkv_task_id=710 graph_id=878 task_time=0.1347s
[2026-09-29 08:39:41 TP0 EP0] [INFO][FlexKV-SGLang] operation=store act=complete status=success direction=D2H sglang_req_id="bounded_off-measure_08-cold-6" flexkv_task_id=709 mode=no-layerwise store_time=0.1397s
[2026-09-29 08:39:41 TP0 EP0] [INFO][FlexKV-SGLang] operation=store act=complete status=success direction=D2H sglang_req_id="bounded_off-measure_08-cold-7" flexkv_task_id=710 mode=no-layerwise store_time=0.1356s
[FLEXKV] INFO 09-29 08:39:41.688 [cache_engine.py:2605] [FlexKV-SEGV-DEBUG] cache_engine create D2H op (local_put) request_id=711, op_id=837, graph_id=879, dp_client_id=0, fragment12_num_blocks=1, fragment2_num_blocks=0, gpu_src: count=1, min=0, max=0, dtype=int64, cpu_dst: count=1, min=3071, max=3071, dtype=int64
[2026-09-29 08:39:41 TP0 EP0] [INFO][FlexKV-SGLang] operation=store act=launch status=running direction=D2H sglang_req_id="bounded_off-measure_08-cold-7" flexkv_task_id=711 mode=no-layerwise tokens=256 slots=256 swa_slots=256
[2026-09-29 08:39:41 TP0 EP0] Prefill batch, #new-seq: 1, #new-token: 256, #cached-token: 0, #cached-device: 0, #cached-host: 0, #cached-storage: 0, actual-hit-rate: 0.000000, full token usage: 0.52, swa token usage: 0.12, #running-req: 7, #queue-req: 0, #pending-token: 0, cuda graph: False, input throughput (token/s): 2152.41
[FLEXKV] INFO 09-29 08:39:41.691 [runtime.py:577] [FlexKV-IO] operation=transfer act=complete status=success direction=D2H blocks=1 op_id=558 graph_id=879 mode=no-layerwise data_size=0.000212193GB transfer_time=0.0008s bandwidth=0.28GB/s
[FLEXKV] INFO 09-29 08:39:41.692 [runtime.py:577] [FlexKV-IO] operation=transfer act=complete status=success direction=D2H blocks=1 op_id=559 graph_id=879 mode=no-layerwise data_size=0.00557899GB transfer_time=0.0008s bandwidth=7.50GB/s
[FLEXKV] INFO 09-29 08:39:41.806 [kvtask.py:300] [FlexKV-IO] operation=put act=complete status=success flexkv_task_id=711 graph_id=879 task_time=0.1179s
[2026-09-29 08:39:41 TP0 EP0] [INFO][FlexKV-SGLang] operation=store act=complete status=skipped direction=D2H sglang_req_id="bounded_off-measure_08-cold-0" flexkv_task_id=712 reason=already_cached tokens=0 store_time=0.0006s
[2026-09-29 08:39:41 TP0 EP0] [INFO][FlexKV-SGLang] operation=store act=complete status=skipped direction=D2H sglang_req_id="bounded_off-measure_08-cold-1" flexkv_task_id=713 reason=already_cached tokens=0 store_time=0.0004s
[2026-09-29 08:39:41 TP0 EP0] [INFO][FlexKV-SGLang] operation=store act=complete status=skipped direction=D2H sglang_req_id="bounded_off-measure_08-cold-2" flexkv_task_id=714 reason=already_cached tokens=0 store_time=0.0004s
[2026-09-29 08:39:41 TP0 EP0] [INFO][FlexKV-SGLang] operation=store act=complete status=skipped direction=D2H sglang_req_id="bounded_off-measure_08-cold-3" flexkv_task_id=715 reason=already_cached tokens=0 store_time=0.0004s
[2026-09-29 08:39:41 TP0 EP0] [INFO][FlexKV-SGLang] operation=store act=complete status=skipped direction=D2H sglang_req_id="bounded_off-measure_08-cold-4" flexkv_task_id=716 reason=already_cached tokens=0 store_time=0.0004s
[2026-09-29 08:39:41 TP0 EP0] [INFO][FlexKV-SGLang] operation=store act=complete status=skipped direction=D2H sglang_req_id="bounded_off-measure_08-cold-5" flexkv_task_id=717 reason=already_cached tokens=0 store_time=0.0004s
[2026-09-29 08:39:41 TP0 EP0] [INFO][FlexKV-SGLang] operation=store act=complete status=skipped direction=D2H sglang_req_id="bounded_off-measure_08-cold-6" flexkv_task_id=718 reason=already_cached tokens=0 store_time=0.0004s
[2026-09-29 08:39:41 TP0 EP0] [INFO][FlexKV-SGLang] operation=store act=complete status=skipped direction=D2H sglang_req_id="bounded_off-measure_08-cold-7" flexkv_task_id=719 reason=already_cached tokens=0 store_time=0.0004s
[2026-09-29 08:39:41 TP0 EP0] [INFO][FlexKV-SGLang] operation=store act=complete status=success direction=D2H sglang_req_id="bounded_off-measure_08-cold-7" flexkv_task_id=711 mode=no-layerwise store_time=0.1359s
[2026-09-29 08:39:41] INFO:     127.0.0.1:51762 - "GET /metrics HTTP/1.1" 200 OK
