Saved environment and source fingerprints to /root/swa_replay_perf/results/environment
{"pid": 30362, "create_time": 1790668006.19, "mode": "bounded_on", "run_directory": "/root/swa_replay_perf/results/01_bounded_on", "base_url": "http://127.0.0.1:30180"}
Server is ready; configuration saved to /root/swa_replay_perf/results/01_bounded_on/server_info.json
bounded_on warmup_00: cold=2.0875s replay=2.1328s batch_ttft=1.9819s effective_input=30727.5 token/s cached=[7936, 7936, 7936, 7936, 7936, 7936, 7936, 7936] replay_tokens=1024 output_equal=True
bounded_on warmup_01: cold=1.7693s replay=1.7029s batch_ttft=1.5517s effective_input=38485.9 token/s cached=[7936, 7936, 7936, 7936, 7936, 7936, 7936, 7936] replay_tokens=1024 output_equal=True
bounded_on warmup_02: cold=1.7744s replay=1.7058s batch_ttft=1.5549s effective_input=38420.5 token/s cached=[7936, 7936, 7936, 7936, 7936, 7936, 7936, 7936] replay_tokens=1024 output_equal=True
bounded_on measure_00: cold=1.7704s replay=1.7014s batch_ttft=1.5506s effective_input=38518.7 token/s cached=[7936, 7936, 7936, 7936, 7936, 7936, 7936, 7936] replay_tokens=1024 output_equal=True
bounded_on measure_01: cold=1.7736s replay=1.7024s batch_ttft=1.5523s effective_input=38496.5 token/s cached=[7936, 7936, 7936, 7936, 7936, 7936, 7936, 7936] replay_tokens=1024 output_equal=True
bounded_on measure_02: cold=1.7706s replay=1.7041s batch_ttft=1.5534s effective_input=38457.5 token/s cached=[7936, 7936, 7936, 7936, 7936, 7936, 7936, 7936] replay_tokens=1024 output_equal=True
bounded_on measure_03: cold=1.7709s replay=1.7006s batch_ttft=1.5501s effective_input=38537.3 token/s cached=[7936, 7936, 7936, 7936, 7936, 7936, 7936, 7936] replay_tokens=1024 output_equal=True
bounded_on measure_04: cold=1.7713s replay=1.6991s batch_ttft=1.5491s effective_input=38571.6 token/s cached=[7936, 7936, 7936, 7936, 7936, 7936, 7936, 7936] replay_tokens=1024 output_equal=True
bounded_on measure_05: cold=1.7727s replay=1.7049s batch_ttft=1.5548s effective_input=38440.9 token/s cached=[7936, 7936, 7936, 7936, 7936, 7936, 7936, 7936] replay_tokens=1024 output_equal=True
bounded_on measure_06: cold=1.7753s replay=1.7084s batch_ttft=1.5566s effective_input=38361.8 token/s cached=[7936, 7936, 7936, 7936, 7936, 7936, 7936, 7936] replay_tokens=1024 output_equal=True
bounded_on measure_07: cold=1.7737s replay=1.7032s batch_ttft=1.5534s effective_input=38477.2 token/s cached=[7936, 7936, 7936, 7936, 7936, 7936, 7936, 7936] replay_tokens=1024 output_equal=True
bounded_on measure_08: cold=1.7741s replay=1.7023s batch_ttft=1.5524s effective_input=38498.8 token/s cached=[7936, 7936, 7936, 7936, 7936, 7936, 7936, 7936] replay_tokens=1024 output_equal=True
bounded_on measure_09: cold=1.7726s replay=1.7052s batch_ttft=1.5545s effective_input=38433.3 token/s cached=[7936, 7936, 7936, 7936, 7936, 7936, 7936, 7936] replay_tokens=1024 output_equal=True
{
  "measured_pairs": 10,
  "total_replay_seconds": 17.031502139,
  "mean_replay_seconds": 1.7031502139,
  "median_replay_seconds": 1.7028150874999999,
  "aggregate_logical_input_tokens_per_second": 38479.28354477365,
  "aggregate_requests_per_second": 4.697178167086627,
  "mean_batch_first_token_seconds": 1.5527120586,
  "aggregate_prefill_logical_input_tokens_per_second": 42207.43932335427,
  "all_cold_replay_output_ids_equal": true,
  "all_semantically_correct": true
}
Stopped the experiment server and its workers.
{"pid": 34502, "create_time": 1790668163.06, "mode": "bounded_off", "run_directory": "/root/swa_replay_perf/results/02_bounded_off", "base_url": "http://127.0.0.1:30180"}
Server is ready; configuration saved to /root/swa_replay_perf/results/02_bounded_off/server_info.json
bounded_off warmup_00: cold=1.6886s replay=0.7430s batch_ttft=0.6263s effective_input=88199.6 token/s cached=[7936, 7936, 7936, 7936, 7936, 7936, 7936, 7936] replay_tokens=0 output_equal=True
bounded_off warmup_01: cold=1.3774s replay=0.3918s batch_ttft=0.2764s effective_input=167261.4 token/s cached=[7936, 7936, 7936, 7936, 7936, 7936, 7936, 7936] replay_tokens=0 output_equal=True
bounded_off warmup_02: cold=1.3735s replay=0.3896s batch_ttft=0.2744s effective_input=168227.4 token/s cached=[7936, 7936, 7936, 7936, 7936, 7936, 7936, 7936] replay_tokens=0 output_equal=True
bounded_off measure_00: cold=1.3740s replay=0.3881s batch_ttft=0.2730s effective_input=168861.9 token/s cached=[7936, 7936, 7936, 7936, 7936, 7936, 7936, 7936] replay_tokens=0 output_equal=True
bounded_off measure_01: cold=1.3744s replay=0.3889s batch_ttft=0.2737s effective_input=168520.7 token/s cached=[7936, 7936, 7936, 7936, 7936, 7936, 7936, 7936] replay_tokens=0 output_equal=True
bounded_off measure_02: cold=1.3753s replay=0.3903s batch_ttft=0.2744s effective_input=167929.0 token/s cached=[7936, 7936, 7936, 7936, 7936, 7936, 7936, 7936] replay_tokens=0 output_equal=True
bounded_off measure_03: cold=1.3771s replay=0.3899s batch_ttft=0.2747s effective_input=168081.6 token/s cached=[7936, 7936, 7936, 7936, 7936, 7936, 7936, 7936] replay_tokens=0 output_equal=True
bounded_off measure_04: cold=1.3757s replay=0.3896s batch_ttft=0.2744s effective_input=168199.8 token/s cached=[7936, 7936, 7936, 7936, 7936, 7936, 7936, 7936] replay_tokens=0 output_equal=True
bounded_off measure_05: cold=1.3744s replay=0.3869s batch_ttft=0.2712s effective_input=169395.3 token/s cached=[7936, 7936, 7936, 7936, 7936, 7936, 7936, 7936] replay_tokens=0 output_equal=True
bounded_off measure_06: cold=1.3719s replay=0.3893s batch_ttft=0.2733s effective_input=168358.2 token/s cached=[7936, 7936, 7936, 7936, 7936, 7936, 7936, 7936] replay_tokens=0 output_equal=True
bounded_off measure_07: cold=1.3799s replay=0.3894s batch_ttft=0.2741s effective_input=168289.2 token/s cached=[7936, 7936, 7936, 7936, 7936, 7936, 7936, 7936] replay_tokens=0 output_equal=True
bounded_off measure_08: cold=1.3779s replay=0.3877s batch_ttft=0.2722s effective_input=169029.2 token/s cached=[7936, 7936, 7936, 7936, 7936, 7936, 7936, 7936] replay_tokens=0 output_equal=True
bounded_off measure_09: cold=1.3788s replay=0.3881s batch_ttft=0.2723s effective_input=168874.7 token/s cached=[7936, 7936, 7936, 7936, 7936, 7936, 7936, 7936] replay_tokens=0 output_equal=True
{
  "measured_pairs": 10,
  "total_replay_seconds": 3.888158469,
  "mean_replay_seconds": 0.3888158469,
  "median_replay_seconds": 0.389077509,
  "aggregate_logical_input_tokens_per_second": 168552.80082464148,
  "aggregate_requests_per_second": 20.575293069414244,
  "mean_batch_first_token_seconds": 0.2733351697,
  "aggregate_prefill_logical_input_tokens_per_second": 239764.2428229389,
  "all_cold_replay_output_ids_equal": true,
  "all_semantically_correct": true
}
Stopped the experiment server and its workers.
{"pid": 38158, "create_time": 1790668296.8, "mode": "bounded_off", "run_directory": "/root/swa_replay_perf/results/03_bounded_off", "base_url": "http://127.0.0.1:30180"}
Server is ready; configuration saved to /root/swa_replay_perf/results/03_bounded_off/server_info.json
bounded_off warmup_00: cold=1.6877s replay=0.7410s batch_ttft=0.6242s effective_input=88439.5 token/s cached=[7936, 7936, 7936, 7936, 7936, 7936, 7936, 7936] replay_tokens=0 output_equal=True
bounded_off warmup_01: cold=1.3971s replay=0.3912s batch_ttft=0.2758s effective_input=167532.1 token/s cached=[7936, 7936, 7936, 7936, 7936, 7936, 7936, 7936] replay_tokens=0 output_equal=True
bounded_off warmup_02: cold=1.4071s replay=0.3899s batch_ttft=0.2742s effective_input=168067.4 token/s cached=[7936, 7936, 7936, 7936, 7936, 7936, 7936, 7936] replay_tokens=0 output_equal=True
bounded_off measure_00: cold=1.4008s replay=0.3883s batch_ttft=0.2720s effective_input=168760.2 token/s cached=[7936, 7936, 7936, 7936, 7936, 7936, 7936, 7936] replay_tokens=0 output_equal=True
bounded_off measure_01: cold=1.4114s replay=0.3904s batch_ttft=0.2742s effective_input=167867.1 token/s cached=[7936, 7936, 7936, 7936, 7936, 7936, 7936, 7936] replay_tokens=0 output_equal=True
bounded_off measure_02: cold=1.3899s replay=0.3884s batch_ttft=0.2731s effective_input=168730.5 token/s cached=[7936, 7936, 7936, 7936, 7936, 7936, 7936, 7936] replay_tokens=0 output_equal=True
bounded_off measure_03: cold=1.3713s replay=0.3883s batch_ttft=0.2730s effective_input=168780.1 token/s cached=[7936, 7936, 7936, 7936, 7936, 7936, 7936, 7936] replay_tokens=0 output_equal=True
bounded_off measure_04: cold=1.3797s replay=0.3881s batch_ttft=0.2731s effective_input=168884.6 token/s cached=[7936, 7936, 7936, 7936, 7936, 7936, 7936, 7936] replay_tokens=0 output_equal=True
bounded_off measure_05: cold=1.3771s replay=0.3877s batch_ttft=0.2727s effective_input=169054.3 token/s cached=[7936, 7936, 7936, 7936, 7936, 7936, 7936, 7936] replay_tokens=0 output_equal=True
bounded_off measure_06: cold=1.3779s replay=0.3900s batch_ttft=0.2747s effective_input=168021.8 token/s cached=[7936, 7936, 7936, 7936, 7936, 7936, 7936, 7936] replay_tokens=0 output_equal=True
bounded_off measure_07: cold=1.3771s replay=0.3882s batch_ttft=0.2731s effective_input=168816.1 token/s cached=[7936, 7936, 7936, 7936, 7936, 7936, 7936, 7936] replay_tokens=0 output_equal=True
bounded_off measure_08: cold=1.3764s replay=0.3879s batch_ttft=0.2723s effective_input=168953.9 token/s cached=[7936, 7936, 7936, 7936, 7936, 7936, 7936, 7936] replay_tokens=0 output_equal=True
bounded_off measure_09: cold=1.3766s replay=0.3869s batch_ttft=0.2721s effective_input=169398.9 token/s cached=[7936, 7936, 7936, 7936, 7936, 7936, 7936, 7936] replay_tokens=0 output_equal=True
{
  "measured_pairs": 10,
  "total_replay_seconds": 3.884175882,
  "mean_replay_seconds": 0.3884175882,
  "median_replay_seconds": 0.3882508195,
  "aggregate_logical_input_tokens_per_second": 168725.62415030206,
  "aggregate_requests_per_second": 20.59638966678492,
  "mean_batch_first_token_seconds": 0.273033511,
  "aggregate_prefill_logical_input_tokens_per_second": 240029.14426134308,
  "all_cold_replay_output_ids_equal": true,
  "all_semantically_correct": true
}
Stopped the experiment server and its workers.
{"pid": 41812, "create_time": 1790668433.73, "mode": "bounded_on", "run_directory": "/root/swa_replay_perf/results/04_bounded_on", "base_url": "http://127.0.0.1:30180"}
Server is ready; configuration saved to /root/swa_replay_perf/results/04_bounded_on/server_info.json
bounded_on warmup_00: cold=2.0730s replay=2.0736s batch_ttft=1.9226s effective_input=31605.4 token/s cached=[7936, 7936, 7936, 7936, 7936, 7936, 7936, 7936] replay_tokens=1024 output_equal=True
bounded_on warmup_01: cold=1.7745s replay=1.7052s batch_ttft=1.5549s effective_input=38434.1 token/s cached=[7936, 7936, 7936, 7936, 7936, 7936, 7936, 7936] replay_tokens=1024 output_equal=True
bounded_on warmup_02: cold=1.7729s replay=1.7081s batch_ttft=1.5570s effective_input=38368.8 token/s cached=[7936, 7936, 7936, 7936, 7936, 7936, 7936, 7936] replay_tokens=1024 output_equal=True
bounded_on measure_00: cold=1.7705s replay=1.7039s batch_ttft=1.5528s effective_input=38462.1 token/s cached=[7936, 7936, 7936, 7936, 7936, 7936, 7936, 7936] replay_tokens=1024 output_equal=True
bounded_on measure_01: cold=1.7731s replay=1.7029s batch_ttft=1.5524s effective_input=38484.3 token/s cached=[7936, 7936, 7936, 7936, 7936, 7936, 7936, 7936] replay_tokens=1024 output_equal=True
bounded_on measure_02: cold=1.7723s replay=1.7038s batch_ttft=1.5531s effective_input=38465.6 token/s cached=[7936, 7936, 7936, 7936, 7936, 7936, 7936, 7936] replay_tokens=1024 output_equal=True
bounded_on measure_03: cold=1.7721s replay=1.7051s batch_ttft=1.5544s effective_input=38434.6 token/s cached=[7936, 7936, 7936, 7936, 7936, 7936, 7936, 7936] replay_tokens=1024 output_equal=True
bounded_on measure_04: cold=1.7679s replay=1.6916s batch_ttft=1.5419s effective_input=38743.0 token/s cached=[7936, 7936, 7936, 7936, 7936, 7936, 7936, 7936] replay_tokens=1024 output_equal=True
bounded_on measure_05: cold=1.7682s replay=1.6878s batch_ttft=1.5381s effective_input=38828.8 token/s cached=[7936, 7936, 7936, 7936, 7936, 7936, 7936, 7936] replay_tokens=1024 output_equal=True
bounded_on measure_06: cold=1.7698s replay=1.6896s batch_ttft=1.5400s effective_input=38789.0 token/s cached=[7936, 7936, 7936, 7936, 7936, 7936, 7936, 7936] replay_tokens=1024 output_equal=True
bounded_on measure_07: cold=1.7733s replay=1.6960s batch_ttft=1.5461s effective_input=38641.9 token/s cached=[7936, 7936, 7936, 7936, 7936, 7936, 7936, 7936] replay_tokens=1024 output_equal=True
bounded_on measure_08: cold=1.7712s replay=1.6920s batch_ttft=1.5420s effective_input=38733.9 token/s cached=[7936, 7936, 7936, 7936, 7936, 7936, 7936, 7936] replay_tokens=1024 output_equal=True
bounded_on measure_09: cold=1.7702s replay=1.6945s batch_ttft=1.5446s effective_input=38675.6 token/s cached=[7936, 7936, 7936, 7936, 7936, 7936, 7936, 7936] replay_tokens=1024 output_equal=True
{
  "measured_pairs": 10,
  "total_replay_seconds": 16.967098531,
  "mean_replay_seconds": 1.6967098531,
  "median_replay_seconds": 1.6952436794999999,
  "aggregate_logical_input_tokens_per_second": 38625.342972024024,
  "aggregate_requests_per_second": 4.715007687014651,
  "mean_batch_first_token_seconds": 1.5465300862,
  "aggregate_prefill_logical_input_tokens_per_second": 42376.155876171404,
  "all_cold_replay_output_ids_equal": true,
  "all_semantically_correct": true
}
Stopped the experiment server and its workers.
Saved environment and source fingerprints to /root/swa_replay_perf/results/environment_after
{
  "passed": true,
  "checked_server_blocks": 4,
  "checked_stages_including_warmup": 104,
  "checked_requests_including_cold_and_warmup": 832,
  "checked_measured_replay_batches": 40,
  "dataset_sha256": "2b720466cd08e49f12ec815b63e93b3e405d28bec633f96e17302d40fe55a357",
  "checks": [
    "TP8/EP8 and eight distinct physical GPUs",
    "actual FP4 Main KV and Indexer K, FP8 SWA on all ranks",
    "default paged SWA capacity with no ratio/headroom override",
    "raw responses, summaries, metrics and server logs agree",
    "each cold pass has zero cached tokens",
    "each second pass hits 7936 tokens/request and has actual batch=8",
    "bounded replay computes 8x128 extra tokens; disabled computes zero",
    "only second-pass client wall times enter throughput calculation"
  ]
}
{
  "generated_utc": "2026-09-29T07:56:46.225522+00:00",
  "dataset_sha256": "2b720466cd08e49f12ec815b63e93b3e405d28bec633f96e17302d40fe55a357",
  "groups": {
    "bounded_on": {
      "samples": 20,
      "total_seconds": 33.99860067,
      "mean_batch_seconds": 1.6999300335,
      "median_batch_seconds": 1.7023371815,
      "p95_batch_seconds": 1.7053475063,
      "min_batch_seconds": 1.687818173,
      "max_batch_seconds": 1.708366821,
      "stdev_batch_seconds": 0.005921149151899648,
      "aggregate_logical_input_tokens_per_second": 38552.17491808612,
      "aggregate_requests_per_second": 4.706076039805435,
      "aggregate_output_tokens_per_second": 9.41215207961087,
      "mean_batch_first_token_seconds": 1.5496210724,
      "median_batch_first_token_seconds": 1.5523394965000001,
      "p95_batch_first_token_seconds": 1.55485561915,
      "aggregate_prefill_logical_input_tokens_per_second": 42291.629332647164,
      "aggregate_prefill_requests_per_second": 5.162552408770406,
      "mean_server_first_token_seconds": 1.5462198145062303,
      "cached_tokens_per_request": [
        7936
      ],
      "replay_tokens_per_batch": [
        1024.0
      ],
      "all_cold_cache_zero": true,
      "all_cold_replay_output_ids_equal": true,
      "all_semantically_correct": true
    },
    "bounded_off": {
      "samples": 20,
      "total_seconds": 7.772334351,
      "mean_batch_seconds": 0.38861671755,
      "median_batch_seconds": 0.38831511750000003,
      "p95_batch_seconds": 0.39026734165,
      "min_batch_seconds": 0.38687391,
      "max_batch_seconds": 0.390404002,
      "stdev_batch_seconds": 0.0010595161562444487,
      "aggregate_logical_input_tokens_per_second": 168639.16820965902,
      "aggregate_requests_per_second": 20.585835963093142,
      "aggregate_output_tokens_per_second": 41.171671926186285,
      "mean_batch_first_token_seconds": 0.27318434035,
      "median_batch_first_token_seconds": 0.273081856,
      "p95_batch_first_token_seconds": 0.27472487469999995,
      "aggregate_prefill_logical_input_tokens_per_second": 239896.62041402585,
      "aggregate_prefill_requests_per_second": 29.284255421634015,
      "mean_server_first_token_seconds": 0.26976921063753706,
      "cached_tokens_per_request": [
        7936
      ],
      "replay_tokens_per_batch": [
        0.0
      ],
      "all_cold_cache_zero": true,
      "all_cold_replay_output_ids_equal": true,
      "all_semantically_correct": true
    }
  },
  "blocks": [
    {
      "name": "01_bounded_on",
      "mode": "bounded_on",
      "summary": {
        "measured_pairs": 10,
        "total_replay_seconds": 17.031502139,
        "mean_replay_seconds": 1.7031502139,
        "median_replay_seconds": 1.7028150874999999,
        "aggregate_logical_input_tokens_per_second": 38479.28354477365,
        "aggregate_requests_per_second": 4.697178167086627,
        "mean_batch_first_token_seconds": 1.5527120586,
        "aggregate_prefill_logical_input_tokens_per_second": 42207.43932335427,
        "all_cold_replay_output_ids_equal": true,
        "all_semantically_correct": true
      }
    },
    {
      "name": "02_bounded_off",
      "mode": "bounded_off",
      "summary": {
        "measured_pairs": 10,
        "total_replay_seconds": 3.888158469,
        "mean_replay_seconds": 0.3888158469,
        "median_replay_seconds": 0.389077509,
        "aggregate_logical_input_tokens_per_second": 168552.80082464148,
        "aggregate_requests_per_second": 20.575293069414244,
        "mean_batch_first_token_seconds": 0.2733351697,
        "aggregate_prefill_logical_input_tokens_per_second": 239764.2428229389,
        "all_cold_replay_output_ids_equal": true,
        "all_semantically_correct": true
      }
    },
    {
      "name": "03_bounded_off",
      "mode": "bounded_off",
      "summary": {
        "measured_pairs": 10,
        "total_replay_seconds": 3.884175882,
        "mean_replay_seconds": 0.3884175882,
        "median_replay_seconds": 0.3882508195,
        "aggregate_logical_input_tokens_per_second": 168725.62415030206,
        "aggregate_requests_per_second": 20.59638966678492,
        "mean_batch_first_token_seconds": 0.273033511,
        "aggregate_prefill_logical_input_tokens_per_second": 240029.14426134308,
        "all_cold_replay_output_ids_equal": true,
        "all_semantically_correct": true
      }
    },
    {
      "name": "04_bounded_on",
      "mode": "bounded_on",
      "summary": {
        "measured_pairs": 10,
        "total_replay_seconds": 16.967098531,
        "mean_replay_seconds": 1.6967098531,
        "median_replay_seconds": 1.6952436794999999,
        "aggregate_logical_input_tokens_per_second": 38625.342972024024,
        "aggregate_requests_per_second": 4.715007687014651,
        "mean_batch_first_token_seconds": 1.5465300862,
        "aggregate_prefill_logical_input_tokens_per_second": 42376.155876171404,
        "all_cold_replay_output_ids_equal": true,
        "all_semantically_correct": true
      }
    }
  ],
  "off_vs_on_throughput_ratio": 4.374310102295803,
  "off_vs_on_prefill_throughput_ratio": 5.672437411363503,
  "on_throughput_reduction_percent": 77.13925221087636,
  "on_latency_increase_percent": 337.4310102295804,
  "cross_mode_outputs_equal": true
}
