[2026-09-29 09:17:59] INFO:     127.0.0.1:32908 - "POST /generate HTTP/1.1" 200 OK
[2026-09-29 09:17:59 TP0 EP0] [FlexKV] sglang startprefetch: request=bounded_on-warmup_02-cold-0
[2026-09-29 09:17:59 TP4 EP4] [FlexKV] sglang startprefetch: request=bounded_on-warmup_02-cold-0
[2026-09-29 09:17:59 TP2 EP2] [FlexKV] sglang startprefetch: request=bounded_on-warmup_02-cold-0
[2026-09-29 09:17:59 TP0 EP0] [FlexKV] sglang startprefetch: request=bounded_on-warmup_02-cold-1
[2026-09-29 09:17:59 TP4 EP4] [FlexKV] sglang startprefetch: request=bounded_on-warmup_02-cold-1
[2026-09-29 09:17:59 TP0 EP0] [FlexKV] sglang startprefetch: request=bounded_on-warmup_02-cold-2
[2026-09-29 09:17:59 TP2 EP2] [FlexKV] sglang startprefetch: request=bounded_on-warmup_02-cold-1
[2026-09-29 09:17:59 TP6 EP6] [FlexKV] sglang startprefetch: request=bounded_on-warmup_02-cold-0
[2026-09-29 09:17:59 TP4 EP4] [FlexKV] sglang startprefetch: request=bounded_on-warmup_02-cold-2
[2026-09-29 09:17:59 TP0 EP0] [FlexKV] sglang startprefetch: request=bounded_on-warmup_02-cold-3
[2026-09-29 09:17:59 TP2 EP2] [FlexKV] sglang startprefetch: request=bounded_on-warmup_02-cold-2
[2026-09-29 09:17:59 TP1 EP1] [FlexKV] sglang startprefetch: request=bounded_on-warmup_02-cold-0
[2026-09-29 09:17:59 TP4 EP4] [FlexKV] sglang startprefetch: request=bounded_on-warmup_02-cold-3
[2026-09-29 09:17:59 TP5 EP5] [FlexKV] sglang startprefetch: request=bounded_on-warmup_02-cold-0
[2026-09-29 09:17:59 TP0 EP0] [FlexKV] sglang startprefetch: request=bounded_on-warmup_02-cold-4
[2026-09-29 09:17:59 TP6 EP6] [FlexKV] sglang startprefetch: request=bounded_on-warmup_02-cold-1
[2026-09-29 09:17:59 TP2 EP2] [FlexKV] sglang startprefetch: request=bounded_on-warmup_02-cold-3
[2026-09-29 09:17:59 TP4 EP4] [FlexKV] sglang startprefetch: request=bounded_on-warmup_02-cold-4
[2026-09-29 09:17:59 TP0 EP0] [FlexKV] sglang startprefetch: request=bounded_on-warmup_02-cold-5
[2026-09-29 09:17:59 TP1 EP1] [FlexKV] sglang startprefetch: request=bounded_on-warmup_02-cold-1
[2026-09-29 09:17:59 TP6 EP6] [FlexKV] sglang startprefetch: request=bounded_on-warmup_02-cold-2
[2026-09-29 09:17:59 TP2 EP2] [FlexKV] sglang startprefetch: request=bounded_on-warmup_02-cold-4
[2026-09-29 09:17:59 TP5 EP5] [FlexKV] sglang startprefetch: request=bounded_on-warmup_02-cold-1
[2026-09-29 09:17:59 TP4 EP4] [FlexKV] sglang startprefetch: request=bounded_on-warmup_02-cold-5
[2026-09-29 09:17:59 TP0 EP0] [FlexKV] sglang startprefetch: request=bounded_on-warmup_02-cold-6
[2026-09-29 09:17:59 TP1 EP1] [FlexKV] sglang startprefetch: request=bounded_on-warmup_02-cold-2
[2026-09-29 09:17:59 TP2 EP2] [FlexKV] sglang startprefetch: request=bounded_on-warmup_02-cold-5
[2026-09-29 09:17:59 TP6 EP6] [FlexKV] sglang startprefetch: request=bounded_on-warmup_02-cold-3
[2026-09-29 09:17:59 TP3 EP3] [FlexKV] sglang startprefetch: request=bounded_on-warmup_02-cold-0
[2026-09-29 09:17:59 TP5 EP5] [FlexKV] sglang startprefetch: request=bounded_on-warmup_02-cold-2
[2026-09-29 09:17:59 TP4 EP4] [FlexKV] sglang startprefetch: request=bounded_on-warmup_02-cold-6
[2026-09-29 09:17:59 TP0 EP0] [FlexKV] sglang startprefetch: request=bounded_on-warmup_02-cold-7
[2026-09-29 09:17:59 TP1 EP1] [FlexKV] sglang startprefetch: request=bounded_on-warmup_02-cold-3
[2026-09-29 09:17:59 TP2 EP2] [FlexKV] sglang startprefetch: request=bounded_on-warmup_02-cold-6
[2026-09-29 09:17:59 TP6 EP6] [FlexKV] sglang startprefetch: request=bounded_on-warmup_02-cold-4
[2026-09-29 09:17:59 TP4 EP4] [FlexKV] sglang startprefetch: request=bounded_on-warmup_02-cold-7
[2026-09-29 09:17:59 TP5 EP5] [FlexKV] sglang startprefetch: request=bounded_on-warmup_02-cold-3
[2026-09-29 09:17:59 TP7 EP7] [FlexKV] sglang startprefetch: request=bounded_on-warmup_02-cold-0
[2026-09-29 09:17:59 TP1 EP1] [FlexKV] sglang startprefetch: request=bounded_on-warmup_02-cold-4
[2026-09-29 09:17:59 TP2 EP2] [FlexKV] sglang startprefetch: request=bounded_on-warmup_02-cold-7
[2026-09-29 09:17:59 TP6 EP6] [FlexKV] sglang startprefetch: request=bounded_on-warmup_02-cold-5
[2026-09-29 09:17:59 TP3 EP3] [FlexKV] sglang startprefetch: request=bounded_on-warmup_02-cold-1
[2026-09-29 09:17:59 TP5 EP5] [FlexKV] sglang startprefetch: request=bounded_on-warmup_02-cold-4
[2026-09-29 09:17:59 TP1 EP1] [FlexKV] sglang startprefetch: request=bounded_on-warmup_02-cold-5
[2026-09-29 09:17:59 TP6 EP6] [FlexKV] sglang startprefetch: request=bounded_on-warmup_02-cold-6
[2026-09-29 09:17:59 TP3 EP3] [FlexKV] sglang startprefetch: request=bounded_on-warmup_02-cold-2
[2026-09-29 09:17:59 TP7 EP7] [FlexKV] sglang startprefetch: request=bounded_on-warmup_02-cold-1
[2026-09-29 09:17:59 TP5 EP5] [FlexKV] sglang startprefetch: request=bounded_on-warmup_02-cold-5
[2026-09-29 09:17:59 TP1 EP1] [FlexKV] sglang startprefetch: request=bounded_on-warmup_02-cold-6
[2026-09-29 09:17:59 TP6 EP6] [FlexKV] sglang startprefetch: request=bounded_on-warmup_02-cold-7
[2026-09-29 09:17:59 TP3 EP3] [FlexKV] sglang startprefetch: request=bounded_on-warmup_02-cold-3
[2026-09-29 09:17:59 TP5 EP5] [FlexKV] sglang startprefetch: request=bounded_on-warmup_02-cold-6
[2026-09-29 09:17:59 TP7 EP7] [FlexKV] sglang startprefetch: request=bounded_on-warmup_02-cold-2
[2026-09-29 09:17:59 TP1 EP1] [FlexKV] sglang startprefetch: request=bounded_on-warmup_02-cold-7
[2026-09-29 09:17:59 TP3 EP3] [FlexKV] sglang startprefetch: request=bounded_on-warmup_02-cold-4
[2026-09-29 09:17:59 TP5 EP5] [FlexKV] sglang startprefetch: request=bounded_on-warmup_02-cold-7
[2026-09-29 09:17:59 TP7 EP7] [FlexKV] sglang startprefetch: request=bounded_on-warmup_02-cold-3
[2026-09-29 09:17:59 TP3 EP3] [FlexKV] sglang startprefetch: request=bounded_on-warmup_02-cold-5
[2026-09-29 09:17:59 TP7 EP7] [FlexKV] sglang startprefetch: request=bounded_on-warmup_02-cold-4
[2026-09-29 09:17:59 TP0 EP0] [INFO][FlexKV-SGLang] operation=lookup act=complete status=miss sglang_req_id="bounded_on-warmup_02-cold-0" flexkv_task_id=76 tokens=7936 hit_tokens=0 hit_blocks=0 lookup_time=0.0004s
[2026-09-29 09:17:59 TP3 EP3] [FlexKV] sglang startprefetch: request=bounded_on-warmup_02-cold-6
[2026-09-29 09:17:59 TP7 EP7] [FlexKV] sglang startprefetch: request=bounded_on-warmup_02-cold-5
[2026-09-29 09:17:59 TP3 EP3] [FlexKV] sglang startprefetch: request=bounded_on-warmup_02-cold-7
[2026-09-29 09:17:59 TP7 EP7] [FlexKV] sglang startprefetch: request=bounded_on-warmup_02-cold-6
[2026-09-29 09:17:59 TP7 EP7] [FlexKV] sglang startprefetch: request=bounded_on-warmup_02-cold-7
[2026-09-29 09:17:59 TP0 EP0] [INFO][FlexKV-SGLang] operation=lookup act=complete status=miss sglang_req_id="bounded_on-warmup_02-cold-1" flexkv_task_id=77 tokens=7936 hit_tokens=0 hit_blocks=0 lookup_time=0.0004s
[2026-09-29 09:17:59 TP0 EP0] Prefill batch, #new-seq: 1, #new-token: 7936, #cached-token: 0, #cached-device: 0, #cached-host: 0, #cached-storage: 0, actual-hit-rate: 0.000000, token usage: 0.06, #running-req: 0, #queue-req: 7, #pending-token: 57600, cuda graph: False, input throughput (token/s): 10131.31
[2026-09-29 09:17:59 TP0 EP0] [INFO][FlexKV-SGLang] operation=lookup act=complete status=miss sglang_req_id="bounded_on-warmup_02-cold-1" flexkv_task_id=78 tokens=7936 hit_tokens=0 hit_blocks=0 lookup_time=0.0004s
[2026-09-29 09:18:00 TP0 EP0] Prefill batch, #new-seq: 1, #new-token: 256, #cached-token: 0, #cached-device: 0, #cached-host: 0, #cached-storage: 0, actual-hit-rate: 0.000000, token usage: 0.12, #running-req: 0, #queue-req: 6, #pending-token: 57344, cuda graph: False, input throughput (token/s): 1414.17
[2026-09-29 09:18:00 TP0 EP0] [INFO][FlexKV-SGLang] operation=lookup act=complete status=miss sglang_req_id="bounded_on-warmup_02-cold-2" flexkv_task_id=79 tokens=7936 hit_tokens=0 hit_blocks=0 lookup_time=0.0005s
[2026-09-29 09:18:00 TP0 EP0] Prefill batch, #new-seq: 1, #new-token: 7936, #cached-token: 0, #cached-device: 0, #cached-host: 0, #cached-storage: 0, actual-hit-rate: 0.000000, token usage: 0.12, #running-req: 1, #queue-req: 6, #pending-token: 49408, cuda graph: False, input throughput (token/s): 47974.01
[2026-09-29 09:18:00 TP0 EP0] [INFO][FlexKV-SGLang] operation=lookup act=complete status=miss sglang_req_id="bounded_on-warmup_02-cold-2" flexkv_task_id=80 tokens=7936 hit_tokens=0 hit_blocks=0 lookup_time=0.0004s
[2026-09-29 09:18:00 TP0 EP0] Prefill batch, #new-seq: 1, #new-token: 256, #cached-token: 0, #cached-device: 0, #cached-host: 0, #cached-storage: 0, actual-hit-rate: 0.000000, token usage: 0.19, #running-req: 1, #queue-req: 5, #pending-token: 49152, cuda graph: False, input throughput (token/s): 1413.90
[2026-09-29 09:18:00 TP0 EP0] [INFO][FlexKV-SGLang] operation=lookup act=complete status=miss sglang_req_id="bounded_on-warmup_02-cold-3" flexkv_task_id=81 tokens=7936 hit_tokens=0 hit_blocks=0 lookup_time=0.0004s
[2026-09-29 09:18:00 TP0 EP0] Prefill batch, #new-seq: 1, #new-token: 7936, #cached-token: 0, #cached-device: 0, #cached-host: 0, #cached-storage: 0, actual-hit-rate: 0.000000, token usage: 0.19, #running-req: 2, #queue-req: 5, #pending-token: 41216, cuda graph: False, input throughput (token/s): 48043.15
[2026-09-29 09:18:00 TP0 EP0] [INFO][FlexKV-SGLang] operation=lookup act=complete status=miss sglang_req_id="bounded_on-warmup_02-cold-3" flexkv_task_id=82 tokens=7936 hit_tokens=0 hit_blocks=0 lookup_time=0.0005s
[2026-09-29 09:18:00 TP0 EP0] Prefill batch, #new-seq: 1, #new-token: 256, #cached-token: 0, #cached-device: 0, #cached-host: 0, #cached-storage: 0, actual-hit-rate: 0.000000, token usage: 0.25, #running-req: 2, #queue-req: 4, #pending-token: 40960, cuda graph: False, input throughput (token/s): 1415.56
[2026-09-29 09:18:00 TP0 EP0] [INFO][FlexKV-SGLang] operation=lookup act=complete status=miss sglang_req_id="bounded_on-warmup_02-cold-4" flexkv_task_id=83 tokens=7936 hit_tokens=0 hit_blocks=0 lookup_time=0.0004s
[2026-09-29 09:18:00 TP0 EP0] Prefill batch, #new-seq: 1, #new-token: 7936, #cached-token: 0, #cached-device: 0, #cached-host: 0, #cached-storage: 0, actual-hit-rate: 0.000000, token usage: 0.25, #running-req: 3, #queue-req: 4, #pending-token: 33024, cuda graph: False, input throughput (token/s): 48052.23
[2026-09-29 09:18:00 TP0 EP0] [INFO][FlexKV-SGLang] operation=lookup act=complete status=miss sglang_req_id="bounded_on-warmup_02-cold-4" flexkv_task_id=84 tokens=7936 hit_tokens=0 hit_blocks=0 lookup_time=0.0004s
[2026-09-29 09:18:01 TP0 EP0] Prefill batch, #new-seq: 1, #new-token: 256, #cached-token: 0, #cached-device: 0, #cached-host: 0, #cached-storage: 0, actual-hit-rate: 0.000000, token usage: 0.31, #running-req: 3, #queue-req: 3, #pending-token: 32768, cuda graph: False, input throughput (token/s): 1414.72
[2026-09-29 09:18:01 TP0 EP0] [INFO][FlexKV-SGLang] operation=lookup act=complete status=miss sglang_req_id="bounded_on-warmup_02-cold-5" flexkv_task_id=85 tokens=7936 hit_tokens=0 hit_blocks=0 lookup_time=0.0004s
[2026-09-29 09:18:01 TP0 EP0] Prefill batch, #new-seq: 1, #new-token: 7936, #cached-token: 0, #cached-device: 0, #cached-host: 0, #cached-storage: 0, actual-hit-rate: 0.000000, token usage: 0.31, #running-req: 4, #queue-req: 3, #pending-token: 24832, cuda graph: False, input throughput (token/s): 47929.68
[2026-09-29 09:18:01 TP0 EP0] [INFO][FlexKV-SGLang] operation=lookup act=complete status=miss sglang_req_id="bounded_on-warmup_02-cold-5" flexkv_task_id=86 tokens=7936 hit_tokens=0 hit_blocks=0 lookup_time=0.0005s
[2026-09-29 09:18:01 TP0 EP0] Prefill batch, #new-seq: 1, #new-token: 256, #cached-token: 0, #cached-device: 0, #cached-host: 0, #cached-storage: 0, actual-hit-rate: 0.000000, token usage: 0.37, #running-req: 4, #queue-req: 2, #pending-token: 24576, cuda graph: False, input throughput (token/s): 1416.26
[2026-09-29 09:18:01 TP0 EP0] [INFO][FlexKV-SGLang] operation=lookup act=complete status=miss sglang_req_id="bounded_on-warmup_02-cold-6" flexkv_task_id=87 tokens=7936 hit_tokens=0 hit_blocks=0 lookup_time=0.0005s
[2026-09-29 09:18:01 TP0 EP0] Prefill batch, #new-seq: 1, #new-token: 7936, #cached-token: 0, #cached-device: 0, #cached-host: 0, #cached-storage: 0, actual-hit-rate: 0.000000, token usage: 0.38, #running-req: 5, #queue-req: 2, #pending-token: 16640, cuda graph: False, input throughput (token/s): 48211.50
[2026-09-29 09:18:01 TP0 EP0] [INFO][FlexKV-SGLang] operation=lookup act=complete status=miss sglang_req_id="bounded_on-warmup_02-cold-6" flexkv_task_id=88 tokens=7936 hit_tokens=0 hit_blocks=0 lookup_time=0.0005s
[2026-09-29 09:18:01 TP0 EP0] Prefill batch, #new-seq: 1, #new-token: 256, #cached-token: 0, #cached-device: 0, #cached-host: 0, #cached-storage: 0, actual-hit-rate: 0.000000, token usage: 0.44, #running-req: 5, #queue-req: 1, #pending-token: 16384, cuda graph: False, input throughput (token/s): 1415.58
[2026-09-29 09:18:01 TP0 EP0] Prefill batch, #new-seq: 1, #new-token: 7936, #cached-token: 0, #cached-device: 0, #cached-host: 0, #cached-storage: 0, actual-hit-rate: 0.000000, token usage: 0.44, #running-req: 6, #queue-req: 1, #pending-token: 8448, cuda graph: False, input throughput (token/s): 48504.03
[2026-09-29 09:18:02 TP0 EP0] Prefill batch, #new-seq: 1, #new-token: 256, #cached-token: 0, #cached-device: 0, #cached-host: 0, #cached-storage: 0, actual-hit-rate: 0.000000, token usage: 0.45, #running-req: 6, #queue-req: 1, #pending-token: 8192, cuda graph: False, input throughput (token/s): 1624.16
[2026-09-29 09:18:02 TP2 EP2] [FlexKV] store prefix length aligned from 8194 to 8192 tokens for rid=bounded_on-warmup_02-cold-0
[2026-09-29 09:18:02 TP5 EP5] [FlexKV] store prefix length aligned from 8194 to 8192 tokens for rid=bounded_on-warmup_02-cold-0
[2026-09-29 09:18:02 TP1 EP1] [FlexKV] store prefix length aligned from 8194 to 8192 tokens for rid=bounded_on-warmup_02-cold-0
[2026-09-29 09:18:02 TP0 EP0] [FlexKV] store prefix length aligned from 8194 to 8192 tokens for rid=bounded_on-warmup_02-cold-0
[2026-09-29 09:18:02 TP6 EP6] [FlexKV] store prefix length aligned from 8194 to 8192 tokens for rid=bounded_on-warmup_02-cold-0
[2026-09-29 09:18:02 TP4 EP4] [FlexKV] store prefix length aligned from 8194 to 8192 tokens for rid=bounded_on-warmup_02-cold-0
[2026-09-29 09:18:02 TP2 EP2] [FlexKV] store prefix length aligned from 8194 to 8192 tokens for rid=bounded_on-warmup_02-cold-1
[2026-09-29 09:18:02 TP5 EP5] [FlexKV] store prefix length aligned from 8194 to 8192 tokens for rid=bounded_on-warmup_02-cold-1
[2026-09-29 09:18:02 TP1 EP1] [FlexKV] store prefix length aligned from 8194 to 8192 tokens for rid=bounded_on-warmup_02-cold-1
[2026-09-29 09:18:02 TP6 EP6] [FlexKV] store prefix length aligned from 8194 to 8192 tokens for rid=bounded_on-warmup_02-cold-1
[2026-09-29 09:18:02 TP0 EP0] [FlexKV] store prefix length aligned from 8194 to 8192 tokens for rid=bounded_on-warmup_02-cold-1
[2026-09-29 09:18:02 TP4 EP4] [FlexKV] store prefix length aligned from 8194 to 8192 tokens for rid=bounded_on-warmup_02-cold-1
[2026-09-29 09:18:02 TP2 EP2] [FlexKV] store prefix length aligned from 8194 to 8192 tokens for rid=bounded_on-warmup_02-cold-2
[2026-09-29 09:18:02 TP3 EP3] [FlexKV] store prefix length aligned from 8194 to 8192 tokens for rid=bounded_on-warmup_02-cold-0
[2026-09-29 09:18:02 TP5 EP5] [FlexKV] store prefix length aligned from 8194 to 8192 tokens for rid=bounded_on-warmup_02-cold-2
[2026-09-29 09:18:02 TP0 EP0] [FlexKV] store prefix length aligned from 8194 to 8192 tokens for rid=bounded_on-warmup_02-cold-2
[2026-09-29 09:18:02 TP6 EP6] [FlexKV] store prefix length aligned from 8194 to 8192 tokens for rid=bounded_on-warmup_02-cold-2
[2026-09-29 09:18:02 TP4 EP4] [FlexKV] store prefix length aligned from 8194 to 8192 tokens for rid=bounded_on-warmup_02-cold-2
[2026-09-29 09:18:02 TP1 EP1] [FlexKV] store prefix length aligned from 8194 to 8192 tokens for rid=bounded_on-warmup_02-cold-2
[2026-09-29 09:18:02 TP2 EP2] [FlexKV] store prefix length aligned from 8194 to 8192 tokens for rid=bounded_on-warmup_02-cold-3
[2026-09-29 09:18:02 TP5 EP5] [FlexKV] store prefix length aligned from 8194 to 8192 tokens for rid=bounded_on-warmup_02-cold-3
[2026-09-29 09:18:02 TP0 EP0] [FlexKV] store prefix length aligned from 8194 to 8192 tokens for rid=bounded_on-warmup_02-cold-3
[2026-09-29 09:18:02 TP3 EP3] [FlexKV] store prefix length aligned from 8194 to 8192 tokens for rid=bounded_on-warmup_02-cold-1
[2026-09-29 09:18:02 TP6 EP6] [FlexKV] store prefix length aligned from 8194 to 8192 tokens for rid=bounded_on-warmup_02-cold-3
[2026-09-29 09:18:02 TP7 EP7] [FlexKV] store prefix length aligned from 8194 to 8192 tokens for rid=bounded_on-warmup_02-cold-0
[2026-09-29 09:18:02 TP4 EP4] [FlexKV] store prefix length aligned from 8194 to 8192 tokens for rid=bounded_on-warmup_02-cold-3
[2026-09-29 09:18:02 TP1 EP1] [FlexKV] store prefix length aligned from 8194 to 8192 tokens for rid=bounded_on-warmup_02-cold-3
[2026-09-29 09:18:02 TP2 EP2] [FlexKV] store prefix length aligned from 8194 to 8192 tokens for rid=bounded_on-warmup_02-cold-4
[2026-09-29 09:18:02 TP5 EP5] [FlexKV] store prefix length aligned from 8194 to 8192 tokens for rid=bounded_on-warmup_02-cold-4
[2026-09-29 09:18:02 TP0 EP0] [FlexKV] store prefix length aligned from 8194 to 8192 tokens for rid=bounded_on-warmup_02-cold-4
[2026-09-29 09:18:02 TP6 EP6] [FlexKV] store prefix length aligned from 8194 to 8192 tokens for rid=bounded_on-warmup_02-cold-4
[2026-09-29 09:18:02 TP1 EP1] [FlexKV] store prefix length aligned from 8194 to 8192 tokens for rid=bounded_on-warmup_02-cold-4
[2026-09-29 09:18:02 TP3 EP3] [FlexKV] store prefix length aligned from 8194 to 8192 tokens for rid=bounded_on-warmup_02-cold-2
[2026-09-29 09:18:02 TP4 EP4] [FlexKV] store prefix length aligned from 8194 to 8192 tokens for rid=bounded_on-warmup_02-cold-4
[2026-09-29 09:18:02 TP7 EP7] [FlexKV] store prefix length aligned from 8194 to 8192 tokens for rid=bounded_on-warmup_02-cold-1
[2026-09-29 09:18:02 TP2 EP2] [FlexKV] store prefix length aligned from 8194 to 8192 tokens for rid=bounded_on-warmup_02-cold-5
[2026-09-29 09:18:02 TP5 EP5] [FlexKV] store prefix length aligned from 8194 to 8192 tokens for rid=bounded_on-warmup_02-cold-5
[2026-09-29 09:18:02 TP6 EP6] [FlexKV] store prefix length aligned from 8194 to 8192 tokens for rid=bounded_on-warmup_02-cold-5
[2026-09-29 09:18:02 TP1 EP1] [FlexKV] store prefix length aligned from 8194 to 8192 tokens for rid=bounded_on-warmup_02-cold-5
[2026-09-29 09:18:02 TP3 EP3] [FlexKV] store prefix length aligned from 8194 to 8192 tokens for rid=bounded_on-warmup_02-cold-3
[2026-09-29 09:18:02 TP4 EP4] [FlexKV] store prefix length aligned from 8194 to 8192 tokens for rid=bounded_on-warmup_02-cold-5
[2026-09-29 09:18:02 TP7 EP7] [FlexKV] store prefix length aligned from 8194 to 8192 tokens for rid=bounded_on-warmup_02-cold-2
[2026-09-29 09:18:02 TP2 EP2] [FlexKV] store prefix length aligned from 8194 to 8192 tokens for rid=bounded_on-warmup_02-cold-6
[2026-09-29 09:18:02 TP5 EP5] [FlexKV] store prefix length aligned from 8194 to 8192 tokens for rid=bounded_on-warmup_02-cold-6
[2026-09-29 09:18:02 TP6 EP6] [FlexKV] store prefix length aligned from 8194 to 8192 tokens for rid=bounded_on-warmup_02-cold-6
[2026-09-29 09:18:02 TP1 EP1] [FlexKV] store prefix length aligned from 8194 to 8192 tokens for rid=bounded_on-warmup_02-cold-6
[2026-09-29 09:18:02 TP4 EP4] [FlexKV] store prefix length aligned from 8194 to 8192 tokens for rid=bounded_on-warmup_02-cold-6
[2026-09-29 09:18:02 TP3 EP3] [FlexKV] store prefix length aligned from 8194 to 8192 tokens for rid=bounded_on-warmup_02-cold-4
[2026-09-29 09:18:02 TP7 EP7] [FlexKV] store prefix length aligned from 8194 to 8192 tokens for rid=bounded_on-warmup_02-cold-3
[2026-09-29 09:18:02 TP0 EP0] [FlexKV] store prefix length aligned from 8194 to 8192 tokens for rid=bounded_on-warmup_02-cold-5
[2026-09-29 09:18:02 TP3 EP3] [FlexKV] store prefix length aligned from 8194 to 8192 tokens for rid=bounded_on-warmup_02-cold-5
[2026-09-29 09:18:02 TP7 EP7] [FlexKV] store prefix length aligned from 8194 to 8192 tokens for rid=bounded_on-warmup_02-cold-4
[2026-09-29 09:18:02 TP0 EP0] [FlexKV] store prefix length aligned from 8194 to 8192 tokens for rid=bounded_on-warmup_02-cold-6
[2026-09-29 09:18:02 TP3 EP3] [FlexKV] store prefix length aligned from 8194 to 8192 tokens for rid=bounded_on-warmup_02-cold-6
[2026-09-29 09:18:02 TP7 EP7] [FlexKV] store prefix length aligned from 8194 to 8192 tokens for rid=bounded_on-warmup_02-cold-5
[2026-09-29 09:18:02 TP7 EP7] [FlexKV] store prefix length aligned from 8194 to 8192 tokens for rid=bounded_on-warmup_02-cold-6
[FLEXKV] INFO 09-29 09:18:02.264 [cache_engine.py:2605] [FlexKV-SEGV-DEBUG] cache_engine create D2H op (local_put) request_id=89, op_id=32, graph_id=130, dp_client_id=0, fragment12_num_blocks=32, fragment2_num_blocks=0, gpu_src: count=32, min=0, max=0, dtype=int64, cpu_dst: count=32, min=512, max=543, dtype=int64
[2026-09-29 09:18:02 TP0 EP0] [INFO][FlexKV-SGLang] operation=store act=launch status=running direction=D2H sglang_req_id="bounded_on-warmup_02-cold-0" flexkv_task_id=89 mode=no-layerwise tokens=8192 slots=8192 swa_slots=0
[FLEXKV] INFO 09-29 09:18:02.265 [cache_engine.py:2605] [FlexKV-SEGV-DEBUG] cache_engine create D2H op (local_put) request_id=90, op_id=33, graph_id=131, dp_client_id=0, fragment12_num_blocks=32, fragment2_num_blocks=0, gpu_src: count=32, min=0, max=0, dtype=int64, cpu_dst: count=32, min=544, max=575, dtype=int64
[2026-09-29 09:18:02 TP0 EP0] [INFO][FlexKV-SGLang] operation=store act=launch status=running direction=D2H sglang_req_id="bounded_on-warmup_02-cold-1" flexkv_task_id=90 mode=no-layerwise tokens=8192 slots=8192 swa_slots=0
[FLEXKV] INFO 09-29 09:18:02.266 [cache_engine.py:2605] [FlexKV-SEGV-DEBUG] cache_engine create D2H op (local_put) request_id=91, op_id=34, graph_id=132, dp_client_id=0, fragment12_num_blocks=32, fragment2_num_blocks=0, gpu_src: count=32, min=0, max=0, dtype=int64, cpu_dst: count=32, min=576, max=607, dtype=int64
[FLEXKV] INFO 09-29 09:18:02.266 [runtime.py:577] [FlexKV-IO] operation=transfer act=complete status=success direction=D2H blocks=32 op_id=32 graph_id=130 mode=no-layerwise data_size=0.00679016GB transfer_time=0.0007s bandwidth=10.63GB/s
[2026-09-29 09:18:02 TP0 EP0] [INFO][FlexKV-SGLang] operation=store act=launch status=running direction=D2H sglang_req_id="bounded_on-warmup_02-cold-2" flexkv_task_id=91 mode=no-layerwise tokens=8192 slots=8192 swa_slots=0
[FLEXKV] INFO 09-29 09:18:02.267 [cache_engine.py:2605] [FlexKV-SEGV-DEBUG] cache_engine create D2H op (local_put) request_id=92, op_id=35, graph_id=133, dp_client_id=0, fragment12_num_blocks=32, fragment2_num_blocks=0, gpu_src: count=32, min=0, max=0, dtype=int64, cpu_dst: count=32, min=608, max=639, dtype=int64
[FLEXKV] INFO 09-29 09:18:02.267 [runtime.py:577] [FlexKV-IO] operation=transfer act=complete status=success direction=D2H blocks=32 op_id=33 graph_id=131 mode=no-layerwise data_size=0.00679016GB transfer_time=0.0008s bandwidth=9.30GB/s
[2026-09-29 09:18:02 TP0 EP0] [INFO][FlexKV-SGLang] operation=store act=launch status=running direction=D2H sglang_req_id="bounded_on-warmup_02-cold-3" flexkv_task_id=92 mode=no-layerwise tokens=8192 slots=8192 swa_slots=0
[FLEXKV] INFO 09-29 09:18:02.269 [kvtask.py:300] [FlexKV-IO] operation=put act=complete status=success flexkv_task_id=89 graph_id=130 task_time=0.0048s
[FLEXKV] INFO 09-29 09:18:02.269 [cache_engine.py:2605] [FlexKV-SEGV-DEBUG] cache_engine create D2H op (local_put) request_id=93, op_id=36, graph_id=134, dp_client_id=0, fragment12_num_blocks=32, fragment2_num_blocks=0, gpu_src: count=32, min=0, max=0, dtype=int64, cpu_dst: count=32, min=640, max=671, dtype=int64
[2026-09-29 09:18:02 TP0 EP0] [INFO][FlexKV-SGLang] operation=store act=launch status=running direction=D2H sglang_req_id="bounded_on-warmup_02-cold-4" flexkv_task_id=93 mode=no-layerwise tokens=8192 slots=8192 swa_slots=0
[FLEXKV] INFO 09-29 09:18:02.270 [runtime.py:577] [FlexKV-IO] operation=transfer act=complete status=success direction=D2H blocks=32 op_id=34 graph_id=132 mode=no-layerwise data_size=0.00679016GB transfer_time=0.0007s bandwidth=9.93GB/s
[FLEXKV] INFO 09-29 09:18:02.270 [runtime.py:577] [FlexKV-IO] operation=transfer act=complete status=success direction=D2H blocks=32 op_id=35 graph_id=133 mode=no-layerwise data_size=0.00679016GB transfer_time=0.0005s bandwidth=13.93GB/s
[FLEXKV] INFO 09-29 09:18:02.270 [kvtask.py:300] [FlexKV-IO] operation=put act=complete status=success flexkv_task_id=90 graph_id=131 task_time=0.0050s
[FLEXKV] INFO 09-29 09:18:02.271 [cache_engine.py:2605] [FlexKV-SEGV-DEBUG] cache_engine create D2H op (local_put) request_id=94, op_id=37, graph_id=135, dp_client_id=0, fragment12_num_blocks=32, fragment2_num_blocks=0, gpu_src: count=32, min=0, max=0, dtype=int64, cpu_dst: count=32, min=672, max=703, dtype=int64
[2026-09-29 09:18:02 TP0 EP0] [INFO][FlexKV-SGLang] operation=store act=launch status=running direction=D2H sglang_req_id="bounded_on-warmup_02-cold-5" flexkv_task_id=94 mode=no-layerwise tokens=8192 slots=8192 swa_slots=0
[FLEXKV] INFO 09-29 09:18:02.272 [kvtask.py:300] [FlexKV-IO] operation=put act=complete status=success flexkv_task_id=91 graph_id=132 task_time=0.0051s
[FLEXKV] INFO 09-29 09:18:02.272 [runtime.py:577] [FlexKV-IO] operation=transfer act=complete status=success direction=D2H blocks=32 op_id=36 graph_id=134 mode=no-layerwise data_size=0.00679016GB transfer_time=0.0006s bandwidth=12.30GB/s
[FLEXKV] INFO 09-29 09:18:02.272 [kvtask.py:300] [FlexKV-IO] operation=put act=complete status=success flexkv_task_id=92 graph_id=133 task_time=0.0042s
[FLEXKV] INFO 09-29 09:18:02.272 [cache_engine.py:2605] [FlexKV-SEGV-DEBUG] cache_engine create D2H op (local_put) request_id=95, op_id=38, graph_id=136, dp_client_id=0, fragment12_num_blocks=32, fragment2_num_blocks=0, gpu_src: count=32, min=0, max=0, dtype=int64, cpu_dst: count=32, min=704, max=735, dtype=int64
[2026-09-29 09:18:02 TP0 EP0] [INFO][FlexKV-SGLang] operation=store act=launch status=running direction=D2H sglang_req_id="bounded_on-warmup_02-cold-6" flexkv_task_id=95 mode=no-layerwise tokens=8192 slots=8192 swa_slots=0
[FLEXKV] INFO 09-29 09:18:02.272 [runtime.py:577] [FlexKV-IO] operation=transfer act=complete status=success direction=D2H blocks=32 op_id=37 graph_id=135 mode=no-layerwise data_size=0.00679016GB transfer_time=0.0006s bandwidth=13.09GB/s
[FLEXKV] INFO 09-29 09:18:02.274 [runtime.py:577] [FlexKV-IO] operation=transfer act=complete status=success direction=D2H blocks=32 op_id=38 graph_id=136 mode=no-layerwise data_size=0.00679016GB transfer_time=0.0006s bandwidth=11.39GB/s
[FLEXKV] INFO 09-29 09:18:02.275 [kvtask.py:300] [FlexKV-IO] operation=put act=complete status=success flexkv_task_id=93 graph_id=134 task_time=0.0056s
[FLEXKV] INFO 09-29 09:18:02.275 [kvtask.py:300] [FlexKV-IO] operation=put act=complete status=success flexkv_task_id=94 graph_id=135 task_time=0.0045s
[2026-09-29 09:18:02 TP0 EP0] [INFO][FlexKV-SGLang] operation=store act=complete status=success direction=D2H sglang_req_id="bounded_on-warmup_02-cold-0" flexkv_task_id=89 mode=no-layerwise store_time=0.0117s
[2026-09-29 09:18:02 TP0 EP0] [INFO][FlexKV-SGLang] operation=store act=complete status=success direction=D2H sglang_req_id="bounded_on-warmup_02-cold-1" flexkv_task_id=90 mode=no-layerwise store_time=0.0106s
[2026-09-29 09:18:02 TP0 EP0] [INFO][FlexKV-SGLang] operation=store act=complete status=success direction=D2H sglang_req_id="bounded_on-warmup_02-cold-2" flexkv_task_id=91 mode=no-layerwise store_time=0.0096s
[2026-09-29 09:18:02 TP0 EP0] [INFO][FlexKV-SGLang] operation=store act=complete status=success direction=D2H sglang_req_id="bounded_on-warmup_02-cold-3" flexkv_task_id=92 mode=no-layerwise store_time=0.0085s
[2026-09-29 09:18:02 TP0 EP0] [INFO][FlexKV-SGLang] operation=store act=complete status=success direction=D2H sglang_req_id="bounded_on-warmup_02-cold-4" flexkv_task_id=93 mode=no-layerwise store_time=0.0068s
[2026-09-29 09:18:02 TP0 EP0] [INFO][FlexKV-SGLang] operation=store act=complete status=success direction=D2H sglang_req_id="bounded_on-warmup_02-cold-5" flexkv_task_id=94 mode=no-layerwise store_time=0.0056s
[FLEXKV] INFO 09-29 09:18:02.276 [kvtask.py:300] [FlexKV-IO] operation=put act=complete status=success flexkv_task_id=95 graph_id=136 task_time=0.0041s
[2026-09-29 09:18:02 TP0 EP0] [INFO][FlexKV-SGLang] operation=lookup act=complete status=miss sglang_req_id="bounded_on-warmup_02-cold-7" flexkv_task_id=96 tokens=7936 hit_tokens=0 hit_blocks=0 lookup_time=0.0005s
[2026-09-29 09:18:02 TP0 EP0] [INFO][FlexKV-SGLang] operation=store act=complete status=success direction=D2H sglang_req_id="bounded_on-warmup_02-cold-6" flexkv_task_id=95 mode=no-layerwise store_time=0.1844s
[2026-09-29 09:18:02 TP0 EP0] Prefill batch, #new-seq: 1, #new-token: 7936, #cached-token: 0, #cached-device: 0, #cached-host: 0, #cached-storage: 0, actual-hit-rate: 0.000000, token usage: 0.06, #running-req: 0, #queue-req: 0, #pending-token: 256, cuda graph: False, input throughput (token/s): 15486.42
[2026-09-29 09:18:02 TP0 EP0] Prefill batch, #new-seq: 1, #new-token: 256, #cached-token: 0, #cached-device: 0, #cached-host: 0, #cached-storage: 0, actual-hit-rate: 0.000000, token usage: 0.06, #running-req: 0, #queue-req: 0, #pending-token: 0, cuda graph: False, input throughput (token/s): 1669.80
[2026-09-29 09:18:02 TP5 EP5] [FlexKV] store prefix length aligned from 8194 to 8192 tokens for rid=bounded_on-warmup_02-cold-7
[2026-09-29 09:18:02 TP2 EP2] [FlexKV] store prefix length aligned from 8194 to 8192 tokens for rid=bounded_on-warmup_02-cold-7
[2026-09-29 09:18:02 TP1 EP1] [FlexKV] store prefix length aligned from 8194 to 8192 tokens for rid=bounded_on-warmup_02-cold-7
[2026-09-29 09:18:02 TP6 EP6] [FlexKV] store prefix length aligned from 8194 to 8192 tokens for rid=bounded_on-warmup_02-cold-7
[2026-09-29 09:18:02 TP0 EP0] [FlexKV] store prefix length aligned from 8194 to 8192 tokens for rid=bounded_on-warmup_02-cold-7
[2026-09-29 09:18:02 TP4 EP4] [FlexKV] store prefix length aligned from 8194 to 8192 tokens for rid=bounded_on-warmup_02-cold-7
[2026-09-29 09:18:02 TP3 EP3] [FlexKV] store prefix length aligned from 8194 to 8192 tokens for rid=bounded_on-warmup_02-cold-7
[2026-09-29 09:18:02 TP7 EP7] [FlexKV] store prefix length aligned from 8194 to 8192 tokens for rid=bounded_on-warmup_02-cold-7
[FLEXKV] INFO 09-29 09:18:02.926 [cache_engine.py:2605] [FlexKV-SEGV-DEBUG] cache_engine create D2H op (local_put) request_id=97, op_id=39, graph_id=139, dp_client_id=0, fragment12_num_blocks=32, fragment2_num_blocks=0, gpu_src: count=32, min=0, max=0, dtype=int64, cpu_dst: count=32, min=736, max=767, dtype=int64
[2026-09-29 09:18:02 TP0 EP0] [INFO][FlexKV-SGLang] operation=store act=launch status=running direction=D2H sglang_req_id="bounded_on-warmup_02-cold-7" flexkv_task_id=97 mode=no-layerwise tokens=8192 slots=8192 swa_slots=0
[FLEXKV] INFO 09-29 09:18:02.928 [runtime.py:577] [FlexKV-IO] operation=transfer act=complete status=success direction=D2H blocks=32 op_id=39 graph_id=139 mode=no-layerwise data_size=0.00679016GB transfer_time=0.0006s bandwidth=12.38GB/s
[FLEXKV] INFO 09-29 09:18:02.930 [kvtask.py:300] [FlexKV-IO] operation=put act=complete status=success flexkv_task_id=97 graph_id=139 task_time=0.0044s
[2026-09-29 09:18:02 TP0 EP0] [INFO][FlexKV-SGLang] operation=store act=complete status=success direction=D2H sglang_req_id="bounded_on-warmup_02-cold-7" flexkv_task_id=97 mode=no-layerwise store_time=0.0052s
[2026-09-29 09:18:02] INFO:     127.0.0.1:32908 - "GET /metrics HTTP/1.1" 200 OK
