[2026-09-29 09:18:10] INFO:     127.0.0.1:32908 - "POST /generate HTTP/1.1" 200 OK
[2026-09-29 09:18:10 TP0 EP0] [FlexKV] sglang startprefetch: request=bounded_on-measure_01-cold-0
[2026-09-29 09:18:10 TP2 EP2] [FlexKV] sglang startprefetch: request=bounded_on-measure_01-cold-0
[2026-09-29 09:18:10 TP0 EP0] [FlexKV] sglang startprefetch: request=bounded_on-measure_01-cold-1
[2026-09-29 09:18:10 TP2 EP2] [FlexKV] sglang startprefetch: request=bounded_on-measure_01-cold-1
[2026-09-29 09:18:10 TP5 EP5] [FlexKV] sglang startprefetch: request=bounded_on-measure_01-cold-0
[2026-09-29 09:18:10 TP6 EP6] [FlexKV] sglang startprefetch: request=bounded_on-measure_01-cold-0
[2026-09-29 09:18:10 TP0 EP0] [FlexKV] sglang startprefetch: request=bounded_on-measure_01-cold-2
[2026-09-29 09:18:10 TP4 EP4] [FlexKV] sglang startprefetch: request=bounded_on-measure_01-cold-0
[2026-09-29 09:18:10 TP2 EP2] [FlexKV] sglang startprefetch: request=bounded_on-measure_01-cold-2
[2026-09-29 09:18:10 TP1 EP1] [FlexKV] sglang startprefetch: request=bounded_on-measure_01-cold-0
[2026-09-29 09:18:10 TP5 EP5] [FlexKV] sglang startprefetch: request=bounded_on-measure_01-cold-1
[2026-09-29 09:18:10 TP0 EP0] [FlexKV] sglang startprefetch: request=bounded_on-measure_01-cold-3
[2026-09-29 09:18:10 TP6 EP6] [FlexKV] sglang startprefetch: request=bounded_on-measure_01-cold-1
[2026-09-29 09:18:10 TP2 EP2] [FlexKV] sglang startprefetch: request=bounded_on-measure_01-cold-3
[2026-09-29 09:18:10 TP4 EP4] [FlexKV] sglang startprefetch: request=bounded_on-measure_01-cold-1
[2026-09-29 09:18:10 TP1 EP1] [FlexKV] sglang startprefetch: request=bounded_on-measure_01-cold-1
[2026-09-29 09:18:10 TP5 EP5] [FlexKV] sglang startprefetch: request=bounded_on-measure_01-cold-2
[2026-09-29 09:18:10 TP3 EP3] [FlexKV] sglang startprefetch: request=bounded_on-measure_01-cold-0
[2026-09-29 09:18:10 TP0 EP0] [FlexKV] sglang startprefetch: request=bounded_on-measure_01-cold-4
[2026-09-29 09:18:10 TP2 EP2] [FlexKV] sglang startprefetch: request=bounded_on-measure_01-cold-4
[2026-09-29 09:18:10 TP6 EP6] [FlexKV] sglang startprefetch: request=bounded_on-measure_01-cold-2
[2026-09-29 09:18:10 TP4 EP4] [FlexKV] sglang startprefetch: request=bounded_on-measure_01-cold-2
[2026-09-29 09:18:10 TP1 EP1] [FlexKV] sglang startprefetch: request=bounded_on-measure_01-cold-2
[2026-09-29 09:18:10 TP5 EP5] [FlexKV] sglang startprefetch: request=bounded_on-measure_01-cold-3
[2026-09-29 09:18:10 TP0 EP0] [FlexKV] sglang startprefetch: request=bounded_on-measure_01-cold-5
[2026-09-29 09:18:10 TP2 EP2] [FlexKV] sglang startprefetch: request=bounded_on-measure_01-cold-5
[2026-09-29 09:18:10 TP6 EP6] [FlexKV] sglang startprefetch: request=bounded_on-measure_01-cold-3
[2026-09-29 09:18:10 TP3 EP3] [FlexKV] sglang startprefetch: request=bounded_on-measure_01-cold-1
[2026-09-29 09:18:10 TP7 EP7] [FlexKV] sglang startprefetch: request=bounded_on-measure_01-cold-0
[2026-09-29 09:18:10 TP1 EP1] [FlexKV] sglang startprefetch: request=bounded_on-measure_01-cold-3
[2026-09-29 09:18:10 TP5 EP5] [FlexKV] sglang startprefetch: request=bounded_on-measure_01-cold-4
[2026-09-29 09:18:10 TP4 EP4] [FlexKV] sglang startprefetch: request=bounded_on-measure_01-cold-3
[2026-09-29 09:18:10 TP0 EP0] [FlexKV] sglang startprefetch: request=bounded_on-measure_01-cold-6
[2026-09-29 09:18:10 TP2 EP2] [FlexKV] sglang startprefetch: request=bounded_on-measure_01-cold-6
[2026-09-29 09:18:10 TP6 EP6] [FlexKV] sglang startprefetch: request=bounded_on-measure_01-cold-4
[2026-09-29 09:18:10 TP3 EP3] [FlexKV] sglang startprefetch: request=bounded_on-measure_01-cold-2
[2026-09-29 09:18:10 TP5 EP5] [FlexKV] sglang startprefetch: request=bounded_on-measure_01-cold-5
[2026-09-29 09:18:10 TP1 EP1] [FlexKV] sglang startprefetch: request=bounded_on-measure_01-cold-4
[2026-09-29 09:18:10 TP4 EP4] [FlexKV] sglang startprefetch: request=bounded_on-measure_01-cold-4
[2026-09-29 09:18:10 TP0 EP0] [FlexKV] sglang startprefetch: request=bounded_on-measure_01-cold-7
[2026-09-29 09:18:10 TP7 EP7] [FlexKV] sglang startprefetch: request=bounded_on-measure_01-cold-1
[2026-09-29 09:18:10 TP2 EP2] [FlexKV] sglang startprefetch: request=bounded_on-measure_01-cold-7
[2026-09-29 09:18:10 TP6 EP6] [FlexKV] sglang startprefetch: request=bounded_on-measure_01-cold-5
[2026-09-29 09:18:10 TP3 EP3] [FlexKV] sglang startprefetch: request=bounded_on-measure_01-cold-3
[2026-09-29 09:18:10 TP1 EP1] [FlexKV] sglang startprefetch: request=bounded_on-measure_01-cold-5
[2026-09-29 09:18:10 TP5 EP5] [FlexKV] sglang startprefetch: request=bounded_on-measure_01-cold-6
[2026-09-29 09:18:10 TP4 EP4] [FlexKV] sglang startprefetch: request=bounded_on-measure_01-cold-5
[2026-09-29 09:18:10 TP7 EP7] [FlexKV] sglang startprefetch: request=bounded_on-measure_01-cold-2
[2026-09-29 09:18:10 TP6 EP6] [FlexKV] sglang startprefetch: request=bounded_on-measure_01-cold-6
[2026-09-29 09:18:10 TP3 EP3] [FlexKV] sglang startprefetch: request=bounded_on-measure_01-cold-4
[2026-09-29 09:18:10 TP1 EP1] [FlexKV] sglang startprefetch: request=bounded_on-measure_01-cold-6
[2026-09-29 09:18:10 TP5 EP5] [FlexKV] sglang startprefetch: request=bounded_on-measure_01-cold-7
[2026-09-29 09:18:10 TP4 EP4] [FlexKV] sglang startprefetch: request=bounded_on-measure_01-cold-6
[2026-09-29 09:18:10 TP7 EP7] [FlexKV] sglang startprefetch: request=bounded_on-measure_01-cold-3
[2026-09-29 09:18:10 TP3 EP3] [FlexKV] sglang startprefetch: request=bounded_on-measure_01-cold-5
[2026-09-29 09:18:10 TP6 EP6] [FlexKV] sglang startprefetch: request=bounded_on-measure_01-cold-7
[2026-09-29 09:18:10 TP1 EP1] [FlexKV] sglang startprefetch: request=bounded_on-measure_01-cold-7
[2026-09-29 09:18:10 TP4 EP4] [FlexKV] sglang startprefetch: request=bounded_on-measure_01-cold-7
[2026-09-29 09:18:10 TP7 EP7] [FlexKV] sglang startprefetch: request=bounded_on-measure_01-cold-4
[2026-09-29 09:18:10 TP3 EP3] [FlexKV] sglang startprefetch: request=bounded_on-measure_01-cold-6
[2026-09-29 09:18:10 TP7 EP7] [FlexKV] sglang startprefetch: request=bounded_on-measure_01-cold-5
[2026-09-29 09:18:10 TP3 EP3] [FlexKV] sglang startprefetch: request=bounded_on-measure_01-cold-7
[2026-09-29 09:18:10 TP7 EP7] [FlexKV] sglang startprefetch: request=bounded_on-measure_01-cold-6
[2026-09-29 09:18:10 TP7 EP7] [FlexKV] sglang startprefetch: request=bounded_on-measure_01-cold-7
[2026-09-29 09:18:10 TP0 EP0] [INFO][FlexKV-SGLang] operation=lookup act=complete status=miss sglang_req_id="bounded_on-measure_01-cold-0" flexkv_task_id=152 tokens=7936 hit_tokens=0 hit_blocks=0 lookup_time=0.0004s
[2026-09-29 09:18:10 TP0 EP0] [INFO][FlexKV-SGLang] operation=lookup act=complete status=miss sglang_req_id="bounded_on-measure_01-cold-1" flexkv_task_id=153 tokens=7936 hit_tokens=0 hit_blocks=0 lookup_time=0.0004s
[2026-09-29 09:18:11 TP0 EP0] Prefill batch, #new-seq: 1, #new-token: 7936, #cached-token: 0, #cached-device: 0, #cached-host: 0, #cached-storage: 0, actual-hit-rate: 0.000000, token usage: 0.06, #running-req: 0, #queue-req: 7, #pending-token: 57600, cuda graph: False, input throughput (token/s): 10124.03
[2026-09-29 09:18:11 TP0 EP0] [INFO][FlexKV-SGLang] operation=lookup act=complete status=miss sglang_req_id="bounded_on-measure_01-cold-1" flexkv_task_id=154 tokens=7936 hit_tokens=0 hit_blocks=0 lookup_time=0.0004s
[2026-09-29 09:18:11 TP0 EP0] Prefill batch, #new-seq: 1, #new-token: 256, #cached-token: 0, #cached-device: 0, #cached-host: 0, #cached-storage: 0, actual-hit-rate: 0.000000, token usage: 0.12, #running-req: 0, #queue-req: 6, #pending-token: 57344, cuda graph: False, input throughput (token/s): 1415.19
[2026-09-29 09:18:11 TP0 EP0] [INFO][FlexKV-SGLang] operation=lookup act=complete status=miss sglang_req_id="bounded_on-measure_01-cold-2" flexkv_task_id=155 tokens=7936 hit_tokens=0 hit_blocks=0 lookup_time=0.0004s
[2026-09-29 09:18:11 TP0 EP0] Prefill batch, #new-seq: 1, #new-token: 7936, #cached-token: 0, #cached-device: 0, #cached-host: 0, #cached-storage: 0, actual-hit-rate: 0.000000, token usage: 0.12, #running-req: 1, #queue-req: 6, #pending-token: 49408, cuda graph: False, input throughput (token/s): 48101.63
[2026-09-29 09:18:11 TP0 EP0] [INFO][FlexKV-SGLang] operation=lookup act=complete status=miss sglang_req_id="bounded_on-measure_01-cold-2" flexkv_task_id=156 tokens=7936 hit_tokens=0 hit_blocks=0 lookup_time=0.0004s
[2026-09-29 09:18:11 TP0 EP0] Prefill batch, #new-seq: 1, #new-token: 256, #cached-token: 0, #cached-device: 0, #cached-host: 0, #cached-storage: 0, actual-hit-rate: 0.000000, token usage: 0.19, #running-req: 1, #queue-req: 5, #pending-token: 49152, cuda graph: False, input throughput (token/s): 1416.31
[2026-09-29 09:18:11 TP0 EP0] [INFO][FlexKV-SGLang] operation=lookup act=complete status=miss sglang_req_id="bounded_on-measure_01-cold-3" flexkv_task_id=157 tokens=7936 hit_tokens=0 hit_blocks=0 lookup_time=0.0005s
[2026-09-29 09:18:11 TP0 EP0] Prefill batch, #new-seq: 1, #new-token: 7936, #cached-token: 0, #cached-device: 0, #cached-host: 0, #cached-storage: 0, actual-hit-rate: 0.000000, token usage: 0.19, #running-req: 2, #queue-req: 5, #pending-token: 41216, cuda graph: False, input throughput (token/s): 48007.70
[2026-09-29 09:18:11 TP0 EP0] [INFO][FlexKV-SGLang] operation=lookup act=complete status=miss sglang_req_id="bounded_on-measure_01-cold-3" flexkv_task_id=158 tokens=7936 hit_tokens=0 hit_blocks=0 lookup_time=0.0004s
[2026-09-29 09:18:11 TP0 EP0] Prefill batch, #new-seq: 1, #new-token: 256, #cached-token: 0, #cached-device: 0, #cached-host: 0, #cached-storage: 0, actual-hit-rate: 0.000000, token usage: 0.25, #running-req: 2, #queue-req: 4, #pending-token: 40960, cuda graph: False, input throughput (token/s): 1413.56
[2026-09-29 09:18:11 TP0 EP0] [INFO][FlexKV-SGLang] operation=lookup act=complete status=miss sglang_req_id="bounded_on-measure_01-cold-4" flexkv_task_id=159 tokens=7936 hit_tokens=0 hit_blocks=0 lookup_time=0.0004s
[2026-09-29 09:18:12 TP0 EP0] Prefill batch, #new-seq: 1, #new-token: 7936, #cached-token: 0, #cached-device: 0, #cached-host: 0, #cached-storage: 0, actual-hit-rate: 0.000000, token usage: 0.25, #running-req: 3, #queue-req: 4, #pending-token: 33024, cuda graph: False, input throughput (token/s): 47987.49
[2026-09-29 09:18:12 TP0 EP0] [INFO][FlexKV-SGLang] operation=lookup act=complete status=miss sglang_req_id="bounded_on-measure_01-cold-4" flexkv_task_id=160 tokens=7936 hit_tokens=0 hit_blocks=0 lookup_time=0.0004s
[2026-09-29 09:18:12 TP0 EP0] Prefill batch, #new-seq: 1, #new-token: 256, #cached-token: 0, #cached-device: 0, #cached-host: 0, #cached-storage: 0, actual-hit-rate: 0.000000, token usage: 0.31, #running-req: 3, #queue-req: 3, #pending-token: 32768, cuda graph: False, input throughput (token/s): 1414.93
[2026-09-29 09:18:12 TP0 EP0] [INFO][FlexKV-SGLang] operation=lookup act=complete status=miss sglang_req_id="bounded_on-measure_01-cold-5" flexkv_task_id=161 tokens=7936 hit_tokens=0 hit_blocks=0 lookup_time=0.0004s
[2026-09-29 09:18:12 TP0 EP0] Prefill batch, #new-seq: 1, #new-token: 7936, #cached-token: 0, #cached-device: 0, #cached-host: 0, #cached-storage: 0, actual-hit-rate: 0.000000, token usage: 0.31, #running-req: 4, #queue-req: 3, #pending-token: 24832, cuda graph: False, input throughput (token/s): 47947.76
[2026-09-29 09:18:12 TP0 EP0] [INFO][FlexKV-SGLang] operation=lookup act=complete status=miss sglang_req_id="bounded_on-measure_01-cold-5" flexkv_task_id=162 tokens=7936 hit_tokens=0 hit_blocks=0 lookup_time=0.0004s
[2026-09-29 09:18:12 TP0 EP0] Prefill batch, #new-seq: 1, #new-token: 256, #cached-token: 0, #cached-device: 0, #cached-host: 0, #cached-storage: 0, actual-hit-rate: 0.000000, token usage: 0.37, #running-req: 4, #queue-req: 2, #pending-token: 24576, cuda graph: False, input throughput (token/s): 1414.53
[2026-09-29 09:18:12 TP0 EP0] [INFO][FlexKV-SGLang] operation=lookup act=complete status=miss sglang_req_id="bounded_on-measure_01-cold-6" flexkv_task_id=163 tokens=7936 hit_tokens=0 hit_blocks=0 lookup_time=0.0004s
[2026-09-29 09:18:12 TP0 EP0] Prefill batch, #new-seq: 1, #new-token: 7936, #cached-token: 0, #cached-device: 0, #cached-host: 0, #cached-storage: 0, actual-hit-rate: 0.000000, token usage: 0.38, #running-req: 5, #queue-req: 2, #pending-token: 16640, cuda graph: False, input throughput (token/s): 48353.44
[2026-09-29 09:18:12 TP0 EP0] [INFO][FlexKV-SGLang] operation=lookup act=complete status=miss sglang_req_id="bounded_on-measure_01-cold-6" flexkv_task_id=164 tokens=7936 hit_tokens=0 hit_blocks=0 lookup_time=0.0004s
[2026-09-29 09:18:13 TP0 EP0] Prefill batch, #new-seq: 1, #new-token: 256, #cached-token: 0, #cached-device: 0, #cached-host: 0, #cached-storage: 0, actual-hit-rate: 0.000000, token usage: 0.44, #running-req: 5, #queue-req: 1, #pending-token: 16384, cuda graph: False, input throughput (token/s): 1418.20
[2026-09-29 09:18:13 TP0 EP0] Prefill batch, #new-seq: 1, #new-token: 7936, #cached-token: 0, #cached-device: 0, #cached-host: 0, #cached-storage: 0, actual-hit-rate: 0.000000, token usage: 0.44, #running-req: 6, #queue-req: 1, #pending-token: 8448, cuda graph: False, input throughput (token/s): 48636.42
[2026-09-29 09:18:13 TP0 EP0] Prefill batch, #new-seq: 1, #new-token: 256, #cached-token: 0, #cached-device: 0, #cached-host: 0, #cached-storage: 0, actual-hit-rate: 0.000000, token usage: 0.45, #running-req: 6, #queue-req: 1, #pending-token: 8192, cuda graph: False, input throughput (token/s): 1626.71
[2026-09-29 09:18:13 TP2 EP2] [FlexKV] store prefix length aligned from 8194 to 8192 tokens for rid=bounded_on-measure_01-cold-0
[2026-09-29 09:18:13 TP4 EP4] [FlexKV] store prefix length aligned from 8194 to 8192 tokens for rid=bounded_on-measure_01-cold-0
[2026-09-29 09:18:13 TP5 EP5] [FlexKV] store prefix length aligned from 8194 to 8192 tokens for rid=bounded_on-measure_01-cold-0
[2026-09-29 09:18:13 TP6 EP6] [FlexKV] store prefix length aligned from 8194 to 8192 tokens for rid=bounded_on-measure_01-cold-0
[2026-09-29 09:18:13 TP1 EP1] [FlexKV] store prefix length aligned from 8194 to 8192 tokens for rid=bounded_on-measure_01-cold-0
[2026-09-29 09:18:13 TP0 EP0] [FlexKV] store prefix length aligned from 8194 to 8192 tokens for rid=bounded_on-measure_01-cold-0
[2026-09-29 09:18:13 TP2 EP2] [FlexKV] store prefix length aligned from 8194 to 8192 tokens for rid=bounded_on-measure_01-cold-1
[2026-09-29 09:18:13 TP5 EP5] [FlexKV] store prefix length aligned from 8194 to 8192 tokens for rid=bounded_on-measure_01-cold-1
[2026-09-29 09:18:13 TP4 EP4] [FlexKV] store prefix length aligned from 8194 to 8192 tokens for rid=bounded_on-measure_01-cold-1
[2026-09-29 09:18:13 TP1 EP1] [FlexKV] store prefix length aligned from 8194 to 8192 tokens for rid=bounded_on-measure_01-cold-1
[2026-09-29 09:18:13 TP6 EP6] [FlexKV] store prefix length aligned from 8194 to 8192 tokens for rid=bounded_on-measure_01-cold-1
[2026-09-29 09:18:13 TP0 EP0] [FlexKV] store prefix length aligned from 8194 to 8192 tokens for rid=bounded_on-measure_01-cold-1
[2026-09-29 09:18:13 TP2 EP2] [FlexKV] store prefix length aligned from 8194 to 8192 tokens for rid=bounded_on-measure_01-cold-2
[2026-09-29 09:18:13 TP5 EP5] [FlexKV] store prefix length aligned from 8194 to 8192 tokens for rid=bounded_on-measure_01-cold-2
[2026-09-29 09:18:13 TP1 EP1] [FlexKV] store prefix length aligned from 8194 to 8192 tokens for rid=bounded_on-measure_01-cold-2
[2026-09-29 09:18:13 TP4 EP4] [FlexKV] store prefix length aligned from 8194 to 8192 tokens for rid=bounded_on-measure_01-cold-2
[2026-09-29 09:18:13 TP6 EP6] [FlexKV] store prefix length aligned from 8194 to 8192 tokens for rid=bounded_on-measure_01-cold-2
[2026-09-29 09:18:13 TP0 EP0] [FlexKV] store prefix length aligned from 8194 to 8192 tokens for rid=bounded_on-measure_01-cold-2
[2026-09-29 09:18:13 TP3 EP3] [FlexKV] store prefix length aligned from 8194 to 8192 tokens for rid=bounded_on-measure_01-cold-0
[2026-09-29 09:18:13 TP2 EP2] [FlexKV] store prefix length aligned from 8194 to 8192 tokens for rid=bounded_on-measure_01-cold-3
[2026-09-29 09:18:13 TP7 EP7] [FlexKV] store prefix length aligned from 8194 to 8192 tokens for rid=bounded_on-measure_01-cold-0
[2026-09-29 09:18:13 TP5 EP5] [FlexKV] store prefix length aligned from 8194 to 8192 tokens for rid=bounded_on-measure_01-cold-3
[2026-09-29 09:18:13 TP1 EP1] [FlexKV] store prefix length aligned from 8194 to 8192 tokens for rid=bounded_on-measure_01-cold-3
[2026-09-29 09:18:13 TP4 EP4] [FlexKV] store prefix length aligned from 8194 to 8192 tokens for rid=bounded_on-measure_01-cold-3
[2026-09-29 09:18:13 TP6 EP6] [FlexKV] store prefix length aligned from 8194 to 8192 tokens for rid=bounded_on-measure_01-cold-3
[2026-09-29 09:18:13 TP0 EP0] [FlexKV] store prefix length aligned from 8194 to 8192 tokens for rid=bounded_on-measure_01-cold-3
[2026-09-29 09:18:13 TP3 EP3] [FlexKV] store prefix length aligned from 8194 to 8192 tokens for rid=bounded_on-measure_01-cold-1
[2026-09-29 09:18:13 TP2 EP2] [FlexKV] store prefix length aligned from 8194 to 8192 tokens for rid=bounded_on-measure_01-cold-4
[2026-09-29 09:18:13 TP4 EP4] [FlexKV] store prefix length aligned from 8194 to 8192 tokens for rid=bounded_on-measure_01-cold-4
[2026-09-29 09:18:13 TP1 EP1] [FlexKV] store prefix length aligned from 8194 to 8192 tokens for rid=bounded_on-measure_01-cold-4
[2026-09-29 09:18:13 TP5 EP5] [FlexKV] store prefix length aligned from 8194 to 8192 tokens for rid=bounded_on-measure_01-cold-4
[2026-09-29 09:18:13 TP0 EP0] [FlexKV] store prefix length aligned from 8194 to 8192 tokens for rid=bounded_on-measure_01-cold-4
[2026-09-29 09:18:13 TP6 EP6] [FlexKV] store prefix length aligned from 8194 to 8192 tokens for rid=bounded_on-measure_01-cold-4
[2026-09-29 09:18:13 TP7 EP7] [FlexKV] store prefix length aligned from 8194 to 8192 tokens for rid=bounded_on-measure_01-cold-1
[2026-09-29 09:18:13 TP3 EP3] [FlexKV] store prefix length aligned from 8194 to 8192 tokens for rid=bounded_on-measure_01-cold-2
[2026-09-29 09:18:13 TP2 EP2] [FlexKV] store prefix length aligned from 8194 to 8192 tokens for rid=bounded_on-measure_01-cold-5
[2026-09-29 09:18:13 TP4 EP4] [FlexKV] store prefix length aligned from 8194 to 8192 tokens for rid=bounded_on-measure_01-cold-5
[2026-09-29 09:18:13 TP5 EP5] [FlexKV] store prefix length aligned from 8194 to 8192 tokens for rid=bounded_on-measure_01-cold-5
[2026-09-29 09:18:13 TP1 EP1] [FlexKV] store prefix length aligned from 8194 to 8192 tokens for rid=bounded_on-measure_01-cold-5
[2026-09-29 09:18:13 TP6 EP6] [FlexKV] store prefix length aligned from 8194 to 8192 tokens for rid=bounded_on-measure_01-cold-5
[2026-09-29 09:18:13 TP0 EP0] [FlexKV] store prefix length aligned from 8194 to 8192 tokens for rid=bounded_on-measure_01-cold-5
[2026-09-29 09:18:13 TP7 EP7] [FlexKV] store prefix length aligned from 8194 to 8192 tokens for rid=bounded_on-measure_01-cold-2
[2026-09-29 09:18:13 TP2 EP2] [FlexKV] store prefix length aligned from 8194 to 8192 tokens for rid=bounded_on-measure_01-cold-6
[2026-09-29 09:18:13 TP3 EP3] [FlexKV] store prefix length aligned from 8194 to 8192 tokens for rid=bounded_on-measure_01-cold-3
[2026-09-29 09:18:13 TP4 EP4] [FlexKV] store prefix length aligned from 8194 to 8192 tokens for rid=bounded_on-measure_01-cold-6
[2026-09-29 09:18:13 TP1 EP1] [FlexKV] store prefix length aligned from 8194 to 8192 tokens for rid=bounded_on-measure_01-cold-6
[2026-09-29 09:18:13 TP5 EP5] [FlexKV] store prefix length aligned from 8194 to 8192 tokens for rid=bounded_on-measure_01-cold-6
[2026-09-29 09:18:13 TP6 EP6] [FlexKV] store prefix length aligned from 8194 to 8192 tokens for rid=bounded_on-measure_01-cold-6
[2026-09-29 09:18:13 TP0 EP0] [FlexKV] store prefix length aligned from 8194 to 8192 tokens for rid=bounded_on-measure_01-cold-6
[2026-09-29 09:18:13 TP7 EP7] [FlexKV] store prefix length aligned from 8194 to 8192 tokens for rid=bounded_on-measure_01-cold-3
[2026-09-29 09:18:13 TP3 EP3] [FlexKV] store prefix length aligned from 8194 to 8192 tokens for rid=bounded_on-measure_01-cold-4
[2026-09-29 09:18:13 TP7 EP7] [FlexKV] store prefix length aligned from 8194 to 8192 tokens for rid=bounded_on-measure_01-cold-4
[2026-09-29 09:18:13 TP3 EP3] [FlexKV] store prefix length aligned from 8194 to 8192 tokens for rid=bounded_on-measure_01-cold-5
[2026-09-29 09:18:13 TP7 EP7] [FlexKV] store prefix length aligned from 8194 to 8192 tokens for rid=bounded_on-measure_01-cold-5
[2026-09-29 09:18:13 TP3 EP3] [FlexKV] store prefix length aligned from 8194 to 8192 tokens for rid=bounded_on-measure_01-cold-6
[2026-09-29 09:18:13 TP7 EP7] [FlexKV] store prefix length aligned from 8194 to 8192 tokens for rid=bounded_on-measure_01-cold-6
[FLEXKV] INFO 09-29 09:18:13.499 [cache_engine.py:2605] [FlexKV-SEGV-DEBUG] cache_engine create D2H op (local_put) request_id=165, op_id=64, graph_id=234, dp_client_id=0, fragment12_num_blocks=32, fragment2_num_blocks=0, gpu_src: count=32, min=0, max=0, dtype=int64, cpu_dst: count=32, min=1024, max=1055, dtype=int64
[2026-09-29 09:18:13 TP0 EP0] [INFO][FlexKV-SGLang] operation=store act=launch status=running direction=D2H sglang_req_id="bounded_on-measure_01-cold-0" flexkv_task_id=165 mode=no-layerwise tokens=8192 slots=8192 swa_slots=0
[FLEXKV] INFO 09-29 09:18:13.500 [cache_engine.py:2605] [FlexKV-SEGV-DEBUG] cache_engine create D2H op (local_put) request_id=166, op_id=65, graph_id=235, dp_client_id=0, fragment12_num_blocks=32, fragment2_num_blocks=0, gpu_src: count=32, min=0, max=0, dtype=int64, cpu_dst: count=32, min=1056, max=1087, dtype=int64
[2026-09-29 09:18:13 TP0 EP0] [INFO][FlexKV-SGLang] operation=store act=launch status=running direction=D2H sglang_req_id="bounded_on-measure_01-cold-1" flexkv_task_id=166 mode=no-layerwise tokens=8192 slots=8192 swa_slots=0
[FLEXKV] INFO 09-29 09:18:13.501 [cache_engine.py:2605] [FlexKV-SEGV-DEBUG] cache_engine create D2H op (local_put) request_id=167, op_id=66, graph_id=236, dp_client_id=0, fragment12_num_blocks=32, fragment2_num_blocks=0, gpu_src: count=32, min=0, max=0, dtype=int64, cpu_dst: count=32, min=1088, max=1119, dtype=int64
[FLEXKV] INFO 09-29 09:18:13.501 [runtime.py:577] [FlexKV-IO] operation=transfer act=complete status=success direction=D2H blocks=32 op_id=64 graph_id=234 mode=no-layerwise data_size=0.00679016GB transfer_time=0.0008s bandwidth=9.37GB/s
[2026-09-29 09:18:13 TP0 EP0] [INFO][FlexKV-SGLang] operation=store act=launch status=running direction=D2H sglang_req_id="bounded_on-measure_01-cold-2" flexkv_task_id=167 mode=no-layerwise tokens=8192 slots=8192 swa_slots=0
[FLEXKV] INFO 09-29 09:18:13.502 [cache_engine.py:2605] [FlexKV-SEGV-DEBUG] cache_engine create D2H op (local_put) request_id=168, op_id=67, graph_id=237, dp_client_id=0, fragment12_num_blocks=32, fragment2_num_blocks=0, gpu_src: count=32, min=0, max=0, dtype=int64, cpu_dst: count=32, min=1120, max=1151, dtype=int64
[FLEXKV] INFO 09-29 09:18:13.502 [runtime.py:577] [FlexKV-IO] operation=transfer act=complete status=success direction=D2H blocks=32 op_id=65 graph_id=235 mode=no-layerwise data_size=0.00679016GB transfer_time=0.0008s bandwidth=9.31GB/s
[2026-09-29 09:18:13 TP0 EP0] [INFO][FlexKV-SGLang] operation=store act=launch status=running direction=D2H sglang_req_id="bounded_on-measure_01-cold-3" flexkv_task_id=168 mode=no-layerwise tokens=8192 slots=8192 swa_slots=0
[FLEXKV] INFO 09-29 09:18:13.503 [kvtask.py:300] [FlexKV-IO] operation=put act=complete status=success flexkv_task_id=165 graph_id=234 task_time=0.0041s
[FLEXKV] INFO 09-29 09:18:13.503 [cache_engine.py:2605] [FlexKV-SEGV-DEBUG] cache_engine create D2H op (local_put) request_id=169, op_id=68, graph_id=238, dp_client_id=0, fragment12_num_blocks=32, fragment2_num_blocks=0, gpu_src: count=32, min=0, max=0, dtype=int64, cpu_dst: count=32, min=1152, max=1183, dtype=int64
[2026-09-29 09:18:13 TP0 EP0] [INFO][FlexKV-SGLang] operation=store act=launch status=running direction=D2H sglang_req_id="bounded_on-measure_01-cold-4" flexkv_task_id=169 mode=no-layerwise tokens=8192 slots=8192 swa_slots=0
[FLEXKV] INFO 09-29 09:18:13.504 [runtime.py:577] [FlexKV-IO] operation=transfer act=complete status=success direction=D2H blocks=32 op_id=66 graph_id=236 mode=no-layerwise data_size=0.00679016GB transfer_time=0.0006s bandwidth=12.63GB/s
[FLEXKV] INFO 09-29 09:18:13.504 [cache_engine.py:2605] [FlexKV-SEGV-DEBUG] cache_engine create D2H op (local_put) request_id=170, op_id=69, graph_id=239, dp_client_id=0, fragment12_num_blocks=32, fragment2_num_blocks=0, gpu_src: count=32, min=0, max=0, dtype=int64, cpu_dst: count=32, min=1184, max=1215, dtype=int64
[2026-09-29 09:18:13 TP0 EP0] [INFO][FlexKV-SGLang] operation=store act=launch status=running direction=D2H sglang_req_id="bounded_on-measure_01-cold-5" flexkv_task_id=170 mode=no-layerwise tokens=8192 slots=8192 swa_slots=0
[FLEXKV] INFO 09-29 09:18:13.505 [kvtask.py:300] [FlexKV-IO] operation=put act=complete status=success flexkv_task_id=166 graph_id=235 task_time=0.0053s
[FLEXKV] INFO 09-29 09:18:13.506 [cache_engine.py:2605] [FlexKV-SEGV-DEBUG] cache_engine create D2H op (local_put) request_id=171, op_id=70, graph_id=240, dp_client_id=0, fragment12_num_blocks=32, fragment2_num_blocks=0, gpu_src: count=32, min=0, max=0, dtype=int64, cpu_dst: count=32, min=1216, max=1247, dtype=int64
[2026-09-29 09:18:13 TP0 EP0] [INFO][FlexKV-SGLang] operation=store act=launch status=running direction=D2H sglang_req_id="bounded_on-measure_01-cold-6" flexkv_task_id=171 mode=no-layerwise tokens=8192 slots=8192 swa_slots=0
[FLEXKV] INFO 09-29 09:18:13.508 [runtime.py:577] [FlexKV-IO] operation=transfer act=complete status=success direction=D2H blocks=32 op_id=67 graph_id=237 mode=no-layerwise data_size=0.00679016GB transfer_time=0.0008s bandwidth=9.67GB/s
[FLEXKV] INFO 09-29 09:18:13.509 [runtime.py:577] [FlexKV-IO] operation=transfer act=complete status=success direction=D2H blocks=32 op_id=68 graph_id=238 mode=no-layerwise data_size=0.00679016GB transfer_time=0.0007s bandwidth=10.95GB/s
[FLEXKV] INFO 09-29 09:18:13.510 [runtime.py:577] [FlexKV-IO] operation=transfer act=complete status=success direction=D2H blocks=32 op_id=69 graph_id=239 mode=no-layerwise data_size=0.00679016GB transfer_time=0.0008s bandwidth=9.66GB/s
[FLEXKV] INFO 09-29 09:18:13.511 [runtime.py:577] [FlexKV-IO] operation=transfer act=complete status=success direction=D2H blocks=32 op_id=70 graph_id=240 mode=no-layerwise data_size=0.00679016GB transfer_time=0.0007s bandwidth=10.45GB/s
[FLEXKV] INFO 09-29 09:18:13.512 [kvtask.py:300] [FlexKV-IO] operation=put act=complete status=success flexkv_task_id=167 graph_id=236 task_time=0.0108s
[FLEXKV] INFO 09-29 09:18:13.512 [kvtask.py:300] [FlexKV-IO] operation=put act=complete status=success flexkv_task_id=168 graph_id=237 task_time=0.0099s
[FLEXKV] INFO 09-29 09:18:13.512 [kvtask.py:300] [FlexKV-IO] operation=put act=complete status=success flexkv_task_id=169 graph_id=238 task_time=0.0087s
[FLEXKV] INFO 09-29 09:18:13.512 [kvtask.py:300] [FlexKV-IO] operation=put act=complete status=success flexkv_task_id=170 graph_id=239 task_time=0.0078s
[2026-09-29 09:18:13 TP0 EP0] [INFO][FlexKV-SGLang] operation=store act=complete status=success direction=D2H sglang_req_id="bounded_on-measure_01-cold-0" flexkv_task_id=165 mode=no-layerwise store_time=0.0140s
[2026-09-29 09:18:13 TP0 EP0] [INFO][FlexKV-SGLang] operation=store act=complete status=success direction=D2H sglang_req_id="bounded_on-measure_01-cold-1" flexkv_task_id=166 mode=no-layerwise store_time=0.0129s
[2026-09-29 09:18:13 TP0 EP0] [INFO][FlexKV-SGLang] operation=store act=complete status=success direction=D2H sglang_req_id="bounded_on-measure_01-cold-2" flexkv_task_id=167 mode=no-layerwise store_time=0.0118s
[2026-09-29 09:18:13 TP0 EP0] [INFO][FlexKV-SGLang] operation=store act=complete status=success direction=D2H sglang_req_id="bounded_on-measure_01-cold-3" flexkv_task_id=168 mode=no-layerwise store_time=0.0108s
[2026-09-29 09:18:13 TP0 EP0] [INFO][FlexKV-SGLang] operation=store act=complete status=success direction=D2H sglang_req_id="bounded_on-measure_01-cold-4" flexkv_task_id=169 mode=no-layerwise store_time=0.0098s
[2026-09-29 09:18:13 TP0 EP0] [INFO][FlexKV-SGLang] operation=store act=complete status=success direction=D2H sglang_req_id="bounded_on-measure_01-cold-5" flexkv_task_id=170 mode=no-layerwise store_time=0.0086s
[FLEXKV] INFO 09-29 09:18:13.513 [kvtask.py:300] [FlexKV-IO] operation=put act=complete status=success flexkv_task_id=171 graph_id=240 task_time=0.0074s
[2026-09-29 09:18:13 TP0 EP0] [INFO][FlexKV-SGLang] operation=lookup act=complete status=miss sglang_req_id="bounded_on-measure_01-cold-7" flexkv_task_id=172 tokens=7936 hit_tokens=0 hit_blocks=0 lookup_time=0.0006s
[2026-09-29 09:18:13 TP0 EP0] [INFO][FlexKV-SGLang] operation=store act=complete status=success direction=D2H sglang_req_id="bounded_on-measure_01-cold-6" flexkv_task_id=171 mode=no-layerwise store_time=0.1869s
[2026-09-29 09:18:13 TP0 EP0] Prefill batch, #new-seq: 1, #new-token: 7936, #cached-token: 0, #cached-device: 0, #cached-host: 0, #cached-storage: 0, actual-hit-rate: 0.000000, token usage: 0.06, #running-req: 0, #queue-req: 0, #pending-token: 256, cuda graph: False, input throughput (token/s): 15468.32
[2026-09-29 09:18:14 TP0 EP0] Prefill batch, #new-seq: 1, #new-token: 256, #cached-token: 0, #cached-device: 0, #cached-host: 0, #cached-storage: 0, actual-hit-rate: 0.000000, token usage: 0.06, #running-req: 0, #queue-req: 0, #pending-token: 0, cuda graph: False, input throughput (token/s): 1669.10
[2026-09-29 09:18:14 TP2 EP2] [FlexKV] store prefix length aligned from 8194 to 8192 tokens for rid=bounded_on-measure_01-cold-7
[2026-09-29 09:18:14 TP1 EP1] [FlexKV] store prefix length aligned from 8194 to 8192 tokens for rid=bounded_on-measure_01-cold-7
[2026-09-29 09:18:14 TP5 EP5] [FlexKV] store prefix length aligned from 8194 to 8192 tokens for rid=bounded_on-measure_01-cold-7
[2026-09-29 09:18:14 TP6 EP6] [FlexKV] store prefix length aligned from 8194 to 8192 tokens for rid=bounded_on-measure_01-cold-7
[2026-09-29 09:18:14 TP4 EP4] [FlexKV] store prefix length aligned from 8194 to 8192 tokens for rid=bounded_on-measure_01-cold-7
[2026-09-29 09:18:14 TP0 EP0] [FlexKV] store prefix length aligned from 8194 to 8192 tokens for rid=bounded_on-measure_01-cold-7
[2026-09-29 09:18:14 TP7 EP7] [FlexKV] store prefix length aligned from 8194 to 8192 tokens for rid=bounded_on-measure_01-cold-7
[2026-09-29 09:18:14 TP3 EP3] [FlexKV] store prefix length aligned from 8194 to 8192 tokens for rid=bounded_on-measure_01-cold-7
[FLEXKV] INFO 09-29 09:18:14.162 [cache_engine.py:2605] [FlexKV-SEGV-DEBUG] cache_engine create D2H op (local_put) request_id=173, op_id=71, graph_id=243, dp_client_id=0, fragment12_num_blocks=32, fragment2_num_blocks=0, gpu_src: count=32, min=0, max=0, dtype=int64, cpu_dst: count=32, min=1248, max=1279, dtype=int64
[2026-09-29 09:18:14 TP0 EP0] [INFO][FlexKV-SGLang] operation=store act=launch status=running direction=D2H sglang_req_id="bounded_on-measure_01-cold-7" flexkv_task_id=173 mode=no-layerwise tokens=8192 slots=8192 swa_slots=0
[FLEXKV] INFO 09-29 09:18:14.164 [runtime.py:577] [FlexKV-IO] operation=transfer act=complete status=success direction=D2H blocks=32 op_id=71 graph_id=243 mode=no-layerwise data_size=0.00679016GB transfer_time=0.0008s bandwidth=9.40GB/s
[FLEXKV] INFO 09-29 09:18:14.167 [kvtask.py:300] [FlexKV-IO] operation=put act=complete status=success flexkv_task_id=173 graph_id=243 task_time=0.0044s
[2026-09-29 09:18:14 TP0 EP0] [INFO][FlexKV-SGLang] operation=store act=complete status=success direction=D2H sglang_req_id="bounded_on-measure_01-cold-7" flexkv_task_id=173 mode=no-layerwise store_time=0.0052s
[2026-09-29 09:18:14] INFO:     127.0.0.1:32908 - "GET /metrics HTTP/1.1" 200 OK
