[2026-09-29 09:18:16] INFO:     127.0.0.1:32908 - "POST /generate HTTP/1.1" 200 OK
[2026-09-29 09:18:16 TP4 EP4] [FlexKV] sglang startprefetch: request=bounded_on-measure_02-cold-0
[2026-09-29 09:18:16 TP0 EP0] [FlexKV] sglang startprefetch: request=bounded_on-measure_02-cold-0
[2026-09-29 09:18:16 TP4 EP4] [FlexKV] sglang startprefetch: request=bounded_on-measure_02-cold-1
[2026-09-29 09:18:16 TP0 EP0] [FlexKV] sglang startprefetch: request=bounded_on-measure_02-cold-1
[2026-09-29 09:18:16 TP4 EP4] [FlexKV] sglang startprefetch: request=bounded_on-measure_02-cold-2
[2026-09-29 09:18:16 TP0 EP0] [FlexKV] sglang startprefetch: request=bounded_on-measure_02-cold-2
[2026-09-29 09:18:16 TP4 EP4] [FlexKV] sglang startprefetch: request=bounded_on-measure_02-cold-3
[2026-09-29 09:18:16 TP2 EP2] [FlexKV] sglang startprefetch: request=bounded_on-measure_02-cold-0
[2026-09-29 09:18:16 TP0 EP0] [FlexKV] sglang startprefetch: request=bounded_on-measure_02-cold-3
[2026-09-29 09:18:16 TP4 EP4] [FlexKV] sglang startprefetch: request=bounded_on-measure_02-cold-4
[2026-09-29 09:18:16 TP0 EP0] [FlexKV] sglang startprefetch: request=bounded_on-measure_02-cold-4
[2026-09-29 09:18:16 TP2 EP2] [FlexKV] sglang startprefetch: request=bounded_on-measure_02-cold-1
[2026-09-29 09:18:16 TP4 EP4] [FlexKV] sglang startprefetch: request=bounded_on-measure_02-cold-5
[2026-09-29 09:18:16 TP6 EP6] [FlexKV] sglang startprefetch: request=bounded_on-measure_02-cold-0
[2026-09-29 09:18:16 TP4 EP4] [FlexKV] sglang startprefetch: request=bounded_on-measure_02-cold-6
[2026-09-29 09:18:16 TP2 EP2] [FlexKV] sglang startprefetch: request=bounded_on-measure_02-cold-2
[2026-09-29 09:18:16 TP1 EP1] [FlexKV] sglang startprefetch: request=bounded_on-measure_02-cold-0
[2026-09-29 09:18:16 TP0 EP0] [FlexKV] sglang startprefetch: request=bounded_on-measure_02-cold-5
[2026-09-29 09:18:16 TP6 EP6] [FlexKV] sglang startprefetch: request=bounded_on-measure_02-cold-1
[2026-09-29 09:18:16 TP4 EP4] [FlexKV] sglang startprefetch: request=bounded_on-measure_02-cold-7
[2026-09-29 09:18:16 TP2 EP2] [FlexKV] sglang startprefetch: request=bounded_on-measure_02-cold-3
[2026-09-29 09:18:16 TP3 EP3] [FlexKV] sglang startprefetch: request=bounded_on-measure_02-cold-0
[2026-09-29 09:18:16 TP1 EP1] [FlexKV] sglang startprefetch: request=bounded_on-measure_02-cold-1
[2026-09-29 09:18:16 TP6 EP6] [FlexKV] sglang startprefetch: request=bounded_on-measure_02-cold-2
[2026-09-29 09:18:16 TP0 EP0] [FlexKV] sglang startprefetch: request=bounded_on-measure_02-cold-6
[2026-09-29 09:18:16 TP2 EP2] [FlexKV] sglang startprefetch: request=bounded_on-measure_02-cold-4
[2026-09-29 09:18:16 TP5 EP5] [FlexKV] sglang startprefetch: request=bounded_on-measure_02-cold-0
[2026-09-29 09:18:16 TP6 EP6] [FlexKV] sglang startprefetch: request=bounded_on-measure_02-cold-3
[2026-09-29 09:18:16 TP7 EP7] [FlexKV] sglang startprefetch: request=bounded_on-measure_02-cold-0
[2026-09-29 09:18:16 TP1 EP1] [FlexKV] sglang startprefetch: request=bounded_on-measure_02-cold-2
[2026-09-29 09:18:16 TP0 EP0] [FlexKV] sglang startprefetch: request=bounded_on-measure_02-cold-7
[2026-09-29 09:18:16 TP2 EP2] [FlexKV] sglang startprefetch: request=bounded_on-measure_02-cold-5
[2026-09-29 09:18:16 TP3 EP3] [FlexKV] sglang startprefetch: request=bounded_on-measure_02-cold-1
[2026-09-29 09:18:16 TP6 EP6] [FlexKV] sglang startprefetch: request=bounded_on-measure_02-cold-4
[2026-09-29 09:18:16 TP1 EP1] [FlexKV] sglang startprefetch: request=bounded_on-measure_02-cold-3
[2026-09-29 09:18:16 TP2 EP2] [FlexKV] sglang startprefetch: request=bounded_on-measure_02-cold-6
[2026-09-29 09:18:16 TP5 EP5] [FlexKV] sglang startprefetch: request=bounded_on-measure_02-cold-1
[2026-09-29 09:18:16 TP3 EP3] [FlexKV] sglang startprefetch: request=bounded_on-measure_02-cold-2
[2026-09-29 09:18:16 TP7 EP7] [FlexKV] sglang startprefetch: request=bounded_on-measure_02-cold-1
[2026-09-29 09:18:16 TP6 EP6] [FlexKV] sglang startprefetch: request=bounded_on-measure_02-cold-5
[2026-09-29 09:18:16 TP2 EP2] [FlexKV] sglang startprefetch: request=bounded_on-measure_02-cold-7
[2026-09-29 09:18:16 TP1 EP1] [FlexKV] sglang startprefetch: request=bounded_on-measure_02-cold-4
[2026-09-29 09:18:16 TP3 EP3] [FlexKV] sglang startprefetch: request=bounded_on-measure_02-cold-3
[2026-09-29 09:18:16 TP5 EP5] [FlexKV] sglang startprefetch: request=bounded_on-measure_02-cold-2
[2026-09-29 09:18:16 TP7 EP7] [FlexKV] sglang startprefetch: request=bounded_on-measure_02-cold-2
[2026-09-29 09:18:16 TP6 EP6] [FlexKV] sglang startprefetch: request=bounded_on-measure_02-cold-6
[2026-09-29 09:18:16 TP1 EP1] [FlexKV] sglang startprefetch: request=bounded_on-measure_02-cold-5
[2026-09-29 09:18:16 TP3 EP3] [FlexKV] sglang startprefetch: request=bounded_on-measure_02-cold-4
[2026-09-29 09:18:16 TP5 EP5] [FlexKV] sglang startprefetch: request=bounded_on-measure_02-cold-3
[2026-09-29 09:18:16 TP7 EP7] [FlexKV] sglang startprefetch: request=bounded_on-measure_02-cold-3
[2026-09-29 09:18:16 TP6 EP6] [FlexKV] sglang startprefetch: request=bounded_on-measure_02-cold-7
[2026-09-29 09:18:16 TP1 EP1] [FlexKV] sglang startprefetch: request=bounded_on-measure_02-cold-6
[2026-09-29 09:18:16 TP3 EP3] [FlexKV] sglang startprefetch: request=bounded_on-measure_02-cold-5
[2026-09-29 09:18:16 TP5 EP5] [FlexKV] sglang startprefetch: request=bounded_on-measure_02-cold-4
[2026-09-29 09:18:16 TP7 EP7] [FlexKV] sglang startprefetch: request=bounded_on-measure_02-cold-4
[2026-09-29 09:18:16 TP1 EP1] [FlexKV] sglang startprefetch: request=bounded_on-measure_02-cold-7
[2026-09-29 09:18:16 TP3 EP3] [FlexKV] sglang startprefetch: request=bounded_on-measure_02-cold-6
[2026-09-29 09:18:16 TP5 EP5] [FlexKV] sglang startprefetch: request=bounded_on-measure_02-cold-5
[2026-09-29 09:18:16 TP7 EP7] [FlexKV] sglang startprefetch: request=bounded_on-measure_02-cold-5
[2026-09-29 09:18:16 TP3 EP3] [FlexKV] sglang startprefetch: request=bounded_on-measure_02-cold-7
[2026-09-29 09:18:16 TP5 EP5] [FlexKV] sglang startprefetch: request=bounded_on-measure_02-cold-6
[2026-09-29 09:18:16 TP7 EP7] [FlexKV] sglang startprefetch: request=bounded_on-measure_02-cold-6
[2026-09-29 09:18:16 TP0 EP0] [INFO][FlexKV-SGLang] operation=lookup act=complete status=miss sglang_req_id="bounded_on-measure_02-cold-0" flexkv_task_id=190 tokens=7936 hit_tokens=0 hit_blocks=0 lookup_time=0.0004s
[2026-09-29 09:18:16 TP5 EP5] [FlexKV] sglang startprefetch: request=bounded_on-measure_02-cold-7
[2026-09-29 09:18:16 TP7 EP7] [FlexKV] sglang startprefetch: request=bounded_on-measure_02-cold-7
[2026-09-29 09:18:16 TP0 EP0] [INFO][FlexKV-SGLang] operation=lookup act=complete status=miss sglang_req_id="bounded_on-measure_02-cold-1" flexkv_task_id=191 tokens=7936 hit_tokens=0 hit_blocks=0 lookup_time=0.0004s
[2026-09-29 09:18:16 TP0 EP0] Prefill batch, #new-seq: 1, #new-token: 7936, #cached-token: 0, #cached-device: 0, #cached-host: 0, #cached-storage: 0, actual-hit-rate: 0.000000, token usage: 0.06, #running-req: 0, #queue-req: 7, #pending-token: 57600, cuda graph: False, input throughput (token/s): 10075.85
[2026-09-29 09:18:16 TP0 EP0] [INFO][FlexKV-SGLang] operation=lookup act=complete status=miss sglang_req_id="bounded_on-measure_02-cold-1" flexkv_task_id=192 tokens=7936 hit_tokens=0 hit_blocks=0 lookup_time=0.0004s
[2026-09-29 09:18:16 TP0 EP0] Prefill batch, #new-seq: 1, #new-token: 256, #cached-token: 0, #cached-device: 0, #cached-host: 0, #cached-storage: 0, actual-hit-rate: 0.000000, token usage: 0.12, #running-req: 0, #queue-req: 6, #pending-token: 57344, cuda graph: False, input throughput (token/s): 1415.50
[2026-09-29 09:18:16 TP0 EP0] [INFO][FlexKV-SGLang] operation=lookup act=complete status=miss sglang_req_id="bounded_on-measure_02-cold-2" flexkv_task_id=193 tokens=7936 hit_tokens=0 hit_blocks=0 lookup_time=0.0005s
[2026-09-29 09:18:17 TP0 EP0] Prefill batch, #new-seq: 1, #new-token: 7936, #cached-token: 0, #cached-device: 0, #cached-host: 0, #cached-storage: 0, actual-hit-rate: 0.000000, token usage: 0.12, #running-req: 1, #queue-req: 6, #pending-token: 49408, cuda graph: False, input throughput (token/s): 47907.74
[2026-09-29 09:18:17 TP0 EP0] [INFO][FlexKV-SGLang] operation=lookup act=complete status=miss sglang_req_id="bounded_on-measure_02-cold-2" flexkv_task_id=194 tokens=7936 hit_tokens=0 hit_blocks=0 lookup_time=0.0004s
[2026-09-29 09:18:17 TP0 EP0] Prefill batch, #new-seq: 1, #new-token: 256, #cached-token: 0, #cached-device: 0, #cached-host: 0, #cached-storage: 0, actual-hit-rate: 0.000000, token usage: 0.19, #running-req: 1, #queue-req: 5, #pending-token: 49152, cuda graph: False, input throughput (token/s): 1411.58
[2026-09-29 09:18:17 TP0 EP0] [INFO][FlexKV-SGLang] operation=lookup act=complete status=miss sglang_req_id="bounded_on-measure_02-cold-3" flexkv_task_id=195 tokens=7936 hit_tokens=0 hit_blocks=0 lookup_time=0.0004s
[2026-09-29 09:18:17 TP0 EP0] Prefill batch, #new-seq: 1, #new-token: 7936, #cached-token: 0, #cached-device: 0, #cached-host: 0, #cached-storage: 0, actual-hit-rate: 0.000000, token usage: 0.19, #running-req: 2, #queue-req: 5, #pending-token: 41216, cuda graph: False, input throughput (token/s): 48179.49
[2026-09-29 09:18:17 TP0 EP0] [INFO][FlexKV-SGLang] operation=lookup act=complete status=miss sglang_req_id="bounded_on-measure_02-cold-3" flexkv_task_id=196 tokens=7936 hit_tokens=0 hit_blocks=0 lookup_time=0.0004s
[2026-09-29 09:18:17 TP0 EP0] Prefill batch, #new-seq: 1, #new-token: 256, #cached-token: 0, #cached-device: 0, #cached-host: 0, #cached-storage: 0, actual-hit-rate: 0.000000, token usage: 0.25, #running-req: 2, #queue-req: 4, #pending-token: 40960, cuda graph: False, input throughput (token/s): 1402.50
[2026-09-29 09:18:17 TP0 EP0] [INFO][FlexKV-SGLang] operation=lookup act=complete status=miss sglang_req_id="bounded_on-measure_02-cold-4" flexkv_task_id=197 tokens=7936 hit_tokens=0 hit_blocks=0 lookup_time=0.0004s
[2026-09-29 09:18:17 TP0 EP0] Prefill batch, #new-seq: 1, #new-token: 7936, #cached-token: 0, #cached-device: 0, #cached-host: 0, #cached-storage: 0, actual-hit-rate: 0.000000, token usage: 0.25, #running-req: 3, #queue-req: 4, #pending-token: 33024, cuda graph: False, input throughput (token/s): 48045.43
[2026-09-29 09:18:17 TP0 EP0] [INFO][FlexKV-SGLang] operation=lookup act=complete status=miss sglang_req_id="bounded_on-measure_02-cold-4" flexkv_task_id=198 tokens=7936 hit_tokens=0 hit_blocks=0 lookup_time=0.0004s
[2026-09-29 09:18:17 TP0 EP0] Prefill batch, #new-seq: 1, #new-token: 256, #cached-token: 0, #cached-device: 0, #cached-host: 0, #cached-storage: 0, actual-hit-rate: 0.000000, token usage: 0.31, #running-req: 3, #queue-req: 3, #pending-token: 32768, cuda graph: False, input throughput (token/s): 1399.89
[2026-09-29 09:18:17 TP0 EP0] [INFO][FlexKV-SGLang] operation=lookup act=complete status=miss sglang_req_id="bounded_on-measure_02-cold-5" flexkv_task_id=199 tokens=7936 hit_tokens=0 hit_blocks=0 lookup_time=0.0004s
[2026-09-29 09:18:18 TP0 EP0] Prefill batch, #new-seq: 1, #new-token: 7936, #cached-token: 0, #cached-device: 0, #cached-host: 0, #cached-storage: 0, actual-hit-rate: 0.000000, token usage: 0.31, #running-req: 4, #queue-req: 3, #pending-token: 24832, cuda graph: False, input throughput (token/s): 48154.41
[2026-09-29 09:18:18 TP0 EP0] [INFO][FlexKV-SGLang] operation=lookup act=complete status=miss sglang_req_id="bounded_on-measure_02-cold-5" flexkv_task_id=200 tokens=7936 hit_tokens=0 hit_blocks=0 lookup_time=0.0004s
[2026-09-29 09:18:18 TP0 EP0] Prefill batch, #new-seq: 1, #new-token: 256, #cached-token: 0, #cached-device: 0, #cached-host: 0, #cached-storage: 0, actual-hit-rate: 0.000000, token usage: 0.37, #running-req: 4, #queue-req: 2, #pending-token: 24576, cuda graph: False, input throughput (token/s): 1417.44
[2026-09-29 09:18:18 TP0 EP0] [INFO][FlexKV-SGLang] operation=lookup act=complete status=miss sglang_req_id="bounded_on-measure_02-cold-6" flexkv_task_id=201 tokens=7936 hit_tokens=0 hit_blocks=0 lookup_time=0.0004s
[2026-09-29 09:18:18 TP0 EP0] Prefill batch, #new-seq: 1, #new-token: 7936, #cached-token: 0, #cached-device: 0, #cached-host: 0, #cached-storage: 0, actual-hit-rate: 0.000000, token usage: 0.38, #running-req: 5, #queue-req: 2, #pending-token: 16640, cuda graph: False, input throughput (token/s): 48230.89
[2026-09-29 09:18:18 TP0 EP0] [INFO][FlexKV-SGLang] operation=lookup act=complete status=miss sglang_req_id="bounded_on-measure_02-cold-6" flexkv_task_id=202 tokens=7936 hit_tokens=0 hit_blocks=0 lookup_time=0.0004s
[2026-09-29 09:18:18 TP0 EP0] Prefill batch, #new-seq: 1, #new-token: 256, #cached-token: 0, #cached-device: 0, #cached-host: 0, #cached-storage: 0, actual-hit-rate: 0.000000, token usage: 0.44, #running-req: 5, #queue-req: 1, #pending-token: 16384, cuda graph: False, input throughput (token/s): 1419.85
[2026-09-29 09:18:18 TP0 EP0] Prefill batch, #new-seq: 1, #new-token: 7936, #cached-token: 0, #cached-device: 0, #cached-host: 0, #cached-storage: 0, actual-hit-rate: 0.000000, token usage: 0.44, #running-req: 6, #queue-req: 1, #pending-token: 8448, cuda graph: False, input throughput (token/s): 48659.75
[2026-09-29 09:18:18 TP0 EP0] Prefill batch, #new-seq: 1, #new-token: 256, #cached-token: 0, #cached-device: 0, #cached-host: 0, #cached-storage: 0, actual-hit-rate: 0.000000, token usage: 0.45, #running-req: 6, #queue-req: 1, #pending-token: 8192, cuda graph: False, input throughput (token/s): 1636.80
[2026-09-29 09:18:19 TP2 EP2] [FlexKV] store prefix length aligned from 8194 to 8192 tokens for rid=bounded_on-measure_02-cold-0
[2026-09-29 09:18:19 TP4 EP4] [FlexKV] store prefix length aligned from 8194 to 8192 tokens for rid=bounded_on-measure_02-cold-0
[2026-09-29 09:18:19 TP1 EP1] [FlexKV] store prefix length aligned from 8194 to 8192 tokens for rid=bounded_on-measure_02-cold-0
[2026-09-29 09:18:19 TP0 EP0] [FlexKV] store prefix length aligned from 8194 to 8192 tokens for rid=bounded_on-measure_02-cold-0
[2026-09-29 09:18:19 TP6 EP6] [FlexKV] store prefix length aligned from 8194 to 8192 tokens for rid=bounded_on-measure_02-cold-0
[2026-09-29 09:18:19 TP5 EP5] [FlexKV] store prefix length aligned from 8194 to 8192 tokens for rid=bounded_on-measure_02-cold-0
[2026-09-29 09:18:19 TP2 EP2] [FlexKV] store prefix length aligned from 8194 to 8192 tokens for rid=bounded_on-measure_02-cold-1
[2026-09-29 09:18:19 TP1 EP1] [FlexKV] store prefix length aligned from 8194 to 8192 tokens for rid=bounded_on-measure_02-cold-1
[2026-09-29 09:18:19 TP4 EP4] [FlexKV] store prefix length aligned from 8194 to 8192 tokens for rid=bounded_on-measure_02-cold-1
[2026-09-29 09:18:19 TP6 EP6] [FlexKV] store prefix length aligned from 8194 to 8192 tokens for rid=bounded_on-measure_02-cold-1
[2026-09-29 09:18:19 TP0 EP0] [FlexKV] store prefix length aligned from 8194 to 8192 tokens for rid=bounded_on-measure_02-cold-1
[2026-09-29 09:18:19 TP5 EP5] [FlexKV] store prefix length aligned from 8194 to 8192 tokens for rid=bounded_on-measure_02-cold-1
[2026-09-29 09:18:19 TP1 EP1] [FlexKV] store prefix length aligned from 8194 to 8192 tokens for rid=bounded_on-measure_02-cold-2
[2026-09-29 09:18:19 TP4 EP4] [FlexKV] store prefix length aligned from 8194 to 8192 tokens for rid=bounded_on-measure_02-cold-2
[2026-09-29 09:18:19 TP2 EP2] [FlexKV] store prefix length aligned from 8194 to 8192 tokens for rid=bounded_on-measure_02-cold-2
[2026-09-29 09:18:19 TP0 EP0] [FlexKV] store prefix length aligned from 8194 to 8192 tokens for rid=bounded_on-measure_02-cold-2
[2026-09-29 09:18:19 TP5 EP5] [FlexKV] store prefix length aligned from 8194 to 8192 tokens for rid=bounded_on-measure_02-cold-2
[2026-09-29 09:18:19 TP6 EP6] [FlexKV] store prefix length aligned from 8194 to 8192 tokens for rid=bounded_on-measure_02-cold-2
[2026-09-29 09:18:19 TP3 EP3] [FlexKV] store prefix length aligned from 8194 to 8192 tokens for rid=bounded_on-measure_02-cold-0
[2026-09-29 09:18:19 TP4 EP4] [FlexKV] store prefix length aligned from 8194 to 8192 tokens for rid=bounded_on-measure_02-cold-3
[2026-09-29 09:18:19 TP1 EP1] [FlexKV] store prefix length aligned from 8194 to 8192 tokens for rid=bounded_on-measure_02-cold-3
[2026-09-29 09:18:19 TP0 EP0] [FlexKV] store prefix length aligned from 8194 to 8192 tokens for rid=bounded_on-measure_02-cold-3
[2026-09-29 09:18:19 TP2 EP2] [FlexKV] store prefix length aligned from 8194 to 8192 tokens for rid=bounded_on-measure_02-cold-3
[2026-09-29 09:18:19 TP7 EP7] [FlexKV] store prefix length aligned from 8194 to 8192 tokens for rid=bounded_on-measure_02-cold-0
[2026-09-29 09:18:19 TP5 EP5] [FlexKV] store prefix length aligned from 8194 to 8192 tokens for rid=bounded_on-measure_02-cold-3
[2026-09-29 09:18:19 TP6 EP6] [FlexKV] store prefix length aligned from 8194 to 8192 tokens for rid=bounded_on-measure_02-cold-3
[2026-09-29 09:18:19 TP3 EP3] [FlexKV] store prefix length aligned from 8194 to 8192 tokens for rid=bounded_on-measure_02-cold-1
[2026-09-29 09:18:19 TP4 EP4] [FlexKV] store prefix length aligned from 8194 to 8192 tokens for rid=bounded_on-measure_02-cold-4
[2026-09-29 09:18:19 TP0 EP0] [FlexKV] store prefix length aligned from 8194 to 8192 tokens for rid=bounded_on-measure_02-cold-4
[2026-09-29 09:18:19 TP1 EP1] [FlexKV] store prefix length aligned from 8194 to 8192 tokens for rid=bounded_on-measure_02-cold-4
[2026-09-29 09:18:19 TP2 EP2] [FlexKV] store prefix length aligned from 8194 to 8192 tokens for rid=bounded_on-measure_02-cold-4
[2026-09-29 09:18:19 TP6 EP6] [FlexKV] store prefix length aligned from 8194 to 8192 tokens for rid=bounded_on-measure_02-cold-4
[2026-09-29 09:18:19 TP5 EP5] [FlexKV] store prefix length aligned from 8194 to 8192 tokens for rid=bounded_on-measure_02-cold-4
[2026-09-29 09:18:19 TP7 EP7] [FlexKV] store prefix length aligned from 8194 to 8192 tokens for rid=bounded_on-measure_02-cold-1
[2026-09-29 09:18:19 TP3 EP3] [FlexKV] store prefix length aligned from 8194 to 8192 tokens for rid=bounded_on-measure_02-cold-2
[2026-09-29 09:18:19 TP4 EP4] [FlexKV] store prefix length aligned from 8194 to 8192 tokens for rid=bounded_on-measure_02-cold-5
[2026-09-29 09:18:19 TP0 EP0] [FlexKV] store prefix length aligned from 8194 to 8192 tokens for rid=bounded_on-measure_02-cold-5
[2026-09-29 09:18:19 TP1 EP1] [FlexKV] store prefix length aligned from 8194 to 8192 tokens for rid=bounded_on-measure_02-cold-5
[2026-09-29 09:18:19 TP2 EP2] [FlexKV] store prefix length aligned from 8194 to 8192 tokens for rid=bounded_on-measure_02-cold-5
[2026-09-29 09:18:19 TP6 EP6] [FlexKV] store prefix length aligned from 8194 to 8192 tokens for rid=bounded_on-measure_02-cold-5
[2026-09-29 09:18:19 TP5 EP5] [FlexKV] store prefix length aligned from 8194 to 8192 tokens for rid=bounded_on-measure_02-cold-5
[2026-09-29 09:18:19 TP7 EP7] [FlexKV] store prefix length aligned from 8194 to 8192 tokens for rid=bounded_on-measure_02-cold-2
[2026-09-29 09:18:19 TP3 EP3] [FlexKV] store prefix length aligned from 8194 to 8192 tokens for rid=bounded_on-measure_02-cold-3
[2026-09-29 09:18:19 TP4 EP4] [FlexKV] store prefix length aligned from 8194 to 8192 tokens for rid=bounded_on-measure_02-cold-6
[2026-09-29 09:18:19 TP0 EP0] [FlexKV] store prefix length aligned from 8194 to 8192 tokens for rid=bounded_on-measure_02-cold-6
[2026-09-29 09:18:19 TP1 EP1] [FlexKV] store prefix length aligned from 8194 to 8192 tokens for rid=bounded_on-measure_02-cold-6
[2026-09-29 09:18:19 TP2 EP2] [FlexKV] store prefix length aligned from 8194 to 8192 tokens for rid=bounded_on-measure_02-cold-6
[2026-09-29 09:18:19 TP6 EP6] [FlexKV] store prefix length aligned from 8194 to 8192 tokens for rid=bounded_on-measure_02-cold-6
[2026-09-29 09:18:19 TP5 EP5] [FlexKV] store prefix length aligned from 8194 to 8192 tokens for rid=bounded_on-measure_02-cold-6
[2026-09-29 09:18:19 TP7 EP7] [FlexKV] store prefix length aligned from 8194 to 8192 tokens for rid=bounded_on-measure_02-cold-3
[2026-09-29 09:18:19 TP3 EP3] [FlexKV] store prefix length aligned from 8194 to 8192 tokens for rid=bounded_on-measure_02-cold-4
[2026-09-29 09:18:19 TP7 EP7] [FlexKV] store prefix length aligned from 8194 to 8192 tokens for rid=bounded_on-measure_02-cold-4
[2026-09-29 09:18:19 TP3 EP3] [FlexKV] store prefix length aligned from 8194 to 8192 tokens for rid=bounded_on-measure_02-cold-5
[2026-09-29 09:18:19 TP7 EP7] [FlexKV] store prefix length aligned from 8194 to 8192 tokens for rid=bounded_on-measure_02-cold-5
[2026-09-29 09:18:19 TP3 EP3] [FlexKV] store prefix length aligned from 8194 to 8192 tokens for rid=bounded_on-measure_02-cold-6
[2026-09-29 09:18:19 TP7 EP7] [FlexKV] store prefix length aligned from 8194 to 8192 tokens for rid=bounded_on-measure_02-cold-6
[FLEXKV] INFO 09-29 09:18:19.115 [cache_engine.py:2605] [FlexKV-SEGV-DEBUG] cache_engine create D2H op (local_put) request_id=203, op_id=80, graph_id=286, dp_client_id=0, fragment12_num_blocks=32, fragment2_num_blocks=0, gpu_src: count=32, min=0, max=0, dtype=int64, cpu_dst: count=32, min=1280, max=1311, dtype=int64
[2026-09-29 09:18:19 TP0 EP0] [INFO][FlexKV-SGLang] operation=store act=launch status=running direction=D2H sglang_req_id="bounded_on-measure_02-cold-0" flexkv_task_id=203 mode=no-layerwise tokens=8192 slots=8192 swa_slots=0
[FLEXKV] INFO 09-29 09:18:19.116 [cache_engine.py:2605] [FlexKV-SEGV-DEBUG] cache_engine create D2H op (local_put) request_id=204, op_id=81, graph_id=287, dp_client_id=0, fragment12_num_blocks=32, fragment2_num_blocks=0, gpu_src: count=32, min=0, max=0, dtype=int64, cpu_dst: count=32, min=1312, max=1343, dtype=int64
[2026-09-29 09:18:19 TP0 EP0] [INFO][FlexKV-SGLang] operation=store act=launch status=running direction=D2H sglang_req_id="bounded_on-measure_02-cold-1" flexkv_task_id=204 mode=no-layerwise tokens=8192 slots=8192 swa_slots=0
[FLEXKV] INFO 09-29 09:18:19.117 [cache_engine.py:2605] [FlexKV-SEGV-DEBUG] cache_engine create D2H op (local_put) request_id=205, op_id=82, graph_id=288, dp_client_id=0, fragment12_num_blocks=32, fragment2_num_blocks=0, gpu_src: count=32, min=0, max=0, dtype=int64, cpu_dst: count=32, min=1344, max=1375, dtype=int64
[FLEXKV] INFO 09-29 09:18:19.117 [runtime.py:577] [FlexKV-IO] operation=transfer act=complete status=success direction=D2H blocks=32 op_id=80 graph_id=286 mode=no-layerwise data_size=0.00679016GB transfer_time=0.0008s bandwidth=9.49GB/s
[2026-09-29 09:18:19 TP0 EP0] [INFO][FlexKV-SGLang] operation=store act=launch status=running direction=D2H sglang_req_id="bounded_on-measure_02-cold-2" flexkv_task_id=205 mode=no-layerwise tokens=8192 slots=8192 swa_slots=0
[FLEXKV] INFO 09-29 09:18:19.118 [cache_engine.py:2605] [FlexKV-SEGV-DEBUG] cache_engine create D2H op (local_put) request_id=206, op_id=83, graph_id=289, dp_client_id=0, fragment12_num_blocks=32, fragment2_num_blocks=0, gpu_src: count=32, min=0, max=0, dtype=int64, cpu_dst: count=32, min=1376, max=1407, dtype=int64
[FLEXKV] INFO 09-29 09:18:19.118 [runtime.py:577] [FlexKV-IO] operation=transfer act=complete status=success direction=D2H blocks=32 op_id=81 graph_id=287 mode=no-layerwise data_size=0.00679016GB transfer_time=0.0008s bandwidth=9.65GB/s
[2026-09-29 09:18:19 TP0 EP0] [INFO][FlexKV-SGLang] operation=store act=launch status=running direction=D2H sglang_req_id="bounded_on-measure_02-cold-3" flexkv_task_id=206 mode=no-layerwise tokens=8192 slots=8192 swa_slots=0
[FLEXKV] INFO 09-29 09:18:19.119 [kvtask.py:300] [FlexKV-IO] operation=put act=complete status=success flexkv_task_id=203 graph_id=286 task_time=0.0041s
[FLEXKV] INFO 09-29 09:18:19.120 [cache_engine.py:2605] [FlexKV-SEGV-DEBUG] cache_engine create D2H op (local_put) request_id=207, op_id=84, graph_id=290, dp_client_id=0, fragment12_num_blocks=32, fragment2_num_blocks=0, gpu_src: count=32, min=0, max=0, dtype=int64, cpu_dst: count=32, min=1408, max=1439, dtype=int64
[2026-09-29 09:18:19 TP0 EP0] [INFO][FlexKV-SGLang] operation=store act=launch status=running direction=D2H sglang_req_id="bounded_on-measure_02-cold-4" flexkv_task_id=207 mode=no-layerwise tokens=8192 slots=8192 swa_slots=0
[FLEXKV] INFO 09-29 09:18:19.120 [runtime.py:577] [FlexKV-IO] operation=transfer act=complete status=success direction=D2H blocks=32 op_id=82 graph_id=288 mode=no-layerwise data_size=0.00679016GB transfer_time=0.0008s bandwidth=9.54GB/s
[FLEXKV] INFO 09-29 09:18:19.121 [kvtask.py:300] [FlexKV-IO] operation=put act=complete status=success flexkv_task_id=204 graph_id=287 task_time=0.0042s
[FLEXKV] INFO 09-29 09:18:19.121 [cache_engine.py:2605] [FlexKV-SEGV-DEBUG] cache_engine create D2H op (local_put) request_id=208, op_id=85, graph_id=291, dp_client_id=0, fragment12_num_blocks=32, fragment2_num_blocks=0, gpu_src: count=32, min=0, max=0, dtype=int64, cpu_dst: count=32, min=1440, max=1471, dtype=int64
[FLEXKV] INFO 09-29 09:18:19.121 [runtime.py:577] [FlexKV-IO] operation=transfer act=complete status=success direction=D2H blocks=32 op_id=83 graph_id=289 mode=no-layerwise data_size=0.00679016GB transfer_time=0.0006s bandwidth=11.34GB/s
[2026-09-29 09:18:19 TP0 EP0] [INFO][FlexKV-SGLang] operation=store act=launch status=running direction=D2H sglang_req_id="bounded_on-measure_02-cold-5" flexkv_task_id=208 mode=no-layerwise tokens=8192 slots=8192 swa_slots=0
[FLEXKV] INFO 09-29 09:18:19.122 [kvtask.py:300] [FlexKV-IO] operation=put act=complete status=success flexkv_task_id=205 graph_id=288 task_time=0.0044s
[FLEXKV] INFO 09-29 09:18:19.122 [cache_engine.py:2605] [FlexKV-SEGV-DEBUG] cache_engine create D2H op (local_put) request_id=209, op_id=86, graph_id=292, dp_client_id=0, fragment12_num_blocks=32, fragment2_num_blocks=0, gpu_src: count=32, min=0, max=0, dtype=int64, cpu_dst: count=32, min=1472, max=1503, dtype=int64
[FLEXKV] INFO 09-29 09:18:19.122 [runtime.py:577] [FlexKV-IO] operation=transfer act=complete status=success direction=D2H blocks=32 op_id=84 graph_id=290 mode=no-layerwise data_size=0.00679016GB transfer_time=0.0008s bandwidth=9.48GB/s
[2026-09-29 09:18:19 TP0 EP0] [INFO][FlexKV-SGLang] operation=store act=launch status=running direction=D2H sglang_req_id="bounded_on-measure_02-cold-6" flexkv_task_id=209 mode=no-layerwise tokens=8192 slots=8192 swa_slots=0
[FLEXKV] INFO 09-29 09:18:19.123 [runtime.py:577] [FlexKV-IO] operation=transfer act=complete status=success direction=D2H blocks=32 op_id=85 graph_id=291 mode=no-layerwise data_size=0.00679016GB transfer_time=0.0007s bandwidth=10.36GB/s
[FLEXKV] INFO 09-29 09:18:19.124 [runtime.py:577] [FlexKV-IO] operation=transfer act=complete status=success direction=D2H blocks=32 op_id=86 graph_id=292 mode=no-layerwise data_size=0.00679016GB transfer_time=0.0006s bandwidth=12.29GB/s
[FLEXKV] INFO 09-29 09:18:19.128 [kvtask.py:300] [FlexKV-IO] operation=put act=complete status=success flexkv_task_id=206 graph_id=289 task_time=0.0092s
[FLEXKV] INFO 09-29 09:18:19.128 [kvtask.py:300] [FlexKV-IO] operation=put act=complete status=success flexkv_task_id=207 graph_id=290 task_time=0.0082s
[FLEXKV] INFO 09-29 09:18:19.128 [kvtask.py:300] [FlexKV-IO] operation=put act=complete status=success flexkv_task_id=208 graph_id=291 task_time=0.0070s
[FLEXKV] INFO 09-29 09:18:19.128 [kvtask.py:300] [FlexKV-IO] operation=put act=complete status=success flexkv_task_id=209 graph_id=292 task_time=0.0059s
[2026-09-29 09:18:19 TP0 EP0] [INFO][FlexKV-SGLang] operation=store act=complete status=success direction=D2H sglang_req_id="bounded_on-measure_02-cold-0" flexkv_task_id=203 mode=no-layerwise store_time=0.0135s
[2026-09-29 09:18:19 TP0 EP0] [INFO][FlexKV-SGLang] operation=store act=complete status=success direction=D2H sglang_req_id="bounded_on-measure_02-cold-1" flexkv_task_id=204 mode=no-layerwise store_time=0.0125s
[2026-09-29 09:18:19 TP0 EP0] [INFO][FlexKV-SGLang] operation=store act=complete status=success direction=D2H sglang_req_id="bounded_on-measure_02-cold-2" flexkv_task_id=205 mode=no-layerwise store_time=0.0114s
[2026-09-29 09:18:19 TP0 EP0] [INFO][FlexKV-SGLang] operation=store act=complete status=success direction=D2H sglang_req_id="bounded_on-measure_02-cold-3" flexkv_task_id=206 mode=no-layerwise store_time=0.0104s
[2026-09-29 09:18:19 TP0 EP0] [INFO][FlexKV-SGLang] operation=store act=complete status=success direction=D2H sglang_req_id="bounded_on-measure_02-cold-4" flexkv_task_id=207 mode=no-layerwise store_time=0.0094s
[2026-09-29 09:18:19 TP0 EP0] [INFO][FlexKV-SGLang] operation=store act=complete status=success direction=D2H sglang_req_id="bounded_on-measure_02-cold-5" flexkv_task_id=208 mode=no-layerwise store_time=0.0082s
[2026-09-29 09:18:19 TP0 EP0] [INFO][FlexKV-SGLang] operation=store act=complete status=success direction=D2H sglang_req_id="bounded_on-measure_02-cold-6" flexkv_task_id=209 mode=no-layerwise store_time=0.0070s
[2026-09-29 09:18:19 TP0 EP0] [INFO][FlexKV-SGLang] operation=lookup act=complete status=miss sglang_req_id="bounded_on-measure_02-cold-7" flexkv_task_id=210 tokens=7936 hit_tokens=0 hit_blocks=0 lookup_time=0.0004s
[2026-09-29 09:18:19 TP0 EP0] Prefill batch, #new-seq: 1, #new-token: 7936, #cached-token: 0, #cached-device: 0, #cached-host: 0, #cached-storage: 0, actual-hit-rate: 0.000000, token usage: 0.06, #running-req: 0, #queue-req: 0, #pending-token: 256, cuda graph: False, input throughput (token/s): 15480.65
[2026-09-29 09:18:19 TP0 EP0] Prefill batch, #new-seq: 1, #new-token: 256, #cached-token: 0, #cached-device: 0, #cached-host: 0, #cached-storage: 0, actual-hit-rate: 0.000000, token usage: 0.06, #running-req: 0, #queue-req: 0, #pending-token: 0, cuda graph: False, input throughput (token/s): 1669.16
[2026-09-29 09:18:19 TP2 EP2] [FlexKV] store prefix length aligned from 8194 to 8192 tokens for rid=bounded_on-measure_02-cold-7
[2026-09-29 09:18:19 TP5 EP5] [FlexKV] store prefix length aligned from 8194 to 8192 tokens for rid=bounded_on-measure_02-cold-7
[2026-09-29 09:18:19 TP1 EP1] [FlexKV] store prefix length aligned from 8194 to 8192 tokens for rid=bounded_on-measure_02-cold-7
[2026-09-29 09:18:19 TP4 EP4] [FlexKV] store prefix length aligned from 8194 to 8192 tokens for rid=bounded_on-measure_02-cold-7
[2026-09-29 09:18:19 TP6 EP6] [FlexKV] store prefix length aligned from 8194 to 8192 tokens for rid=bounded_on-measure_02-cold-7
[2026-09-29 09:18:19 TP0 EP0] [FlexKV] store prefix length aligned from 8194 to 8192 tokens for rid=bounded_on-measure_02-cold-7
[2026-09-29 09:18:19 TP7 EP7] [FlexKV] store prefix length aligned from 8194 to 8192 tokens for rid=bounded_on-measure_02-cold-7
[2026-09-29 09:18:19 TP3 EP3] [FlexKV] store prefix length aligned from 8194 to 8192 tokens for rid=bounded_on-measure_02-cold-7
[FLEXKV] INFO 09-29 09:18:19.777 [cache_engine.py:2605] [FlexKV-SEGV-DEBUG] cache_engine create D2H op (local_put) request_id=211, op_id=87, graph_id=295, dp_client_id=0, fragment12_num_blocks=32, fragment2_num_blocks=0, gpu_src: count=32, min=0, max=0, dtype=int64, cpu_dst: count=32, min=1504, max=1535, dtype=int64
[2026-09-29 09:18:19 TP0 EP0] [INFO][FlexKV-SGLang] operation=store act=launch status=running direction=D2H sglang_req_id="bounded_on-measure_02-cold-7" flexkv_task_id=211 mode=no-layerwise tokens=8192 slots=8192 swa_slots=0
[FLEXKV] INFO 09-29 09:18:19.780 [runtime.py:577] [FlexKV-IO] operation=transfer act=complete status=success direction=D2H blocks=32 op_id=87 graph_id=295 mode=no-layerwise data_size=0.00679016GB transfer_time=0.0008s bandwidth=9.54GB/s
[FLEXKV] INFO 09-29 09:18:19.783 [kvtask.py:300] [FlexKV-IO] operation=put act=complete status=success flexkv_task_id=211 graph_id=295 task_time=0.0054s
[2026-09-29 09:18:19 TP0 EP0] [INFO][FlexKV-SGLang] operation=store act=complete status=success direction=D2H sglang_req_id="bounded_on-measure_02-cold-7" flexkv_task_id=211 mode=no-layerwise store_time=0.0063s
[2026-09-29 09:18:19] INFO:     127.0.0.1:32908 - "GET /metrics HTTP/1.1" 200 OK
