bounded_off warmup_00: cold=1.6886s replay=0.7430s batch_ttft=0.6263s effective_input=88199.6 token/s cached=[7936, 7936, 7936, 7936, 7936, 7936, 7936, 7936] replay_tokens=0 output_equal=True
bounded_off warmup_01: cold=1.3774s replay=0.3918s batch_ttft=0.2764s effective_input=167261.4 token/s cached=[7936, 7936, 7936, 7936, 7936, 7936, 7936, 7936] replay_tokens=0 output_equal=True
bounded_off warmup_02: cold=1.3735s replay=0.3896s batch_ttft=0.2744s effective_input=168227.4 token/s cached=[7936, 7936, 7936, 7936, 7936, 7936, 7936, 7936] replay_tokens=0 output_equal=True
bounded_off measure_00: cold=1.3740s replay=0.3881s batch_ttft=0.2730s effective_input=168861.9 token/s cached=[7936, 7936, 7936, 7936, 7936, 7936, 7936, 7936] replay_tokens=0 output_equal=True
bounded_off measure_01: cold=1.3744s replay=0.3889s batch_ttft=0.2737s effective_input=168520.7 token/s cached=[7936, 7936, 7936, 7936, 7936, 7936, 7936, 7936] replay_tokens=0 output_equal=True
bounded_off measure_02: cold=1.3753s replay=0.3903s batch_ttft=0.2744s effective_input=167929.0 token/s cached=[7936, 7936, 7936, 7936, 7936, 7936, 7936, 7936] replay_tokens=0 output_equal=True
bounded_off measure_03: cold=1.3771s replay=0.3899s batch_ttft=0.2747s effective_input=168081.6 token/s cached=[7936, 7936, 7936, 7936, 7936, 7936, 7936, 7936] replay_tokens=0 output_equal=True
bounded_off measure_04: cold=1.3757s replay=0.3896s batch_ttft=0.2744s effective_input=168199.8 token/s cached=[7936, 7936, 7936, 7936, 7936, 7936, 7936, 7936] replay_tokens=0 output_equal=True
bounded_off measure_05: cold=1.3744s replay=0.3869s batch_ttft=0.2712s effective_input=169395.3 token/s cached=[7936, 7936, 7936, 7936, 7936, 7936, 7936, 7936] replay_tokens=0 output_equal=True
bounded_off measure_06: cold=1.3719s replay=0.3893s batch_ttft=0.2733s effective_input=168358.2 token/s cached=[7936, 7936, 7936, 7936, 7936, 7936, 7936, 7936] replay_tokens=0 output_equal=True
bounded_off measure_07: cold=1.3799s replay=0.3894s batch_ttft=0.2741s effective_input=168289.2 token/s cached=[7936, 7936, 7936, 7936, 7936, 7936, 7936, 7936] replay_tokens=0 output_equal=True
bounded_off measure_08: cold=1.3779s replay=0.3877s batch_ttft=0.2722s effective_input=169029.2 token/s cached=[7936, 7936, 7936, 7936, 7936, 7936, 7936, 7936] replay_tokens=0 output_equal=True
bounded_off measure_09: cold=1.3788s replay=0.3881s batch_ttft=0.2723s effective_input=168874.7 token/s cached=[7936, 7936, 7936, 7936, 7936, 7936, 7936, 7936] replay_tokens=0 output_equal=True
{
  "measured_pairs": 10,
  "total_replay_seconds": 3.888158469,
  "mean_replay_seconds": 0.3888158469,
  "median_replay_seconds": 0.389077509,
  "aggregate_logical_input_tokens_per_second": 168552.80082464148,
  "aggregate_requests_per_second": 20.575293069414244,
  "mean_batch_first_token_seconds": 0.2733351697,
  "aggregate_prefill_logical_input_tokens_per_second": 239764.2428229389,
  "all_cold_replay_output_ids_equal": true,
  "all_semantically_correct": true
}
