[2026-09-29 08:39:14] INFO:     127.0.0.1:51762 - "POST /generate HTTP/1.1" 200 OK
[2026-09-29 08:39:14 TP4 EP4] [FlexKV] sglang startprefetch: request=bounded_off-measure_00-replay-0
[2026-09-29 08:39:14 TP2 EP2] [FlexKV] sglang startprefetch: request=bounded_off-measure_00-replay-0
[2026-09-29 08:39:14 TP4 EP4] [FlexKV] sglang startprefetch: request=bounded_off-measure_00-replay-1
[2026-09-29 08:39:14 TP0 EP0] [FlexKV] sglang startprefetch: request=bounded_off-measure_00-replay-0
[2026-09-29 08:39:14 TP4 EP4] [FlexKV] sglang startprefetch: request=bounded_off-measure_00-replay-2
[2026-09-29 08:39:14 TP2 EP2] [FlexKV] sglang startprefetch: request=bounded_off-measure_00-replay-1
[2026-09-29 08:39:14 TP4 EP4] [FlexKV] sglang startprefetch: request=bounded_off-measure_00-replay-3
[2026-09-29 08:39:14 TP0 EP0] [FlexKV] sglang startprefetch: request=bounded_off-measure_00-replay-1
[2026-09-29 08:39:14 TP2 EP2] [FlexKV] sglang startprefetch: request=bounded_off-measure_00-replay-2
[2026-09-29 08:39:14 TP6 EP6] [FlexKV] sglang startprefetch: request=bounded_off-measure_00-replay-0
[2026-09-29 08:39:14 TP4 EP4] [FlexKV] sglang startprefetch: request=bounded_off-measure_00-replay-4
[2026-09-29 08:39:14 TP2 EP2] [FlexKV] sglang startprefetch: request=bounded_off-measure_00-replay-3
[2026-09-29 08:39:14 TP0 EP0] [FlexKV] sglang startprefetch: request=bounded_off-measure_00-replay-2
[2026-09-29 08:39:14 TP6 EP6] [FlexKV] sglang startprefetch: request=bounded_off-measure_00-replay-1
[2026-09-29 08:39:14 TP4 EP4] [FlexKV] sglang startprefetch: request=bounded_off-measure_00-replay-5
[2026-09-29 08:39:14 TP2 EP2] [FlexKV] sglang startprefetch: request=bounded_off-measure_00-replay-4
[2026-09-29 08:39:14 TP0 EP0] [FlexKV] sglang startprefetch: request=bounded_off-measure_00-replay-3
[2026-09-29 08:39:14 TP4 EP4] [FlexKV] sglang startprefetch: request=bounded_off-measure_00-replay-6
[2026-09-29 08:39:14 TP6 EP6] [FlexKV] sglang startprefetch: request=bounded_off-measure_00-replay-2
[2026-09-29 08:39:14 TP2 EP2] [FlexKV] sglang startprefetch: request=bounded_off-measure_00-replay-5
[2026-09-29 08:39:14 TP0 EP0] [FlexKV] sglang startprefetch: request=bounded_off-measure_00-replay-4
[2026-09-29 08:39:14 TP5 EP5] [FlexKV] sglang startprefetch: request=bounded_off-measure_00-replay-0
[2026-09-29 08:39:14 TP4 EP4] [FlexKV] sglang startprefetch: request=bounded_off-measure_00-replay-7
[2026-09-29 08:39:14 TP6 EP6] [FlexKV] sglang startprefetch: request=bounded_off-measure_00-replay-3
[2026-09-29 08:39:14 TP2 EP2] [FlexKV] sglang startprefetch: request=bounded_off-measure_00-replay-6
[2026-09-29 08:39:14 TP0 EP0] [FlexKV] sglang startprefetch: request=bounded_off-measure_00-replay-5
[2026-09-29 08:39:14 TP1 EP1] [FlexKV] sglang startprefetch: request=bounded_off-measure_00-replay-0
[2026-09-29 08:39:14 TP6 EP6] [FlexKV] sglang startprefetch: request=bounded_off-measure_00-replay-4
[2026-09-29 08:39:14 TP5 EP5] [FlexKV] sglang startprefetch: request=bounded_off-measure_00-replay-1
[2026-09-29 08:39:14 TP2 EP2] [FlexKV] sglang startprefetch: request=bounded_off-measure_00-replay-7
[2026-09-29 08:39:14 TP0 EP0] [FlexKV] sglang startprefetch: request=bounded_off-measure_00-replay-6
[2026-09-29 08:39:14 TP6 EP6] [FlexKV] sglang startprefetch: request=bounded_off-measure_00-replay-5
[2026-09-29 08:39:14 TP5 EP5] [FlexKV] sglang startprefetch: request=bounded_off-measure_00-replay-2
[2026-09-29 08:39:14 TP0 EP0] [FlexKV] sglang startprefetch: request=bounded_off-measure_00-replay-7
[2026-09-29 08:39:14 TP3 EP3] [FlexKV] sglang startprefetch: request=bounded_off-measure_00-replay-0
[2026-09-29 08:39:14 TP1 EP1] [FlexKV] sglang startprefetch: request=bounded_off-measure_00-replay-1
[2026-09-29 08:39:14 TP6 EP6] [FlexKV] sglang startprefetch: request=bounded_off-measure_00-replay-6
[2026-09-29 08:39:14 TP5 EP5] [FlexKV] sglang startprefetch: request=bounded_off-measure_00-replay-3
[2026-09-29 08:39:14 TP1 EP1] [FlexKV] sglang startprefetch: request=bounded_off-measure_00-replay-2
[2026-09-29 08:39:14 TP6 EP6] [FlexKV] sglang startprefetch: request=bounded_off-measure_00-replay-7
[2026-09-29 08:39:14 TP3 EP3] [FlexKV] sglang startprefetch: request=bounded_off-measure_00-replay-1
[2026-09-29 08:39:14 TP5 EP5] [FlexKV] sglang startprefetch: request=bounded_off-measure_00-replay-4
[2026-09-29 08:39:14 TP1 EP1] [FlexKV] sglang startprefetch: request=bounded_off-measure_00-replay-3
[2026-09-29 08:39:14 TP7 EP7] [FlexKV] sglang startprefetch: request=bounded_off-measure_00-replay-0
[2026-09-29 08:39:14 TP3 EP3] [FlexKV] sglang startprefetch: request=bounded_off-measure_00-replay-2
[2026-09-29 08:39:14 TP5 EP5] [FlexKV] sglang startprefetch: request=bounded_off-measure_00-replay-5
[2026-09-29 08:39:14 TP1 EP1] [FlexKV] sglang startprefetch: request=bounded_off-measure_00-replay-4
[2026-09-29 08:39:14 TP3 EP3] [FlexKV] sglang startprefetch: request=bounded_off-measure_00-replay-3
[2026-09-29 08:39:14 TP5 EP5] [FlexKV] sglang startprefetch: request=bounded_off-measure_00-replay-6
[2026-09-29 08:39:14 TP7 EP7] [FlexKV] sglang startprefetch: request=bounded_off-measure_00-replay-1
[2026-09-29 08:39:14 TP1 EP1] [FlexKV] sglang startprefetch: request=bounded_off-measure_00-replay-5
[2026-09-29 08:39:14 TP3 EP3] [FlexKV] sglang startprefetch: request=bounded_off-measure_00-replay-4
[2026-09-29 08:39:14 TP5 EP5] [FlexKV] sglang startprefetch: request=bounded_off-measure_00-replay-7
[2026-09-29 08:39:14 TP7 EP7] [FlexKV] sglang startprefetch: request=bounded_off-measure_00-replay-2
[2026-09-29 08:39:14 TP1 EP1] [FlexKV] sglang startprefetch: request=bounded_off-measure_00-replay-6
[2026-09-29 08:39:14 TP3 EP3] [FlexKV] sglang startprefetch: request=bounded_off-measure_00-replay-5
[2026-09-29 08:39:14 TP7 EP7] [FlexKV] sglang startprefetch: request=bounded_off-measure_00-replay-3
[2026-09-29 08:39:14 TP1 EP1] [FlexKV] sglang startprefetch: request=bounded_off-measure_00-replay-7
[2026-09-29 08:39:14 TP3 EP3] [FlexKV] sglang startprefetch: request=bounded_off-measure_00-replay-6
[2026-09-29 08:39:14 TP7 EP7] [FlexKV] sglang startprefetch: request=bounded_off-measure_00-replay-4
[2026-09-29 08:39:14 TP3 EP3] [FlexKV] sglang startprefetch: request=bounded_off-measure_00-replay-7
[2026-09-29 08:39:14 TP0 EP0] [INFO][FlexKV-SGLang] operation=lookup act=complete status=hit sglang_req_id="bounded_off-measure_00-replay-0" flexkv_task_id=224 tokens=7936 hit_tokens=7936 hit_blocks=31 lookup_time=0.0004s
[2026-09-29 08:39:14 TP7 EP7] [FlexKV] sglang startprefetch: request=bounded_off-measure_00-replay-5
[2026-09-29 08:39:14 TP7 EP7] [FlexKV] sglang startprefetch: request=bounded_off-measure_00-replay-6
[2026-09-29 08:39:14 TP7 EP7] [FlexKV] sglang startprefetch: request=bounded_off-measure_00-replay-7
[2026-09-29 08:39:14 TP0 EP0] [INFO][FlexKV-SGLang] operation=load act=launch status=running direction=H2D sglang_req_id="bounded_off-measure_00-replay-0" flexkv_task_id=224 mode=no-layerwise slots=7936 swa_slots=256
[FLEXKV] INFO 09-29 08:39:14.506 [runtime.py:577] [FlexKV-IO] operation=transfer act=complete status=success direction=H2D blocks=1 op_id=176 graph_id=280 mode=no-layerwise data_size=0.00557899GB transfer_time=0.0007s bandwidth=8.85GB/s
[FLEXKV] INFO 09-29 08:39:14.507 [runtime.py:577] [FlexKV-IO] operation=transfer act=complete status=success direction=H2D blocks=31 op_id=177 graph_id=280 mode=no-layerwise data_size=0.00657797GB transfer_time=0.0007s bandwidth=9.96GB/s
[FLEXKV] INFO 09-29 08:39:14.508 [kvtask.py:300] [FlexKV-IO] operation=get act=complete status=success flexkv_task_id=224 graph_id=280 task_time=0.0047s
[2026-09-29 08:39:14 TP0 EP0] [INFO][FlexKV-SGLang] operation=load act=complete status=success direction=H2D sglang_req_id="bounded_off-measure_00-replay-0" flexkv_task_id=224 mode=no-layerwise slots=7936 swa_slots=256 load_time=0.0041s
[2026-09-29 08:39:14 TP0 EP0] [INFO][FlexKV-SGLang] operation=lookup act=complete status=hit sglang_req_id="bounded_off-measure_00-replay-1" flexkv_task_id=225 tokens=7936 hit_tokens=7936 hit_blocks=31 lookup_time=0.0005s
[2026-09-29 08:39:14 TP0 EP0] [INFO][FlexKV-SGLang] operation=load act=launch status=running direction=H2D sglang_req_id="bounded_off-measure_00-replay-1" flexkv_task_id=225 mode=no-layerwise slots=7936 swa_slots=256
[FLEXKV] INFO 09-29 08:39:14.514 [runtime.py:577] [FlexKV-IO] operation=transfer act=complete status=success direction=H2D blocks=1 op_id=178 graph_id=281 mode=no-layerwise data_size=0.00557899GB transfer_time=0.0008s bandwidth=7.60GB/s
[FLEXKV] INFO 09-29 08:39:14.515 [runtime.py:577] [FlexKV-IO] operation=transfer act=complete status=success direction=H2D blocks=31 op_id=179 graph_id=281 mode=no-layerwise data_size=0.00657797GB transfer_time=0.0008s bandwidth=9.04GB/s
[FLEXKV] INFO 09-29 08:39:14.516 [kvtask.py:300] [FlexKV-IO] operation=get act=complete status=success flexkv_task_id=225 graph_id=281 task_time=0.0050s
[2026-09-29 08:39:14 TP0 EP0] [INFO][FlexKV-SGLang] operation=load act=complete status=success direction=H2D sglang_req_id="bounded_off-measure_00-replay-1" flexkv_task_id=225 mode=no-layerwise slots=7936 swa_slots=256 load_time=0.0044s
[2026-09-29 08:39:14 TP0 EP0] [INFO][FlexKV-SGLang] operation=lookup act=complete status=hit sglang_req_id="bounded_off-measure_00-replay-2" flexkv_task_id=226 tokens=7936 hit_tokens=7936 hit_blocks=31 lookup_time=0.0005s
[2026-09-29 08:39:14 TP0 EP0] [INFO][FlexKV-SGLang] operation=load act=launch status=running direction=H2D sglang_req_id="bounded_off-measure_00-replay-2" flexkv_task_id=226 mode=no-layerwise slots=7936 swa_slots=256
[FLEXKV] INFO 09-29 08:39:14.522 [runtime.py:577] [FlexKV-IO] operation=transfer act=complete status=success direction=H2D blocks=1 op_id=180 graph_id=282 mode=no-layerwise data_size=0.00557899GB transfer_time=0.0007s bandwidth=8.61GB/s
[FLEXKV] INFO 09-29 08:39:14.523 [runtime.py:577] [FlexKV-IO] operation=transfer act=complete status=success direction=H2D blocks=31 op_id=181 graph_id=282 mode=no-layerwise data_size=0.00657797GB transfer_time=0.0008s bandwidth=9.21GB/s
[FLEXKV] INFO 09-29 08:39:14.523 [kvtask.py:300] [FlexKV-IO] operation=get act=complete status=success flexkv_task_id=226 graph_id=282 task_time=0.0048s
[2026-09-29 08:39:14 TP0 EP0] [INFO][FlexKV-SGLang] operation=load act=complete status=success direction=H2D sglang_req_id="bounded_off-measure_00-replay-2" flexkv_task_id=226 mode=no-layerwise slots=7936 swa_slots=256 load_time=0.0042s
[2026-09-29 08:39:14 TP0 EP0] [INFO][FlexKV-SGLang] operation=lookup act=complete status=hit sglang_req_id="bounded_off-measure_00-replay-3" flexkv_task_id=227 tokens=7936 hit_tokens=7936 hit_blocks=31 lookup_time=0.0005s
[2026-09-29 08:39:14 TP0 EP0] [INFO][FlexKV-SGLang] operation=load act=launch status=running direction=H2D sglang_req_id="bounded_off-measure_00-replay-3" flexkv_task_id=227 mode=no-layerwise slots=7936 swa_slots=256
[FLEXKV] INFO 09-29 08:39:14.529 [runtime.py:577] [FlexKV-IO] operation=transfer act=complete status=success direction=H2D blocks=1 op_id=182 graph_id=283 mode=no-layerwise data_size=0.00557899GB transfer_time=0.0008s bandwidth=7.33GB/s
[FLEXKV] INFO 09-29 08:39:14.530 [runtime.py:577] [FlexKV-IO] operation=transfer act=complete status=success direction=H2D blocks=31 op_id=183 graph_id=283 mode=no-layerwise data_size=0.00657797GB transfer_time=0.0008s bandwidth=9.39GB/s
[FLEXKV] INFO 09-29 08:39:14.531 [kvtask.py:300] [FlexKV-IO] operation=get act=complete status=success flexkv_task_id=227 graph_id=283 task_time=0.0049s
[2026-09-29 08:39:14 TP0 EP0] [INFO][FlexKV-SGLang] operation=load act=complete status=success direction=H2D sglang_req_id="bounded_off-measure_00-replay-3" flexkv_task_id=227 mode=no-layerwise slots=7936 swa_slots=256 load_time=0.0042s
[2026-09-29 08:39:14 TP0 EP0] [INFO][FlexKV-SGLang] operation=lookup act=complete status=hit sglang_req_id="bounded_off-measure_00-replay-4" flexkv_task_id=228 tokens=7936 hit_tokens=7936 hit_blocks=31 lookup_time=0.0005s
[2026-09-29 08:39:14 TP0 EP0] [INFO][FlexKV-SGLang] operation=load act=launch status=running direction=H2D sglang_req_id="bounded_off-measure_00-replay-4" flexkv_task_id=228 mode=no-layerwise slots=7936 swa_slots=256
[FLEXKV] INFO 09-29 08:39:14.536 [runtime.py:577] [FlexKV-IO] operation=transfer act=complete status=success direction=H2D blocks=1 op_id=184 graph_id=284 mode=no-layerwise data_size=0.00557899GB transfer_time=0.0006s bandwidth=10.16GB/s
[FLEXKV] INFO 09-29 08:39:14.537 [runtime.py:577] [FlexKV-IO] operation=transfer act=complete status=success direction=H2D blocks=31 op_id=185 graph_id=284 mode=no-layerwise data_size=0.00657797GB transfer_time=0.0008s bandwidth=8.81GB/s
[FLEXKV] INFO 09-29 08:39:14.538 [kvtask.py:300] [FlexKV-IO] operation=get act=complete status=success flexkv_task_id=228 graph_id=284 task_time=0.0048s
[2026-09-29 08:39:14 TP0 EP0] [INFO][FlexKV-SGLang] operation=load act=complete status=success direction=H2D sglang_req_id="bounded_off-measure_00-replay-4" flexkv_task_id=228 mode=no-layerwise slots=7936 swa_slots=256 load_time=0.0042s
[2026-09-29 08:39:14 TP0 EP0] [INFO][FlexKV-SGLang] operation=lookup act=complete status=hit sglang_req_id="bounded_off-measure_00-replay-5" flexkv_task_id=229 tokens=7936 hit_tokens=7936 hit_blocks=31 lookup_time=0.0005s
[2026-09-29 08:39:14 TP0 EP0] [INFO][FlexKV-SGLang] operation=load act=launch status=running direction=H2D sglang_req_id="bounded_off-measure_00-replay-5" flexkv_task_id=229 mode=no-layerwise slots=7936 swa_slots=256
[FLEXKV] INFO 09-29 08:39:14.543 [runtime.py:577] [FlexKV-IO] operation=transfer act=complete status=success direction=H2D blocks=31 op_id=186 graph_id=285 mode=no-layerwise data_size=0.00657797GB transfer_time=0.0006s bandwidth=11.40GB/s
[FLEXKV] INFO 09-29 08:39:14.544 [runtime.py:577] [FlexKV-IO] operation=transfer act=complete status=success direction=H2D blocks=1 op_id=187 graph_id=285 mode=no-layerwise data_size=0.00557899GB transfer_time=0.0009s bandwidth=6.88GB/s
[FLEXKV] INFO 09-29 08:39:14.545 [kvtask.py:300] [FlexKV-IO] operation=get act=complete status=success flexkv_task_id=229 graph_id=285 task_time=0.0046s
[2026-09-29 08:39:14 TP0 EP0] [INFO][FlexKV-SGLang] operation=load act=complete status=success direction=H2D sglang_req_id="bounded_off-measure_00-replay-5" flexkv_task_id=229 mode=no-layerwise slots=7936 swa_slots=256 load_time=0.0040s
[2026-09-29 08:39:14 TP0 EP0] [INFO][FlexKV-SGLang] operation=lookup act=complete status=hit sglang_req_id="bounded_off-measure_00-replay-6" flexkv_task_id=230 tokens=7936 hit_tokens=7936 hit_blocks=31 lookup_time=0.0005s
[2026-09-29 08:39:14 TP0 EP0] [INFO][FlexKV-SGLang] operation=load act=launch status=running direction=H2D sglang_req_id="bounded_off-measure_00-replay-6" flexkv_task_id=230 mode=no-layerwise slots=7936 swa_slots=256
[FLEXKV] INFO 09-29 08:39:14.551 [runtime.py:577] [FlexKV-IO] operation=transfer act=complete status=success direction=H2D blocks=1 op_id=188 graph_id=286 mode=no-layerwise data_size=0.00557899GB transfer_time=0.0007s bandwidth=9.12GB/s
[FLEXKV] INFO 09-29 08:39:14.552 [runtime.py:577] [FlexKV-IO] operation=transfer act=complete status=success direction=H2D blocks=31 op_id=189 graph_id=286 mode=no-layerwise data_size=0.00657797GB transfer_time=0.0008s bandwidth=8.83GB/s
[FLEXKV] INFO 09-29 08:39:14.553 [kvtask.py:300] [FlexKV-IO] operation=get act=complete status=success flexkv_task_id=230 graph_id=286 task_time=0.0049s
[2026-09-29 08:39:14 TP0 EP0] [INFO][FlexKV-SGLang] operation=load act=complete status=success direction=H2D sglang_req_id="bounded_off-measure_00-replay-6" flexkv_task_id=230 mode=no-layerwise slots=7936 swa_slots=256 load_time=0.0043s
[2026-09-29 08:39:14 TP0 EP0] [INFO][FlexKV-SGLang] operation=lookup act=complete status=hit sglang_req_id="bounded_off-measure_00-replay-7" flexkv_task_id=231 tokens=7936 hit_tokens=7936 hit_blocks=31 lookup_time=0.0005s
[2026-09-29 08:39:14 TP0 EP0] [INFO][FlexKV-SGLang] operation=load act=launch status=running direction=H2D sglang_req_id="bounded_off-measure_00-replay-7" flexkv_task_id=231 mode=no-layerwise slots=7936 swa_slots=256
[FLEXKV] INFO 09-29 08:39:14.558 [runtime.py:577] [FlexKV-IO] operation=transfer act=complete status=success direction=H2D blocks=1 op_id=190 graph_id=287 mode=no-layerwise data_size=0.00557899GB transfer_time=0.0005s bandwidth=10.92GB/s
[FLEXKV] INFO 09-29 08:39:14.559 [runtime.py:577] [FlexKV-IO] operation=transfer act=complete status=success direction=H2D blocks=31 op_id=191 graph_id=287 mode=no-layerwise data_size=0.00657797GB transfer_time=0.0007s bandwidth=10.04GB/s
[FLEXKV] INFO 09-29 08:39:14.560 [kvtask.py:300] [FlexKV-IO] operation=get act=complete status=success flexkv_task_id=231 graph_id=287 task_time=0.0045s
[2026-09-29 08:39:14 TP0 EP0] [INFO][FlexKV-SGLang] operation=load act=complete status=success direction=H2D sglang_req_id="bounded_off-measure_00-replay-7" flexkv_task_id=231 mode=no-layerwise slots=7936 swa_slots=256 load_time=0.0039s
[2026-09-29 08:39:14 TP0 EP0] [INFO][FlexKV-SGLang] operation=store act=complete status=skipped direction=D2H sglang_req_id="bounded_off-measure_00-replay-0" flexkv_task_id=232 reason=already_cached tokens=0 store_time=0.0004s
[2026-09-29 08:39:14 TP0 EP0] [INFO][FlexKV-SGLang] operation=store act=complete status=skipped direction=D2H sglang_req_id="bounded_off-measure_00-replay-1" flexkv_task_id=233 reason=already_cached tokens=0 store_time=0.0004s
[2026-09-29 08:39:14 TP0 EP0] [INFO][FlexKV-SGLang] operation=store act=complete status=skipped direction=D2H sglang_req_id="bounded_off-measure_00-replay-2" flexkv_task_id=234 reason=already_cached tokens=0 store_time=0.0004s
[2026-09-29 08:39:14 TP0 EP0] [INFO][FlexKV-SGLang] operation=store act=complete status=skipped direction=D2H sglang_req_id="bounded_off-measure_00-replay-3" flexkv_task_id=235 reason=already_cached tokens=0 store_time=0.0004s
[2026-09-29 08:39:14 TP0 EP0] [INFO][FlexKV-SGLang] operation=store act=complete status=skipped direction=D2H sglang_req_id="bounded_off-measure_00-replay-4" flexkv_task_id=236 reason=already_cached tokens=0 store_time=0.0004s
[2026-09-29 08:39:14 TP0 EP0] [INFO][FlexKV-SGLang] operation=store act=complete status=skipped direction=D2H sglang_req_id="bounded_off-measure_00-replay-5" flexkv_task_id=237 reason=already_cached tokens=0 store_time=0.0005s
[2026-09-29 08:39:14 TP0 EP0] [INFO][FlexKV-SGLang] operation=store act=complete status=skipped direction=D2H sglang_req_id="bounded_off-measure_00-replay-6" flexkv_task_id=238 reason=already_cached tokens=0 store_time=0.0004s
[2026-09-29 08:39:14 TP0 EP0] [INFO][FlexKV-SGLang] operation=store act=complete status=skipped direction=D2H sglang_req_id="bounded_off-measure_00-replay-7" flexkv_task_id=239 reason=already_cached tokens=0 store_time=0.0004s
[2026-09-29 08:39:14 TP0 EP0] Prefill batch, #new-seq: 8, #new-token: 2048, #cached-token: 63488, #cached-device: 0, #cached-host: 63488, #cached-storage: 0, actual-hit-rate: 0.968750, full token usage: 0.52, swa token usage: 0.12, #running-req: 0, #queue-req: 0, #pending-token: 0, cuda graph: False, input throughput (token/s): 3223.73
[2026-09-29 08:39:14 TP0 EP0] [INFO][FlexKV-SGLang] operation=store act=complete status=skipped direction=D2H sglang_req_id="bounded_off-measure_00-replay-0" flexkv_task_id=240 reason=already_cached tokens=0 store_time=0.0004s
[2026-09-29 08:39:14 TP0 EP0] [INFO][FlexKV-SGLang] operation=store act=complete status=skipped direction=D2H sglang_req_id="bounded_off-measure_00-replay-1" flexkv_task_id=241 reason=already_cached tokens=0 store_time=0.0004s
[2026-09-29 08:39:14 TP0 EP0] [INFO][FlexKV-SGLang] operation=store act=complete status=skipped direction=D2H sglang_req_id="bounded_off-measure_00-replay-2" flexkv_task_id=242 reason=already_cached tokens=0 store_time=0.0004s
[2026-09-29 08:39:14 TP0 EP0] [INFO][FlexKV-SGLang] operation=store act=complete status=skipped direction=D2H sglang_req_id="bounded_off-measure_00-replay-3" flexkv_task_id=243 reason=already_cached tokens=0 store_time=0.0004s
[2026-09-29 08:39:14 TP0 EP0] [INFO][FlexKV-SGLang] operation=store act=complete status=skipped direction=D2H sglang_req_id="bounded_off-measure_00-replay-4" flexkv_task_id=244 reason=already_cached tokens=0 store_time=0.0004s
[2026-09-29 08:39:14 TP0 EP0] [INFO][FlexKV-SGLang] operation=store act=complete status=skipped direction=D2H sglang_req_id="bounded_off-measure_00-replay-5" flexkv_task_id=245 reason=already_cached tokens=0 store_time=0.0004s
[2026-09-29 08:39:14 TP0 EP0] [INFO][FlexKV-SGLang] operation=store act=complete status=skipped direction=D2H sglang_req_id="bounded_off-measure_00-replay-6" flexkv_task_id=246 reason=already_cached tokens=0 store_time=0.0004s
[2026-09-29 08:39:14 TP0 EP0] [INFO][FlexKV-SGLang] operation=store act=complete status=skipped direction=D2H sglang_req_id="bounded_off-measure_00-replay-7" flexkv_task_id=247 reason=already_cached tokens=0 store_time=0.0004s
[2026-09-29 08:39:14] INFO:     127.0.0.1:51762 - "GET /metrics HTTP/1.1" 200 OK
