[2026-09-29 09:15:30] INFO:     127.0.0.1:35970 - "POST /generate HTTP/1.1" 200 OK
[2026-09-29 09:15:30 TP2 EP2] [FlexKV] sglang startprefetch: request=bounded_on-measure_08-replay-0
[2026-09-29 09:15:30 TP4 EP4] [FlexKV] sglang startprefetch: request=bounded_on-measure_08-replay-0
[2026-09-29 09:15:30 TP2 EP2] [FlexKV] sglang startprefetch: request=bounded_on-measure_08-replay-1
[2026-09-29 09:15:30 TP4 EP4] [FlexKV] sglang startprefetch: request=bounded_on-measure_08-replay-1
[2026-09-29 09:15:30 TP2 EP2] [FlexKV] sglang startprefetch: request=bounded_on-measure_08-replay-2
[2026-09-29 09:15:30 TP4 EP4] [FlexKV] sglang startprefetch: request=bounded_on-measure_08-replay-2
[2026-09-29 09:15:30 TP0 EP0] [FlexKV] sglang startprefetch: request=bounded_on-measure_08-replay-0
[2026-09-29 09:15:30 TP2 EP2] [FlexKV] sglang startprefetch: request=bounded_on-measure_08-replay-3
[2026-09-29 09:15:30 TP6 EP6] [FlexKV] sglang startprefetch: request=bounded_on-measure_08-replay-0
[2026-09-29 09:15:30 TP4 EP4] [FlexKV] sglang startprefetch: request=bounded_on-measure_08-replay-3
[2026-09-29 09:15:30 TP2 EP2] [FlexKV] sglang startprefetch: request=bounded_on-measure_08-replay-4
[2026-09-29 09:15:30 TP0 EP0] [FlexKV] sglang startprefetch: request=bounded_on-measure_08-replay-1
[2026-09-29 09:15:30 TP4 EP4] [FlexKV] sglang startprefetch: request=bounded_on-measure_08-replay-4
[2026-09-29 09:15:30 TP6 EP6] [FlexKV] sglang startprefetch: request=bounded_on-measure_08-replay-1
[2026-09-29 09:15:30 TP2 EP2] [FlexKV] sglang startprefetch: request=bounded_on-measure_08-replay-5
[2026-09-29 09:15:30 TP4 EP4] [FlexKV] sglang startprefetch: request=bounded_on-measure_08-replay-5
[2026-09-29 09:15:30 TP0 EP0] [FlexKV] sglang startprefetch: request=bounded_on-measure_08-replay-2
[2026-09-29 09:15:30 TP6 EP6] [FlexKV] sglang startprefetch: request=bounded_on-measure_08-replay-2
[2026-09-29 09:15:30 TP4 EP4] [FlexKV] sglang startprefetch: request=bounded_on-measure_08-replay-6
[2026-09-29 09:15:30 TP3 EP3] [FlexKV] sglang startprefetch: request=bounded_on-measure_08-replay-0
[2026-09-29 09:15:30 TP0 EP0] [FlexKV] sglang startprefetch: request=bounded_on-measure_08-replay-3
[2026-09-29 09:15:30 TP6 EP6] [FlexKV] sglang startprefetch: request=bounded_on-measure_08-replay-3
[2026-09-29 09:15:30 TP4 EP4] [FlexKV] sglang startprefetch: request=bounded_on-measure_08-replay-7
[2026-09-29 09:15:30 TP3 EP3] [FlexKV] sglang startprefetch: request=bounded_on-measure_08-replay-1
[2026-09-29 09:15:30 TP2 EP2] [FlexKV] sglang startprefetch: request=bounded_on-measure_08-replay-6
[2026-09-29 09:15:30 TP1 EP1] [FlexKV] sglang startprefetch: request=bounded_on-measure_08-replay-0
[2026-09-29 09:15:30 TP7 EP7] [FlexKV] sglang startprefetch: request=bounded_on-measure_08-replay-0
[2026-09-29 09:15:30 TP0 EP0] [FlexKV] sglang startprefetch: request=bounded_on-measure_08-replay-4
[2026-09-29 09:15:30 TP3 EP3] [FlexKV] sglang startprefetch: request=bounded_on-measure_08-replay-2
[2026-09-29 09:15:30 TP5 EP5] [FlexKV] sglang startprefetch: request=bounded_on-measure_08-replay-0
[2026-09-29 09:15:30 TP6 EP6] [FlexKV] sglang startprefetch: request=bounded_on-measure_08-replay-4
[2026-09-29 09:15:30 TP3 EP3] [FlexKV] sglang startprefetch: request=bounded_on-measure_08-replay-3
[2026-09-29 09:15:30 TP0 EP0] [FlexKV] sglang startprefetch: request=bounded_on-measure_08-replay-5
[2026-09-29 09:15:30 TP7 EP7] [FlexKV] sglang startprefetch: request=bounded_on-measure_08-replay-1
[2026-09-29 09:15:30 TP1 EP1] [FlexKV] sglang startprefetch: request=bounded_on-measure_08-replay-1
[2026-09-29 09:15:30 TP2 EP2] [FlexKV] sglang startprefetch: request=bounded_on-measure_08-replay-7
[2026-09-29 09:15:30 TP6 EP6] [FlexKV] sglang startprefetch: request=bounded_on-measure_08-replay-5
[2026-09-29 09:15:30 TP3 EP3] [FlexKV] sglang startprefetch: request=bounded_on-measure_08-replay-4
[2026-09-29 09:15:30 TP0 EP0] [FlexKV] sglang startprefetch: request=bounded_on-measure_08-replay-6
[2026-09-29 09:15:30 TP7 EP7] [FlexKV] sglang startprefetch: request=bounded_on-measure_08-replay-2
[2026-09-29 09:15:30 TP5 EP5] [FlexKV] sglang startprefetch: request=bounded_on-measure_08-replay-1
[2026-09-29 09:15:30 TP6 EP6] [FlexKV] sglang startprefetch: request=bounded_on-measure_08-replay-6
[2026-09-29 09:15:30 TP3 EP3] [FlexKV] sglang startprefetch: request=bounded_on-measure_08-replay-5
[2026-09-29 09:15:30 TP0 EP0] [FlexKV] sglang startprefetch: request=bounded_on-measure_08-replay-7
[2026-09-29 09:15:30 TP7 EP7] [FlexKV] sglang startprefetch: request=bounded_on-measure_08-replay-3
[2026-09-29 09:15:30 TP1 EP1] [FlexKV] sglang startprefetch: request=bounded_on-measure_08-replay-2
[2026-09-29 09:15:30 TP5 EP5] [FlexKV] sglang startprefetch: request=bounded_on-measure_08-replay-2
[2026-09-29 09:15:30 TP6 EP6] [FlexKV] sglang startprefetch: request=bounded_on-measure_08-replay-7
[2026-09-29 09:15:30 TP3 EP3] [FlexKV] sglang startprefetch: request=bounded_on-measure_08-replay-6
[2026-09-29 09:15:30 TP7 EP7] [FlexKV] sglang startprefetch: request=bounded_on-measure_08-replay-4
[2026-09-29 09:15:30 TP5 EP5] [FlexKV] sglang startprefetch: request=bounded_on-measure_08-replay-3
[2026-09-29 09:15:30 TP3 EP3] [FlexKV] sglang startprefetch: request=bounded_on-measure_08-replay-7
[2026-09-29 09:15:30 TP1 EP1] [FlexKV] sglang startprefetch: request=bounded_on-measure_08-replay-3
[2026-09-29 09:15:30 TP7 EP7] [FlexKV] sglang startprefetch: request=bounded_on-measure_08-replay-5
[2026-09-29 09:15:30 TP5 EP5] [FlexKV] sglang startprefetch: request=bounded_on-measure_08-replay-4
[2026-09-29 09:15:30 TP1 EP1] [FlexKV] sglang startprefetch: request=bounded_on-measure_08-replay-4
[2026-09-29 09:15:30 TP7 EP7] [FlexKV] sglang startprefetch: request=bounded_on-measure_08-replay-6
[2026-09-29 09:15:30 TP5 EP5] [FlexKV] sglang startprefetch: request=bounded_on-measure_08-replay-5
[2026-09-29 09:15:30 TP1 EP1] [FlexKV] sglang startprefetch: request=bounded_on-measure_08-replay-5
[2026-09-29 09:15:30 TP7 EP7] [FlexKV] sglang startprefetch: request=bounded_on-measure_08-replay-7
[2026-09-29 09:15:30 TP5 EP5] [FlexKV] sglang startprefetch: request=bounded_on-measure_08-replay-6
[2026-09-29 09:15:30 TP1 EP1] [FlexKV] sglang startprefetch: request=bounded_on-measure_08-replay-6
[2026-09-29 09:15:30 TP5 EP5] [FlexKV] sglang startprefetch: request=bounded_on-measure_08-replay-7
[2026-09-29 09:15:30 TP1 EP1] [FlexKV] sglang startprefetch: request=bounded_on-measure_08-replay-7
[2026-09-29 09:15:30 TP0 EP0] [INFO][FlexKV-SGLang] operation=lookup act=complete status=hit sglang_req_id="bounded_on-measure_08-replay-0" flexkv_task_id=440 tokens=7936 hit_tokens=7936 hit_blocks=31 lookup_time=0.0004s
[2026-09-29 09:15:30 TP0 EP0] [INFO][FlexKV-SGLang] operation=load act=launch status=running direction=H2D sglang_req_id="bounded_on-measure_08-replay-0" flexkv_task_id=440 mode=no-layerwise slots=7936 swa_slots=0
[FLEXKV] INFO 09-29 09:15:30.141 [runtime.py:577] [FlexKV-IO] operation=transfer act=complete status=success direction=H2D blocks=31 op_id=184 graph_id=608 mode=no-layerwise data_size=0.00657797GB transfer_time=0.0008s bandwidth=8.49GB/s
[FLEXKV] INFO 09-29 09:15:30.142 [kvtask.py:300] [FlexKV-IO] operation=get act=complete status=success flexkv_task_id=440 graph_id=608 task_time=0.0036s
[2026-09-29 09:15:30 TP0 EP0] [INFO][FlexKV-SGLang] operation=load act=complete status=success direction=H2D sglang_req_id="bounded_on-measure_08-replay-0" flexkv_task_id=440 mode=no-layerwise slots=7936 swa_slots=0 load_time=0.0032s
[2026-09-29 09:15:30 TP0 EP0] [INFO][FlexKV-SGLang] operation=lookup act=complete status=hit sglang_req_id="bounded_on-measure_08-replay-1" flexkv_task_id=441 tokens=7936 hit_tokens=7936 hit_blocks=31 lookup_time=0.0004s
[2026-09-29 09:15:30 TP0 EP0] [INFO][FlexKV-SGLang] operation=load act=launch status=running direction=H2D sglang_req_id="bounded_on-measure_08-replay-1" flexkv_task_id=441 mode=no-layerwise slots=7936 swa_slots=0
[FLEXKV] INFO 09-29 09:15:30.147 [runtime.py:577] [FlexKV-IO] operation=transfer act=complete status=success direction=H2D blocks=31 op_id=185 graph_id=609 mode=no-layerwise data_size=0.00657797GB transfer_time=0.0008s bandwidth=8.48GB/s
[FLEXKV] INFO 09-29 09:15:30.148 [kvtask.py:300] [FlexKV-IO] operation=get act=complete status=success flexkv_task_id=441 graph_id=609 task_time=0.0035s
[2026-09-29 09:15:30 TP0 EP0] [INFO][FlexKV-SGLang] operation=load act=complete status=success direction=H2D sglang_req_id="bounded_on-measure_08-replay-1" flexkv_task_id=441 mode=no-layerwise slots=7936 swa_slots=0 load_time=0.0031s
[2026-09-29 09:15:30 TP0 EP0] [INFO][FlexKV-SGLang] operation=lookup act=complete status=hit sglang_req_id="bounded_on-measure_08-replay-2" flexkv_task_id=442 tokens=7936 hit_tokens=7936 hit_blocks=31 lookup_time=0.0004s
[2026-09-29 09:15:30 TP0 EP0] [INFO][FlexKV-SGLang] operation=load act=launch status=running direction=H2D sglang_req_id="bounded_on-measure_08-replay-2" flexkv_task_id=442 mode=no-layerwise slots=7936 swa_slots=0
[FLEXKV] INFO 09-29 09:15:30.152 [runtime.py:577] [FlexKV-IO] operation=transfer act=complete status=success direction=H2D blocks=31 op_id=186 graph_id=610 mode=no-layerwise data_size=0.00657797GB transfer_time=0.0008s bandwidth=9.22GB/s
[FLEXKV] INFO 09-29 09:15:30.153 [kvtask.py:300] [FlexKV-IO] operation=get act=complete status=success flexkv_task_id=442 graph_id=610 task_time=0.0033s
[2026-09-29 09:15:30 TP0 EP0] [INFO][FlexKV-SGLang] operation=load act=complete status=success direction=H2D sglang_req_id="bounded_on-measure_08-replay-2" flexkv_task_id=442 mode=no-layerwise slots=7936 swa_slots=0 load_time=0.0029s
[2026-09-29 09:15:30 TP0 EP0] [INFO][FlexKV-SGLang] operation=lookup act=complete status=hit sglang_req_id="bounded_on-measure_08-replay-3" flexkv_task_id=443 tokens=7936 hit_tokens=7936 hit_blocks=31 lookup_time=0.0004s
[2026-09-29 09:15:30 TP0 EP0] [INFO][FlexKV-SGLang] operation=load act=launch status=running direction=H2D sglang_req_id="bounded_on-measure_08-replay-3" flexkv_task_id=443 mode=no-layerwise slots=7936 swa_slots=0
[FLEXKV] INFO 09-29 09:15:30.159 [runtime.py:577] [FlexKV-IO] operation=transfer act=complete status=success direction=H2D blocks=31 op_id=187 graph_id=611 mode=no-layerwise data_size=0.00657797GB transfer_time=0.0008s bandwidth=9.23GB/s
[FLEXKV] INFO 09-29 09:15:30.159 [kvtask.py:300] [FlexKV-IO] operation=get act=complete status=success flexkv_task_id=443 graph_id=611 task_time=0.0033s
[2026-09-29 09:15:30 TP0 EP0] [INFO][FlexKV-SGLang] operation=load act=complete status=success direction=H2D sglang_req_id="bounded_on-measure_08-replay-3" flexkv_task_id=443 mode=no-layerwise slots=7936 swa_slots=0 load_time=0.0029s
[2026-09-29 09:15:30 TP0 EP0] [INFO][FlexKV-SGLang] operation=lookup act=complete status=hit sglang_req_id="bounded_on-measure_08-replay-4" flexkv_task_id=444 tokens=7936 hit_tokens=7936 hit_blocks=31 lookup_time=0.0005s
[2026-09-29 09:15:30 TP0 EP0] [INFO][FlexKV-SGLang] operation=load act=launch status=running direction=H2D sglang_req_id="bounded_on-measure_08-replay-4" flexkv_task_id=444 mode=no-layerwise slots=7936 swa_slots=0
[FLEXKV] INFO 09-29 09:15:30.164 [runtime.py:577] [FlexKV-IO] operation=transfer act=complete status=success direction=H2D blocks=31 op_id=188 graph_id=612 mode=no-layerwise data_size=0.00657797GB transfer_time=0.0008s bandwidth=9.05GB/s
[FLEXKV] INFO 09-29 09:15:30.165 [kvtask.py:300] [FlexKV-IO] operation=get act=complete status=success flexkv_task_id=444 graph_id=612 task_time=0.0034s
[2026-09-29 09:15:30 TP0 EP0] [INFO][FlexKV-SGLang] operation=load act=complete status=success direction=H2D sglang_req_id="bounded_on-measure_08-replay-4" flexkv_task_id=444 mode=no-layerwise slots=7936 swa_slots=0 load_time=0.0030s
[2026-09-29 09:15:30 TP0 EP0] [INFO][FlexKV-SGLang] operation=lookup act=complete status=hit sglang_req_id="bounded_on-measure_08-replay-5" flexkv_task_id=445 tokens=7936 hit_tokens=7936 hit_blocks=31 lookup_time=0.0005s
[2026-09-29 09:15:30 TP0 EP0] [INFO][FlexKV-SGLang] operation=load act=launch status=running direction=H2D sglang_req_id="bounded_on-measure_08-replay-5" flexkv_task_id=445 mode=no-layerwise slots=7936 swa_slots=0
[FLEXKV] INFO 09-29 09:15:30.170 [runtime.py:577] [FlexKV-IO] operation=transfer act=complete status=success direction=H2D blocks=31 op_id=189 graph_id=613 mode=no-layerwise data_size=0.00657797GB transfer_time=0.0007s bandwidth=9.53GB/s
[FLEXKV] INFO 09-29 09:15:30.171 [kvtask.py:300] [FlexKV-IO] operation=get act=complete status=success flexkv_task_id=445 graph_id=613 task_time=0.0034s
[2026-09-29 09:15:30 TP0 EP0] [INFO][FlexKV-SGLang] operation=load act=complete status=success direction=H2D sglang_req_id="bounded_on-measure_08-replay-5" flexkv_task_id=445 mode=no-layerwise slots=7936 swa_slots=0 load_time=0.0029s
[2026-09-29 09:15:30 TP0 EP0] [INFO][FlexKV-SGLang] operation=lookup act=complete status=hit sglang_req_id="bounded_on-measure_08-replay-6" flexkv_task_id=446 tokens=7936 hit_tokens=7936 hit_blocks=31 lookup_time=0.0004s
[2026-09-29 09:15:30 TP0 EP0] [INFO][FlexKV-SGLang] operation=load act=launch status=running direction=H2D sglang_req_id="bounded_on-measure_08-replay-6" flexkv_task_id=446 mode=no-layerwise slots=7936 swa_slots=0
[FLEXKV] INFO 09-29 09:15:30.175 [runtime.py:577] [FlexKV-IO] operation=transfer act=complete status=success direction=H2D blocks=31 op_id=190 graph_id=614 mode=no-layerwise data_size=0.00657797GB transfer_time=0.0007s bandwidth=9.81GB/s
[FLEXKV] INFO 09-29 09:15:30.176 [kvtask.py:300] [FlexKV-IO] operation=get act=complete status=success flexkv_task_id=446 graph_id=614 task_time=0.0034s
[2026-09-29 09:15:30 TP0 EP0] [INFO][FlexKV-SGLang] operation=load act=complete status=success direction=H2D sglang_req_id="bounded_on-measure_08-replay-6" flexkv_task_id=446 mode=no-layerwise slots=7936 swa_slots=0 load_time=0.0030s
[2026-09-29 09:15:30 TP0 EP0] [INFO][FlexKV-SGLang] operation=lookup act=complete status=hit sglang_req_id="bounded_on-measure_08-replay-7" flexkv_task_id=447 tokens=7936 hit_tokens=7936 hit_blocks=31 lookup_time=0.0005s
[2026-09-29 09:15:30 TP0 EP0] [INFO][FlexKV-SGLang] operation=load act=launch status=running direction=H2D sglang_req_id="bounded_on-measure_08-replay-7" flexkv_task_id=447 mode=no-layerwise slots=7936 swa_slots=0
[FLEXKV] INFO 09-29 09:15:30.181 [runtime.py:577] [FlexKV-IO] operation=transfer act=complete status=success direction=H2D blocks=31 op_id=191 graph_id=615 mode=no-layerwise data_size=0.00657797GB transfer_time=0.0008s bandwidth=9.25GB/s
[FLEXKV] INFO 09-29 09:15:30.182 [kvtask.py:300] [FlexKV-IO] operation=get act=complete status=success flexkv_task_id=447 graph_id=615 task_time=0.0035s
[2026-09-29 09:15:30 TP0 EP0] [INFO][FlexKV-SGLang] operation=load act=complete status=success direction=H2D sglang_req_id="bounded_on-measure_08-replay-7" flexkv_task_id=447 mode=no-layerwise slots=7936 swa_slots=0 load_time=0.0031s
[2026-09-29 09:15:31 TP0 EP0] Prefill batch, #new-seq: 8, #new-token: 2048, #cached-token: 63488, #cached-device: 0, #cached-host: 63488, #cached-storage: 0, actual-hit-rate: 0.968750, token usage: 0.52, #running-req: 0, #queue-req: 0, #pending-token: 0, #replay-token: 1024, cuda graph: False, input throughput (token/s): 1549.31
[2026-09-29 09:15:31 TP2 EP2] [FlexKV] store prefix length aligned from 8194 to 8192 tokens for rid=bounded_on-measure_08-replay-0
[2026-09-29 09:15:31 TP4 EP4] [FlexKV] store prefix length aligned from 8194 to 8192 tokens for rid=bounded_on-measure_08-replay-0
[2026-09-29 09:15:31 TP3 EP3] [FlexKV] store prefix length aligned from 8194 to 8192 tokens for rid=bounded_on-measure_08-replay-0
[2026-09-29 09:15:31 TP6 EP6] [FlexKV] store prefix length aligned from 8194 to 8192 tokens for rid=bounded_on-measure_08-replay-0
[2026-09-29 09:15:31 TP1 EP1] [FlexKV] store prefix length aligned from 8194 to 8192 tokens for rid=bounded_on-measure_08-replay-0
[2026-09-29 09:15:31 TP5 EP5] [FlexKV] store prefix length aligned from 8194 to 8192 tokens for rid=bounded_on-measure_08-replay-0
[2026-09-29 09:15:31 TP0 EP0] [FlexKV] store prefix length aligned from 8194 to 8192 tokens for rid=bounded_on-measure_08-replay-0
[2026-09-29 09:15:31 TP2 EP2] [FlexKV] store prefix length aligned from 8194 to 8192 tokens for rid=bounded_on-measure_08-replay-1
[2026-09-29 09:15:31 TP3 EP3] [FlexKV] store prefix length aligned from 8194 to 8192 tokens for rid=bounded_on-measure_08-replay-1
[2026-09-29 09:15:31 TP4 EP4] [FlexKV] store prefix length aligned from 8194 to 8192 tokens for rid=bounded_on-measure_08-replay-1
[2026-09-29 09:15:31 TP6 EP6] [FlexKV] store prefix length aligned from 8194 to 8192 tokens for rid=bounded_on-measure_08-replay-1
[2026-09-29 09:15:31 TP1 EP1] [FlexKV] store prefix length aligned from 8194 to 8192 tokens for rid=bounded_on-measure_08-replay-1
[2026-09-29 09:15:31 TP5 EP5] [FlexKV] store prefix length aligned from 8194 to 8192 tokens for rid=bounded_on-measure_08-replay-1
[2026-09-29 09:15:31 TP0 EP0] [FlexKV] store prefix length aligned from 8194 to 8192 tokens for rid=bounded_on-measure_08-replay-1
[2026-09-29 09:15:31 TP2 EP2] [FlexKV] store prefix length aligned from 8194 to 8192 tokens for rid=bounded_on-measure_08-replay-2
[2026-09-29 09:15:31 TP3 EP3] [FlexKV] store prefix length aligned from 8194 to 8192 tokens for rid=bounded_on-measure_08-replay-2
[2026-09-29 09:15:31 TP6 EP6] [FlexKV] store prefix length aligned from 8194 to 8192 tokens for rid=bounded_on-measure_08-replay-2
[2026-09-29 09:15:31 TP4 EP4] [FlexKV] store prefix length aligned from 8194 to 8192 tokens for rid=bounded_on-measure_08-replay-2
[2026-09-29 09:15:31 TP5 EP5] [FlexKV] store prefix length aligned from 8194 to 8192 tokens for rid=bounded_on-measure_08-replay-2
[2026-09-29 09:15:31 TP1 EP1] [FlexKV] store prefix length aligned from 8194 to 8192 tokens for rid=bounded_on-measure_08-replay-2
[2026-09-29 09:15:31 TP0 EP0] [FlexKV] store prefix length aligned from 8194 to 8192 tokens for rid=bounded_on-measure_08-replay-2
[2026-09-29 09:15:31 TP2 EP2] [FlexKV] store prefix length aligned from 8194 to 8192 tokens for rid=bounded_on-measure_08-replay-3
[2026-09-29 09:15:31 TP3 EP3] [FlexKV] store prefix length aligned from 8194 to 8192 tokens for rid=bounded_on-measure_08-replay-3
[2026-09-29 09:15:31 TP6 EP6] [FlexKV] store prefix length aligned from 8194 to 8192 tokens for rid=bounded_on-measure_08-replay-3
[2026-09-29 09:15:31 TP5 EP5] [FlexKV] store prefix length aligned from 8194 to 8192 tokens for rid=bounded_on-measure_08-replay-3
[2026-09-29 09:15:31 TP7 EP7] [FlexKV] store prefix length aligned from 8194 to 8192 tokens for rid=bounded_on-measure_08-replay-0
[2026-09-29 09:15:31 TP4 EP4] [FlexKV] store prefix length aligned from 8194 to 8192 tokens for rid=bounded_on-measure_08-replay-3
[2026-09-29 09:15:31 TP1 EP1] [FlexKV] store prefix length aligned from 8194 to 8192 tokens for rid=bounded_on-measure_08-replay-3
[2026-09-29 09:15:31 TP0 EP0] [FlexKV] store prefix length aligned from 8194 to 8192 tokens for rid=bounded_on-measure_08-replay-3
[2026-09-29 09:15:31 TP2 EP2] [FlexKV] store prefix length aligned from 8194 to 8192 tokens for rid=bounded_on-measure_08-replay-4
[2026-09-29 09:15:31 TP3 EP3] [FlexKV] store prefix length aligned from 8194 to 8192 tokens for rid=bounded_on-measure_08-replay-4
[2026-09-29 09:15:31 TP5 EP5] [FlexKV] store prefix length aligned from 8194 to 8192 tokens for rid=bounded_on-measure_08-replay-4
[2026-09-29 09:15:31 TP6 EP6] [FlexKV] store prefix length aligned from 8194 to 8192 tokens for rid=bounded_on-measure_08-replay-4
[2026-09-29 09:15:31 TP4 EP4] [FlexKV] store prefix length aligned from 8194 to 8192 tokens for rid=bounded_on-measure_08-replay-4
[2026-09-29 09:15:31 TP1 EP1] [FlexKV] store prefix length aligned from 8194 to 8192 tokens for rid=bounded_on-measure_08-replay-4
[2026-09-29 09:15:31 TP7 EP7] [FlexKV] store prefix length aligned from 8194 to 8192 tokens for rid=bounded_on-measure_08-replay-1
[2026-09-29 09:15:31 TP0 EP0] [FlexKV] store prefix length aligned from 8194 to 8192 tokens for rid=bounded_on-measure_08-replay-4
[2026-09-29 09:15:31 TP2 EP2] [FlexKV] store prefix length aligned from 8194 to 8192 tokens for rid=bounded_on-measure_08-replay-5
[2026-09-29 09:15:31 TP3 EP3] [FlexKV] store prefix length aligned from 8194 to 8192 tokens for rid=bounded_on-measure_08-replay-5
[2026-09-29 09:15:31 TP5 EP5] [FlexKV] store prefix length aligned from 8194 to 8192 tokens for rid=bounded_on-measure_08-replay-5
[2026-09-29 09:15:31 TP6 EP6] [FlexKV] store prefix length aligned from 8194 to 8192 tokens for rid=bounded_on-measure_08-replay-5
[2026-09-29 09:15:31 TP4 EP4] [FlexKV] store prefix length aligned from 8194 to 8192 tokens for rid=bounded_on-measure_08-replay-5
[2026-09-29 09:15:31 TP1 EP1] [FlexKV] store prefix length aligned from 8194 to 8192 tokens for rid=bounded_on-measure_08-replay-5
[2026-09-29 09:15:31 TP7 EP7] [FlexKV] store prefix length aligned from 8194 to 8192 tokens for rid=bounded_on-measure_08-replay-2
[2026-09-29 09:15:31 TP0 EP0] [FlexKV] store prefix length aligned from 8194 to 8192 tokens for rid=bounded_on-measure_08-replay-5
[2026-09-29 09:15:31 TP2 EP2] [FlexKV] store prefix length aligned from 8194 to 8192 tokens for rid=bounded_on-measure_08-replay-6
[2026-09-29 09:15:31 TP5 EP5] [FlexKV] store prefix length aligned from 8194 to 8192 tokens for rid=bounded_on-measure_08-replay-6
[2026-09-29 09:15:31 TP3 EP3] [FlexKV] store prefix length aligned from 8194 to 8192 tokens for rid=bounded_on-measure_08-replay-6
[2026-09-29 09:15:31 TP6 EP6] [FlexKV] store prefix length aligned from 8194 to 8192 tokens for rid=bounded_on-measure_08-replay-6
[2026-09-29 09:15:31 TP4 EP4] [FlexKV] store prefix length aligned from 8194 to 8192 tokens for rid=bounded_on-measure_08-replay-6
[2026-09-29 09:15:31 TP1 EP1] [FlexKV] store prefix length aligned from 8194 to 8192 tokens for rid=bounded_on-measure_08-replay-6
[2026-09-29 09:15:31 TP7 EP7] [FlexKV] store prefix length aligned from 8194 to 8192 tokens for rid=bounded_on-measure_08-replay-3
[2026-09-29 09:15:31 TP2 EP2] [FlexKV] store prefix length aligned from 8194 to 8192 tokens for rid=bounded_on-measure_08-replay-7
[2026-09-29 09:15:31 TP0 EP0] [FlexKV] store prefix length aligned from 8194 to 8192 tokens for rid=bounded_on-measure_08-replay-6
[2026-09-29 09:15:31 TP5 EP5] [FlexKV] store prefix length aligned from 8194 to 8192 tokens for rid=bounded_on-measure_08-replay-7
[2026-09-29 09:15:31 TP3 EP3] [FlexKV] store prefix length aligned from 8194 to 8192 tokens for rid=bounded_on-measure_08-replay-7
[2026-09-29 09:15:31 TP6 EP6] [FlexKV] store prefix length aligned from 8194 to 8192 tokens for rid=bounded_on-measure_08-replay-7
[2026-09-29 09:15:31 TP4 EP4] [FlexKV] store prefix length aligned from 8194 to 8192 tokens for rid=bounded_on-measure_08-replay-7
[2026-09-29 09:15:31 TP1 EP1] [FlexKV] store prefix length aligned from 8194 to 8192 tokens for rid=bounded_on-measure_08-replay-7
[2026-09-29 09:15:31 TP7 EP7] [FlexKV] store prefix length aligned from 8194 to 8192 tokens for rid=bounded_on-measure_08-replay-4
[2026-09-29 09:15:31 TP0 EP0] [FlexKV] store prefix length aligned from 8194 to 8192 tokens for rid=bounded_on-measure_08-replay-7
[2026-09-29 09:15:31 TP7 EP7] [FlexKV] store prefix length aligned from 8194 to 8192 tokens for rid=bounded_on-measure_08-replay-5
[2026-09-29 09:15:31 TP7 EP7] [FlexKV] store prefix length aligned from 8194 to 8192 tokens for rid=bounded_on-measure_08-replay-6
[2026-09-29 09:15:31 TP7 EP7] [FlexKV] store prefix length aligned from 8194 to 8192 tokens for rid=bounded_on-measure_08-replay-7
[2026-09-29 09:15:31 TP0 EP0] [INFO][FlexKV-SGLang] operation=store act=complete status=skipped direction=D2H sglang_req_id="bounded_on-measure_08-replay-0" flexkv_task_id=448 reason=already_cached tokens=0 store_time=0.0004s
[2026-09-29 09:15:31 TP0 EP0] [INFO][FlexKV-SGLang] operation=store act=complete status=skipped direction=D2H sglang_req_id="bounded_on-measure_08-replay-1" flexkv_task_id=449 reason=already_cached tokens=0 store_time=0.0004s
[2026-09-29 09:15:31 TP0 EP0] [INFO][FlexKV-SGLang] operation=store act=complete status=skipped direction=D2H sglang_req_id="bounded_on-measure_08-replay-2" flexkv_task_id=450 reason=already_cached tokens=0 store_time=0.0004s
[2026-09-29 09:15:31 TP0 EP0] [INFO][FlexKV-SGLang] operation=store act=complete status=skipped direction=D2H sglang_req_id="bounded_on-measure_08-replay-3" flexkv_task_id=451 reason=already_cached tokens=0 store_time=0.0004s
[2026-09-29 09:15:31 TP0 EP0] [INFO][FlexKV-SGLang] operation=store act=complete status=skipped direction=D2H sglang_req_id="bounded_on-measure_08-replay-4" flexkv_task_id=452 reason=already_cached tokens=0 store_time=0.0004s
[2026-09-29 09:15:31 TP0 EP0] [INFO][FlexKV-SGLang] operation=store act=complete status=skipped direction=D2H sglang_req_id="bounded_on-measure_08-replay-5" flexkv_task_id=453 reason=already_cached tokens=0 store_time=0.0004s
[2026-09-29 09:15:31 TP0 EP0] [INFO][FlexKV-SGLang] operation=store act=complete status=skipped direction=D2H sglang_req_id="bounded_on-measure_08-replay-6" flexkv_task_id=454 reason=already_cached tokens=0 store_time=0.0004s
[2026-09-29 09:15:31 TP0 EP0] [INFO][FlexKV-SGLang] operation=store act=complete status=skipped direction=D2H sglang_req_id="bounded_on-measure_08-replay-7" flexkv_task_id=455 reason=already_cached tokens=0 store_time=0.0004s
[2026-09-29 09:15:31] INFO:     127.0.0.1:35970 - "GET /metrics HTTP/1.1" 200 OK
