[2026-09-29 08:36:25] INFO:     127.0.0.1:49566 - "POST /generate HTTP/1.1" 200 OK
[2026-09-29 08:36:25 TP0 EP0] [FlexKV] sglang startprefetch: request=bounded_off-measure_04-replay-0
[2026-09-29 08:36:25 TP4 EP4] [FlexKV] sglang startprefetch: request=bounded_off-measure_04-replay-0
[2026-09-29 08:36:25 TP0 EP0] [FlexKV] sglang startprefetch: request=bounded_off-measure_04-replay-1
[2026-09-29 08:36:25 TP2 EP2] [FlexKV] sglang startprefetch: request=bounded_off-measure_04-replay-0
[2026-09-29 08:36:25 TP0 EP0] [FlexKV] sglang startprefetch: request=bounded_off-measure_04-replay-2
[2026-09-29 08:36:25 TP4 EP4] [FlexKV] sglang startprefetch: request=bounded_off-measure_04-replay-1
[2026-09-29 08:36:25 TP6 EP6] [FlexKV] sglang startprefetch: request=bounded_off-measure_04-replay-0
[2026-09-29 08:36:25 TP0 EP0] [FlexKV] sglang startprefetch: request=bounded_off-measure_04-replay-3
[2026-09-29 08:36:25 TP4 EP4] [FlexKV] sglang startprefetch: request=bounded_off-measure_04-replay-2
[2026-09-29 08:36:25 TP1 EP1] [FlexKV] sglang startprefetch: request=bounded_off-measure_04-replay-0
[2026-09-29 08:36:25 TP2 EP2] [FlexKV] sglang startprefetch: request=bounded_off-measure_04-replay-1
[2026-09-29 08:36:25 TP6 EP6] [FlexKV] sglang startprefetch: request=bounded_off-measure_04-replay-1
[2026-09-29 08:36:25 TP0 EP0] [FlexKV] sglang startprefetch: request=bounded_off-measure_04-replay-4
[2026-09-29 08:36:25 TP4 EP4] [FlexKV] sglang startprefetch: request=bounded_off-measure_04-replay-3
[2026-09-29 08:36:25 TP2 EP2] [FlexKV] sglang startprefetch: request=bounded_off-measure_04-replay-2
[2026-09-29 08:36:25 TP6 EP6] [FlexKV] sglang startprefetch: request=bounded_off-measure_04-replay-2
[2026-09-29 08:36:25 TP0 EP0] [FlexKV] sglang startprefetch: request=bounded_off-measure_04-replay-5
[2026-09-29 08:36:25 TP1 EP1] [FlexKV] sglang startprefetch: request=bounded_off-measure_04-replay-1
[2026-09-29 08:36:25 TP3 EP3] [FlexKV] sglang startprefetch: request=bounded_off-measure_04-replay-0
[2026-09-29 08:36:25 TP5 EP5] [FlexKV] sglang startprefetch: request=bounded_off-measure_04-replay-0
[2026-09-29 08:36:25 TP4 EP4] [FlexKV] sglang startprefetch: request=bounded_off-measure_04-replay-4
[2026-09-29 08:36:25 TP2 EP2] [FlexKV] sglang startprefetch: request=bounded_off-measure_04-replay-3
[2026-09-29 08:36:25 TP6 EP6] [FlexKV] sglang startprefetch: request=bounded_off-measure_04-replay-3
[2026-09-29 08:36:25 TP0 EP0] [FlexKV] sglang startprefetch: request=bounded_off-measure_04-replay-6
[2026-09-29 08:36:25 TP1 EP1] [FlexKV] sglang startprefetch: request=bounded_off-measure_04-replay-2
[2026-09-29 08:36:25 TP4 EP4] [FlexKV] sglang startprefetch: request=bounded_off-measure_04-replay-5
[2026-09-29 08:36:25 TP2 EP2] [FlexKV] sglang startprefetch: request=bounded_off-measure_04-replay-4
[2026-09-29 08:36:25 TP3 EP3] [FlexKV] sglang startprefetch: request=bounded_off-measure_04-replay-1
[2026-09-29 08:36:25 TP6 EP6] [FlexKV] sglang startprefetch: request=bounded_off-measure_04-replay-4
[2026-09-29 08:36:25 TP7 EP7] [FlexKV] sglang startprefetch: request=bounded_off-measure_04-replay-0
[2026-09-29 08:36:25 TP5 EP5] [FlexKV] sglang startprefetch: request=bounded_off-measure_04-replay-1
[2026-09-29 08:36:25 TP0 EP0] [FlexKV] sglang startprefetch: request=bounded_off-measure_04-replay-7
[2026-09-29 08:36:25 TP1 EP1] [FlexKV] sglang startprefetch: request=bounded_off-measure_04-replay-3
[2026-09-29 08:36:25 TP4 EP4] [FlexKV] sglang startprefetch: request=bounded_off-measure_04-replay-6
[2026-09-29 08:36:25 TP2 EP2] [FlexKV] sglang startprefetch: request=bounded_off-measure_04-replay-5
[2026-09-29 08:36:25 TP3 EP3] [FlexKV] sglang startprefetch: request=bounded_off-measure_04-replay-2
[2026-09-29 08:36:25 TP6 EP6] [FlexKV] sglang startprefetch: request=bounded_off-measure_04-replay-5
[2026-09-29 08:36:25 TP5 EP5] [FlexKV] sglang startprefetch: request=bounded_off-measure_04-replay-2
[2026-09-29 08:36:25 TP1 EP1] [FlexKV] sglang startprefetch: request=bounded_off-measure_04-replay-4
[2026-09-29 08:36:25 TP4 EP4] [FlexKV] sglang startprefetch: request=bounded_off-measure_04-replay-7
[2026-09-29 08:36:25 TP2 EP2] [FlexKV] sglang startprefetch: request=bounded_off-measure_04-replay-6
[2026-09-29 08:36:25 TP7 EP7] [FlexKV] sglang startprefetch: request=bounded_off-measure_04-replay-1
[2026-09-29 08:36:25 TP3 EP3] [FlexKV] sglang startprefetch: request=bounded_off-measure_04-replay-3
[2026-09-29 08:36:25 TP6 EP6] [FlexKV] sglang startprefetch: request=bounded_off-measure_04-replay-6
[2026-09-29 08:36:25 TP5 EP5] [FlexKV] sglang startprefetch: request=bounded_off-measure_04-replay-3
[2026-09-29 08:36:25 TP1 EP1] [FlexKV] sglang startprefetch: request=bounded_off-measure_04-replay-5
[2026-09-29 08:36:25 TP2 EP2] [FlexKV] sglang startprefetch: request=bounded_off-measure_04-replay-7
[2026-09-29 08:36:25 TP7 EP7] [FlexKV] sglang startprefetch: request=bounded_off-measure_04-replay-2
[2026-09-29 08:36:25 TP6 EP6] [FlexKV] sglang startprefetch: request=bounded_off-measure_04-replay-7
[2026-09-29 08:36:25 TP3 EP3] [FlexKV] sglang startprefetch: request=bounded_off-measure_04-replay-4
[2026-09-29 08:36:25 TP5 EP5] [FlexKV] sglang startprefetch: request=bounded_off-measure_04-replay-4
[2026-09-29 08:36:25 TP1 EP1] [FlexKV] sglang startprefetch: request=bounded_off-measure_04-replay-6
[2026-09-29 08:36:25 TP7 EP7] [FlexKV] sglang startprefetch: request=bounded_off-measure_04-replay-3
[2026-09-29 08:36:25 TP3 EP3] [FlexKV] sglang startprefetch: request=bounded_off-measure_04-replay-5
[2026-09-29 08:36:25 TP5 EP5] [FlexKV] sglang startprefetch: request=bounded_off-measure_04-replay-5
[2026-09-29 08:36:25 TP1 EP1] [FlexKV] sglang startprefetch: request=bounded_off-measure_04-replay-7
[2026-09-29 08:36:25 TP7 EP7] [FlexKV] sglang startprefetch: request=bounded_off-measure_04-replay-4
[2026-09-29 08:36:25 TP3 EP3] [FlexKV] sglang startprefetch: request=bounded_off-measure_04-replay-6
[2026-09-29 08:36:25 TP5 EP5] [FlexKV] sglang startprefetch: request=bounded_off-measure_04-replay-6
[2026-09-29 08:36:25 TP7 EP7] [FlexKV] sglang startprefetch: request=bounded_off-measure_04-replay-5
[2026-09-29 08:36:25 TP3 EP3] [FlexKV] sglang startprefetch: request=bounded_off-measure_04-replay-7
[2026-09-29 08:36:25 TP5 EP5] [FlexKV] sglang startprefetch: request=bounded_off-measure_04-replay-7
[2026-09-29 08:36:25 TP7 EP7] [FlexKV] sglang startprefetch: request=bounded_off-measure_04-replay-6
[2026-09-29 08:36:25 TP0 EP0] [INFO][FlexKV-SGLang] operation=lookup act=complete status=hit sglang_req_id="bounded_off-measure_04-replay-0" flexkv_task_id=472 tokens=7936 hit_tokens=7936 hit_blocks=31 lookup_time=0.0004s
[2026-09-29 08:36:25 TP7 EP7] [FlexKV] sglang startprefetch: request=bounded_off-measure_04-replay-7
[2026-09-29 08:36:25 TP0 EP0] [INFO][FlexKV-SGLang] operation=load act=launch status=running direction=H2D sglang_req_id="bounded_off-measure_04-replay-0" flexkv_task_id=472 mode=no-layerwise slots=7936 swa_slots=256
[FLEXKV] INFO 09-29 08:36:25.383 [runtime.py:577] [FlexKV-IO] operation=transfer act=complete status=success direction=H2D blocks=1 op_id=368 graph_id=584 mode=no-layerwise data_size=0.00557899GB transfer_time=0.0007s bandwidth=8.98GB/s
[FLEXKV] INFO 09-29 08:36:25.384 [runtime.py:577] [FlexKV-IO] operation=transfer act=complete status=success direction=H2D blocks=31 op_id=369 graph_id=584 mode=no-layerwise data_size=0.00657797GB transfer_time=0.0007s bandwidth=9.80GB/s
[FLEXKV] INFO 09-29 08:36:25.385 [kvtask.py:300] [FlexKV-IO] operation=get act=complete status=success flexkv_task_id=472 graph_id=584 task_time=0.0047s
[2026-09-29 08:36:25 TP0 EP0] [INFO][FlexKV-SGLang] operation=load act=complete status=success direction=H2D sglang_req_id="bounded_off-measure_04-replay-0" flexkv_task_id=472 mode=no-layerwise slots=7936 swa_slots=256 load_time=0.0041s
[2026-09-29 08:36:25 TP0 EP0] [INFO][FlexKV-SGLang] operation=lookup act=complete status=hit sglang_req_id="bounded_off-measure_04-replay-1" flexkv_task_id=473 tokens=7936 hit_tokens=7936 hit_blocks=31 lookup_time=0.0005s
[2026-09-29 08:36:25 TP0 EP0] [INFO][FlexKV-SGLang] operation=load act=launch status=running direction=H2D sglang_req_id="bounded_off-measure_04-replay-1" flexkv_task_id=473 mode=no-layerwise slots=7936 swa_slots=256
[FLEXKV] INFO 09-29 08:36:25.390 [runtime.py:577] [FlexKV-IO] operation=transfer act=complete status=success direction=H2D blocks=1 op_id=370 graph_id=585 mode=no-layerwise data_size=0.00557899GB transfer_time=0.0008s bandwidth=7.69GB/s
[FLEXKV] INFO 09-29 08:36:25.391 [runtime.py:577] [FlexKV-IO] operation=transfer act=complete status=success direction=H2D blocks=31 op_id=371 graph_id=585 mode=no-layerwise data_size=0.00657797GB transfer_time=0.0008s bandwidth=9.17GB/s
[FLEXKV] INFO 09-29 08:36:25.392 [kvtask.py:300] [FlexKV-IO] operation=get act=complete status=success flexkv_task_id=473 graph_id=585 task_time=0.0048s
[2026-09-29 08:36:25 TP0 EP0] [INFO][FlexKV-SGLang] operation=load act=complete status=success direction=H2D sglang_req_id="bounded_off-measure_04-replay-1" flexkv_task_id=473 mode=no-layerwise slots=7936 swa_slots=256 load_time=0.0042s
[2026-09-29 08:36:25 TP0 EP0] [INFO][FlexKV-SGLang] operation=lookup act=complete status=hit sglang_req_id="bounded_off-measure_04-replay-2" flexkv_task_id=474 tokens=7936 hit_tokens=7936 hit_blocks=31 lookup_time=0.0005s
[2026-09-29 08:36:25 TP0 EP0] [INFO][FlexKV-SGLang] operation=load act=launch status=running direction=H2D sglang_req_id="bounded_off-measure_04-replay-2" flexkv_task_id=474 mode=no-layerwise slots=7936 swa_slots=256
[FLEXKV] INFO 09-29 08:36:25.397 [runtime.py:577] [FlexKV-IO] operation=transfer act=complete status=success direction=H2D blocks=1 op_id=372 graph_id=586 mode=no-layerwise data_size=0.00557899GB transfer_time=0.0008s bandwidth=7.36GB/s
[FLEXKV] INFO 09-29 08:36:25.398 [runtime.py:577] [FlexKV-IO] operation=transfer act=complete status=success direction=H2D blocks=31 op_id=373 graph_id=586 mode=no-layerwise data_size=0.00657797GB transfer_time=0.0007s bandwidth=10.10GB/s
[FLEXKV] INFO 09-29 08:36:25.399 [kvtask.py:300] [FlexKV-IO] operation=get act=complete status=success flexkv_task_id=474 graph_id=586 task_time=0.0048s
[2026-09-29 08:36:25 TP0 EP0] [INFO][FlexKV-SGLang] operation=load act=complete status=success direction=H2D sglang_req_id="bounded_off-measure_04-replay-2" flexkv_task_id=474 mode=no-layerwise slots=7936 swa_slots=256 load_time=0.0042s
[2026-09-29 08:36:25 TP0 EP0] [INFO][FlexKV-SGLang] operation=lookup act=complete status=hit sglang_req_id="bounded_off-measure_04-replay-3" flexkv_task_id=475 tokens=7936 hit_tokens=7936 hit_blocks=31 lookup_time=0.0005s
[2026-09-29 08:36:25 TP0 EP0] [INFO][FlexKV-SGLang] operation=load act=launch status=running direction=H2D sglang_req_id="bounded_off-measure_04-replay-3" flexkv_task_id=475 mode=no-layerwise slots=7936 swa_slots=256
[FLEXKV] INFO 09-29 08:36:25.405 [runtime.py:577] [FlexKV-IO] operation=transfer act=complete status=success direction=H2D blocks=1 op_id=374 graph_id=587 mode=no-layerwise data_size=0.00557899GB transfer_time=0.0007s bandwidth=8.07GB/s
[FLEXKV] INFO 09-29 08:36:25.405 [runtime.py:577] [FlexKV-IO] operation=transfer act=complete status=success direction=H2D blocks=31 op_id=375 graph_id=587 mode=no-layerwise data_size=0.00657797GB transfer_time=0.0005s bandwidth=14.77GB/s
[FLEXKV] INFO 09-29 08:36:25.406 [kvtask.py:300] [FlexKV-IO] operation=get act=complete status=success flexkv_task_id=475 graph_id=587 task_time=0.0047s
[2026-09-29 08:36:25 TP0 EP0] [INFO][FlexKV-SGLang] operation=load act=complete status=success direction=H2D sglang_req_id="bounded_off-measure_04-replay-3" flexkv_task_id=475 mode=no-layerwise slots=7936 swa_slots=256 load_time=0.0041s
[2026-09-29 08:36:25 TP0 EP0] [INFO][FlexKV-SGLang] operation=lookup act=complete status=hit sglang_req_id="bounded_off-measure_04-replay-4" flexkv_task_id=476 tokens=7936 hit_tokens=7936 hit_blocks=31 lookup_time=0.0005s
[2026-09-29 08:36:25 TP0 EP0] [INFO][FlexKV-SGLang] operation=load act=launch status=running direction=H2D sglang_req_id="bounded_off-measure_04-replay-4" flexkv_task_id=476 mode=no-layerwise slots=7936 swa_slots=256
[FLEXKV] INFO 09-29 08:36:25.412 [runtime.py:577] [FlexKV-IO] operation=transfer act=complete status=success direction=H2D blocks=1 op_id=376 graph_id=588 mode=no-layerwise data_size=0.00557899GB transfer_time=0.0007s bandwidth=8.22GB/s
[FLEXKV] INFO 09-29 08:36:25.413 [runtime.py:577] [FlexKV-IO] operation=transfer act=complete status=success direction=H2D blocks=31 op_id=377 graph_id=588 mode=no-layerwise data_size=0.00657797GB transfer_time=0.0007s bandwidth=9.67GB/s
[FLEXKV] INFO 09-29 08:36:25.414 [kvtask.py:300] [FlexKV-IO] operation=get act=complete status=success flexkv_task_id=476 graph_id=588 task_time=0.0049s
[2026-09-29 08:36:25 TP0 EP0] [INFO][FlexKV-SGLang] operation=load act=complete status=success direction=H2D sglang_req_id="bounded_off-measure_04-replay-4" flexkv_task_id=476 mode=no-layerwise slots=7936 swa_slots=256 load_time=0.0043s
[2026-09-29 08:36:25 TP0 EP0] [INFO][FlexKV-SGLang] operation=lookup act=complete status=hit sglang_req_id="bounded_off-measure_04-replay-5" flexkv_task_id=477 tokens=7936 hit_tokens=7936 hit_blocks=31 lookup_time=0.0005s
[2026-09-29 08:36:25 TP0 EP0] [INFO][FlexKV-SGLang] operation=load act=launch status=running direction=H2D sglang_req_id="bounded_off-measure_04-replay-5" flexkv_task_id=477 mode=no-layerwise slots=7936 swa_slots=256
[FLEXKV] INFO 09-29 08:36:25.419 [runtime.py:577] [FlexKV-IO] operation=transfer act=complete status=success direction=H2D blocks=31 op_id=378 graph_id=589 mode=no-layerwise data_size=0.00657797GB transfer_time=0.0007s bandwidth=10.60GB/s
[FLEXKV] INFO 09-29 08:36:25.420 [runtime.py:577] [FlexKV-IO] operation=transfer act=complete status=success direction=H2D blocks=1 op_id=379 graph_id=589 mode=no-layerwise data_size=0.00557899GB transfer_time=0.0006s bandwidth=9.38GB/s
[FLEXKV] INFO 09-29 08:36:25.421 [kvtask.py:300] [FlexKV-IO] operation=get act=complete status=success flexkv_task_id=477 graph_id=589 task_time=0.0046s
[2026-09-29 08:36:25 TP0 EP0] [INFO][FlexKV-SGLang] operation=load act=complete status=success direction=H2D sglang_req_id="bounded_off-measure_04-replay-5" flexkv_task_id=477 mode=no-layerwise slots=7936 swa_slots=256 load_time=0.0040s
[2026-09-29 08:36:25 TP0 EP0] [INFO][FlexKV-SGLang] operation=lookup act=complete status=hit sglang_req_id="bounded_off-measure_04-replay-6" flexkv_task_id=478 tokens=7936 hit_tokens=7936 hit_blocks=31 lookup_time=0.0005s
[2026-09-29 08:36:25 TP0 EP0] [INFO][FlexKV-SGLang] operation=load act=launch status=running direction=H2D sglang_req_id="bounded_off-measure_04-replay-6" flexkv_task_id=478 mode=no-layerwise slots=7936 swa_slots=256
[FLEXKV] INFO 09-29 08:36:25.426 [runtime.py:577] [FlexKV-IO] operation=transfer act=complete status=success direction=H2D blocks=1 op_id=380 graph_id=590 mode=no-layerwise data_size=0.00557899GB transfer_time=0.0008s bandwidth=7.88GB/s
[FLEXKV] INFO 09-29 08:36:25.427 [runtime.py:577] [FlexKV-IO] operation=transfer act=complete status=success direction=H2D blocks=31 op_id=381 graph_id=590 mode=no-layerwise data_size=0.00657797GB transfer_time=0.0008s bandwidth=9.41GB/s
[FLEXKV] INFO 09-29 08:36:25.428 [kvtask.py:300] [FlexKV-IO] operation=get act=complete status=success flexkv_task_id=478 graph_id=590 task_time=0.0048s
[2026-09-29 08:36:25 TP0 EP0] [INFO][FlexKV-SGLang] operation=load act=complete status=success direction=H2D sglang_req_id="bounded_off-measure_04-replay-6" flexkv_task_id=478 mode=no-layerwise slots=7936 swa_slots=256 load_time=0.0042s
[2026-09-29 08:36:25 TP0 EP0] [INFO][FlexKV-SGLang] operation=lookup act=complete status=hit sglang_req_id="bounded_off-measure_04-replay-7" flexkv_task_id=479 tokens=7936 hit_tokens=7936 hit_blocks=31 lookup_time=0.0005s
[2026-09-29 08:36:25 TP0 EP0] [INFO][FlexKV-SGLang] operation=load act=launch status=running direction=H2D sglang_req_id="bounded_off-measure_04-replay-7" flexkv_task_id=479 mode=no-layerwise slots=7936 swa_slots=256
[FLEXKV] INFO 09-29 08:36:25.433 [runtime.py:577] [FlexKV-IO] operation=transfer act=complete status=success direction=H2D blocks=1 op_id=382 graph_id=591 mode=no-layerwise data_size=0.00557899GB transfer_time=0.0007s bandwidth=8.73GB/s
[FLEXKV] INFO 09-29 08:36:25.434 [runtime.py:577] [FlexKV-IO] operation=transfer act=complete status=success direction=H2D blocks=31 op_id=383 graph_id=591 mode=no-layerwise data_size=0.00657797GB transfer_time=0.0005s bandwidth=13.66GB/s
[FLEXKV] INFO 09-29 08:36:25.435 [kvtask.py:300] [FlexKV-IO] operation=get act=complete status=success flexkv_task_id=479 graph_id=591 task_time=0.0045s
[2026-09-29 08:36:25 TP0 EP0] [INFO][FlexKV-SGLang] operation=load act=complete status=success direction=H2D sglang_req_id="bounded_off-measure_04-replay-7" flexkv_task_id=479 mode=no-layerwise slots=7936 swa_slots=256 load_time=0.0039s
[2026-09-29 08:36:25 TP0 EP0] [INFO][FlexKV-SGLang] operation=store act=complete status=skipped direction=D2H sglang_req_id="bounded_off-measure_04-replay-0" flexkv_task_id=480 reason=already_cached tokens=0 store_time=0.0004s
[2026-09-29 08:36:25 TP0 EP0] [INFO][FlexKV-SGLang] operation=store act=complete status=skipped direction=D2H sglang_req_id="bounded_off-measure_04-replay-1" flexkv_task_id=481 reason=already_cached tokens=0 store_time=0.0004s
[2026-09-29 08:36:25 TP0 EP0] [INFO][FlexKV-SGLang] operation=store act=complete status=skipped direction=D2H sglang_req_id="bounded_off-measure_04-replay-2" flexkv_task_id=482 reason=already_cached tokens=0 store_time=0.0004s
[2026-09-29 08:36:25 TP0 EP0] [INFO][FlexKV-SGLang] operation=store act=complete status=skipped direction=D2H sglang_req_id="bounded_off-measure_04-replay-3" flexkv_task_id=483 reason=already_cached tokens=0 store_time=0.0004s
[2026-09-29 08:36:25 TP0 EP0] [INFO][FlexKV-SGLang] operation=store act=complete status=skipped direction=D2H sglang_req_id="bounded_off-measure_04-replay-4" flexkv_task_id=484 reason=already_cached tokens=0 store_time=0.0004s
[2026-09-29 08:36:25 TP0 EP0] [INFO][FlexKV-SGLang] operation=store act=complete status=skipped direction=D2H sglang_req_id="bounded_off-measure_04-replay-5" flexkv_task_id=485 reason=already_cached tokens=0 store_time=0.0004s
[2026-09-29 08:36:25 TP0 EP0] [INFO][FlexKV-SGLang] operation=store act=complete status=skipped direction=D2H sglang_req_id="bounded_off-measure_04-replay-6" flexkv_task_id=486 reason=already_cached tokens=0 store_time=0.0004s
[2026-09-29 08:36:25 TP0 EP0] [INFO][FlexKV-SGLang] operation=store act=complete status=skipped direction=D2H sglang_req_id="bounded_off-measure_04-replay-7" flexkv_task_id=487 reason=already_cached tokens=0 store_time=0.0004s
[2026-09-29 08:36:25 TP0 EP0] Prefill batch, #new-seq: 8, #new-token: 2048, #cached-token: 63488, #cached-device: 0, #cached-host: 63488, #cached-storage: 0, actual-hit-rate: 0.968750, full token usage: 0.52, swa token usage: 0.12, #running-req: 0, #queue-req: 0, #pending-token: 0, cuda graph: False, input throughput (token/s): 3229.14
[2026-09-29 08:36:25 TP0 EP0] [INFO][FlexKV-SGLang] operation=store act=complete status=skipped direction=D2H sglang_req_id="bounded_off-measure_04-replay-0" flexkv_task_id=488 reason=already_cached tokens=0 store_time=0.0004s
[2026-09-29 08:36:25 TP0 EP0] [INFO][FlexKV-SGLang] operation=store act=complete status=skipped direction=D2H sglang_req_id="bounded_off-measure_04-replay-1" flexkv_task_id=489 reason=already_cached tokens=0 store_time=0.0004s
[2026-09-29 08:36:25 TP0 EP0] [INFO][FlexKV-SGLang] operation=store act=complete status=skipped direction=D2H sglang_req_id="bounded_off-measure_04-replay-2" flexkv_task_id=490 reason=already_cached tokens=0 store_time=0.0004s
[2026-09-29 08:36:25 TP0 EP0] [INFO][FlexKV-SGLang] operation=store act=complete status=skipped direction=D2H sglang_req_id="bounded_off-measure_04-replay-3" flexkv_task_id=491 reason=already_cached tokens=0 store_time=0.0004s
[2026-09-29 08:36:25 TP0 EP0] [INFO][FlexKV-SGLang] operation=store act=complete status=skipped direction=D2H sglang_req_id="bounded_off-measure_04-replay-4" flexkv_task_id=492 reason=already_cached tokens=0 store_time=0.0004s
[2026-09-29 08:36:25 TP0 EP0] [INFO][FlexKV-SGLang] operation=store act=complete status=skipped direction=D2H sglang_req_id="bounded_off-measure_04-replay-5" flexkv_task_id=493 reason=already_cached tokens=0 store_time=0.0004s
[2026-09-29 08:36:25 TP0 EP0] [INFO][FlexKV-SGLang] operation=store act=complete status=skipped direction=D2H sglang_req_id="bounded_off-measure_04-replay-6" flexkv_task_id=494 reason=already_cached tokens=0 store_time=0.0004s
[2026-09-29 08:36:25 TP0 EP0] [INFO][FlexKV-SGLang] operation=store act=complete status=skipped direction=D2H sglang_req_id="bounded_off-measure_04-replay-7" flexkv_task_id=495 reason=already_cached tokens=0 store_time=0.0004s
[2026-09-29 08:36:25] INFO:     127.0.0.1:49566 - "GET /metrics HTTP/1.1" 200 OK
