[2026-09-29 08:39:21] INFO:     127.0.0.1:51762 - "POST /generate HTTP/1.1" 200 OK
[2026-09-29 08:39:21 TP4 EP4] [FlexKV] sglang startprefetch: request=bounded_off-measure_02-replay-0
[2026-09-29 08:39:21 TP4 EP4] [FlexKV] sglang startprefetch: request=bounded_off-measure_02-replay-1
[2026-09-29 08:39:21 TP0 EP0] [FlexKV] sglang startprefetch: request=bounded_off-measure_02-replay-0
[2026-09-29 08:39:21 TP4 EP4] [FlexKV] sglang startprefetch: request=bounded_off-measure_02-replay-2
[2026-09-29 08:39:21 TP2 EP2] [FlexKV] sglang startprefetch: request=bounded_off-measure_02-replay-0
[2026-09-29 08:39:21 TP4 EP4] [FlexKV] sglang startprefetch: request=bounded_off-measure_02-replay-3
[2026-09-29 08:39:21 TP0 EP0] [FlexKV] sglang startprefetch: request=bounded_off-measure_02-replay-1
[2026-09-29 08:39:21 TP2 EP2] [FlexKV] sglang startprefetch: request=bounded_off-measure_02-replay-1
[2026-09-29 08:39:21 TP6 EP6] [FlexKV] sglang startprefetch: request=bounded_off-measure_02-replay-0
[2026-09-29 08:39:21 TP4 EP4] [FlexKV] sglang startprefetch: request=bounded_off-measure_02-replay-4
[2026-09-29 08:39:21 TP2 EP2] [FlexKV] sglang startprefetch: request=bounded_off-measure_02-replay-2
[2026-09-29 08:39:21 TP0 EP0] [FlexKV] sglang startprefetch: request=bounded_off-measure_02-replay-2
[2026-09-29 08:39:21 TP4 EP4] [FlexKV] sglang startprefetch: request=bounded_off-measure_02-replay-5
[2026-09-29 08:39:21 TP1 EP1] [FlexKV] sglang startprefetch: request=bounded_off-measure_02-replay-0
[2026-09-29 08:39:21 TP6 EP6] [FlexKV] sglang startprefetch: request=bounded_off-measure_02-replay-1
[2026-09-29 08:39:21 TP2 EP2] [FlexKV] sglang startprefetch: request=bounded_off-measure_02-replay-3
[2026-09-29 08:39:21 TP4 EP4] [FlexKV] sglang startprefetch: request=bounded_off-measure_02-replay-6
[2026-09-29 08:39:21 TP0 EP0] [FlexKV] sglang startprefetch: request=bounded_off-measure_02-replay-3
[2026-09-29 08:39:21 TP6 EP6] [FlexKV] sglang startprefetch: request=bounded_off-measure_02-replay-2
[2026-09-29 08:39:21 TP1 EP1] [FlexKV] sglang startprefetch: request=bounded_off-measure_02-replay-1
[2026-09-29 08:39:21 TP2 EP2] [FlexKV] sglang startprefetch: request=bounded_off-measure_02-replay-4
[2026-09-29 08:39:21 TP4 EP4] [FlexKV] sglang startprefetch: request=bounded_off-measure_02-replay-7
[2026-09-29 08:39:21 TP0 EP0] [FlexKV] sglang startprefetch: request=bounded_off-measure_02-replay-4
[2026-09-29 08:39:21 TP6 EP6] [FlexKV] sglang startprefetch: request=bounded_off-measure_02-replay-3
[2026-09-29 08:39:21 TP2 EP2] [FlexKV] sglang startprefetch: request=bounded_off-measure_02-replay-5
[2026-09-29 08:39:21 TP5 EP5] [FlexKV] sglang startprefetch: request=bounded_off-measure_02-replay-0
[2026-09-29 08:39:21 TP1 EP1] [FlexKV] sglang startprefetch: request=bounded_off-measure_02-replay-2
[2026-09-29 08:39:21 TP0 EP0] [FlexKV] sglang startprefetch: request=bounded_off-measure_02-replay-5
[2026-09-29 08:39:21 TP6 EP6] [FlexKV] sglang startprefetch: request=bounded_off-measure_02-replay-4
[2026-09-29 08:39:21 TP2 EP2] [FlexKV] sglang startprefetch: request=bounded_off-measure_02-replay-6
[2026-09-29 08:39:21 TP0 EP0] [FlexKV] sglang startprefetch: request=bounded_off-measure_02-replay-6
[2026-09-29 08:39:21 TP1 EP1] [FlexKV] sglang startprefetch: request=bounded_off-measure_02-replay-3
[2026-09-29 08:39:21 TP3 EP3] [FlexKV] sglang startprefetch: request=bounded_off-measure_02-replay-0
[2026-09-29 08:39:21 TP5 EP5] [FlexKV] sglang startprefetch: request=bounded_off-measure_02-replay-1
[2026-09-29 08:39:21 TP6 EP6] [FlexKV] sglang startprefetch: request=bounded_off-measure_02-replay-5
[2026-09-29 08:39:21 TP2 EP2] [FlexKV] sglang startprefetch: request=bounded_off-measure_02-replay-7
[2026-09-29 08:39:21 TP0 EP0] [FlexKV] sglang startprefetch: request=bounded_off-measure_02-replay-7
[2026-09-29 08:39:21 TP1 EP1] [FlexKV] sglang startprefetch: request=bounded_off-measure_02-replay-4
[2026-09-29 08:39:21 TP3 EP3] [FlexKV] sglang startprefetch: request=bounded_off-measure_02-replay-1
[2026-09-29 08:39:21 TP6 EP6] [FlexKV] sglang startprefetch: request=bounded_off-measure_02-replay-6
[2026-09-29 08:39:21 TP5 EP5] [FlexKV] sglang startprefetch: request=bounded_off-measure_02-replay-2
[2026-09-29 08:39:21 TP7 EP7] [FlexKV] sglang startprefetch: request=bounded_off-measure_02-replay-0
[2026-09-29 08:39:21 TP1 EP1] [FlexKV] sglang startprefetch: request=bounded_off-measure_02-replay-5
[2026-09-29 08:39:21 TP6 EP6] [FlexKV] sglang startprefetch: request=bounded_off-measure_02-replay-7
[2026-09-29 08:39:21 TP5 EP5] [FlexKV] sglang startprefetch: request=bounded_off-measure_02-replay-3
[2026-09-29 08:39:21 TP3 EP3] [FlexKV] sglang startprefetch: request=bounded_off-measure_02-replay-2
[2026-09-29 08:39:21 TP1 EP1] [FlexKV] sglang startprefetch: request=bounded_off-measure_02-replay-6
[2026-09-29 08:39:21 TP7 EP7] [FlexKV] sglang startprefetch: request=bounded_off-measure_02-replay-1
[2026-09-29 08:39:21 TP3 EP3] [FlexKV] sglang startprefetch: request=bounded_off-measure_02-replay-3
[2026-09-29 08:39:21 TP5 EP5] [FlexKV] sglang startprefetch: request=bounded_off-measure_02-replay-4
[2026-09-29 08:39:21 TP1 EP1] [FlexKV] sglang startprefetch: request=bounded_off-measure_02-replay-7
[2026-09-29 08:39:21 TP7 EP7] [FlexKV] sglang startprefetch: request=bounded_off-measure_02-replay-2
[2026-09-29 08:39:21 TP3 EP3] [FlexKV] sglang startprefetch: request=bounded_off-measure_02-replay-4
[2026-09-29 08:39:21 TP5 EP5] [FlexKV] sglang startprefetch: request=bounded_off-measure_02-replay-5
[2026-09-29 08:39:21 TP7 EP7] [FlexKV] sglang startprefetch: request=bounded_off-measure_02-replay-3
[2026-09-29 08:39:21 TP3 EP3] [FlexKV] sglang startprefetch: request=bounded_off-measure_02-replay-5
[2026-09-29 08:39:21 TP5 EP5] [FlexKV] sglang startprefetch: request=bounded_off-measure_02-replay-6
[2026-09-29 08:39:21 TP7 EP7] [FlexKV] sglang startprefetch: request=bounded_off-measure_02-replay-4
[2026-09-29 08:39:21 TP3 EP3] [FlexKV] sglang startprefetch: request=bounded_off-measure_02-replay-6
[2026-09-29 08:39:21 TP5 EP5] [FlexKV] sglang startprefetch: request=bounded_off-measure_02-replay-7
[2026-09-29 08:39:21 TP7 EP7] [FlexKV] sglang startprefetch: request=bounded_off-measure_02-replay-5
[2026-09-29 08:39:21 TP3 EP3] [FlexKV] sglang startprefetch: request=bounded_off-measure_02-replay-7
[2026-09-29 08:39:21 TP7 EP7] [FlexKV] sglang startprefetch: request=bounded_off-measure_02-replay-6
[2026-09-29 08:39:21 TP0 EP0] [INFO][FlexKV-SGLang] operation=lookup act=complete status=hit sglang_req_id="bounded_off-measure_02-replay-0" flexkv_task_id=348 tokens=7936 hit_tokens=7936 hit_blocks=31 lookup_time=0.0005s
[2026-09-29 08:39:21 TP7 EP7] [FlexKV] sglang startprefetch: request=bounded_off-measure_02-replay-7
[2026-09-29 08:39:21 TP0 EP0] [INFO][FlexKV-SGLang] operation=load act=launch status=running direction=H2D sglang_req_id="bounded_off-measure_02-replay-0" flexkv_task_id=348 mode=no-layerwise slots=7936 swa_slots=256
[FLEXKV] INFO 09-29 08:39:21.402 [runtime.py:577] [FlexKV-IO] operation=transfer act=complete status=success direction=H2D blocks=1 op_id=272 graph_id=432 mode=no-layerwise data_size=0.00557899GB transfer_time=0.0007s bandwidth=8.44GB/s
[FLEXKV] INFO 09-29 08:39:21.402 [runtime.py:577] [FlexKV-IO] operation=transfer act=complete status=success direction=H2D blocks=31 op_id=273 graph_id=432 mode=no-layerwise data_size=0.00657797GB transfer_time=0.0007s bandwidth=9.56GB/s
[FLEXKV] INFO 09-29 08:39:21.404 [kvtask.py:300] [FlexKV-IO] operation=get act=complete status=success flexkv_task_id=348 graph_id=432 task_time=0.0053s
[2026-09-29 08:39:21 TP0 EP0] [INFO][FlexKV-SGLang] operation=load act=complete status=success direction=H2D sglang_req_id="bounded_off-measure_02-replay-0" flexkv_task_id=348 mode=no-layerwise slots=7936 swa_slots=256 load_time=0.0044s
[2026-09-29 08:39:21 TP0 EP0] [INFO][FlexKV-SGLang] operation=lookup act=complete status=hit sglang_req_id="bounded_off-measure_02-replay-1" flexkv_task_id=349 tokens=7936 hit_tokens=7936 hit_blocks=31 lookup_time=0.0011s
[2026-09-29 08:39:21 TP0 EP0] [INFO][FlexKV-SGLang] operation=load act=launch status=running direction=H2D sglang_req_id="bounded_off-measure_02-replay-1" flexkv_task_id=349 mode=no-layerwise slots=7936 swa_slots=256
[FLEXKV] INFO 09-29 08:39:21.409 [runtime.py:577] [FlexKV-IO] operation=transfer act=complete status=success direction=H2D blocks=1 op_id=274 graph_id=433 mode=no-layerwise data_size=0.00557899GB transfer_time=0.0007s bandwidth=8.92GB/s
[FLEXKV] INFO 09-29 08:39:21.409 [runtime.py:577] [FlexKV-IO] operation=transfer act=complete status=success direction=H2D blocks=31 op_id=275 graph_id=433 mode=no-layerwise data_size=0.00657797GB transfer_time=0.0005s bandwidth=13.66GB/s
[FLEXKV] INFO 09-29 08:39:21.411 [kvtask.py:300] [FlexKV-IO] operation=get act=complete status=success flexkv_task_id=349 graph_id=433 task_time=0.0053s
[2026-09-29 08:39:21 TP0 EP0] [INFO][FlexKV-SGLang] operation=load act=complete status=success direction=H2D sglang_req_id="bounded_off-measure_02-replay-1" flexkv_task_id=349 mode=no-layerwise slots=7936 swa_slots=256 load_time=0.0041s
[2026-09-29 08:39:21 TP0 EP0] [INFO][FlexKV-SGLang] operation=lookup act=complete status=hit sglang_req_id="bounded_off-measure_02-replay-2" flexkv_task_id=350 tokens=7936 hit_tokens=7936 hit_blocks=31 lookup_time=0.0009s
[2026-09-29 08:39:21 TP0 EP0] [INFO][FlexKV-SGLang] operation=load act=launch status=running direction=H2D sglang_req_id="bounded_off-measure_02-replay-2" flexkv_task_id=350 mode=no-layerwise slots=7936 swa_slots=256
[FLEXKV] INFO 09-29 08:39:21.416 [runtime.py:577] [FlexKV-IO] operation=transfer act=complete status=success direction=H2D blocks=1 op_id=276 graph_id=434 mode=no-layerwise data_size=0.00557899GB transfer_time=0.0007s bandwidth=9.07GB/s
[FLEXKV] INFO 09-29 08:39:21.417 [runtime.py:577] [FlexKV-IO] operation=transfer act=complete status=success direction=H2D blocks=31 op_id=277 graph_id=434 mode=no-layerwise data_size=0.00657797GB transfer_time=0.0008s bandwidth=9.04GB/s
[FLEXKV] INFO 09-29 08:39:21.418 [kvtask.py:300] [FlexKV-IO] operation=get act=complete status=success flexkv_task_id=350 graph_id=434 task_time=0.0054s
[2026-09-29 08:39:21 TP0 EP0] [INFO][FlexKV-SGLang] operation=load act=complete status=success direction=H2D sglang_req_id="bounded_off-measure_02-replay-2" flexkv_task_id=350 mode=no-layerwise slots=7936 swa_slots=256 load_time=0.0043s
[2026-09-29 08:39:21 TP0 EP0] [INFO][FlexKV-SGLang] operation=lookup act=complete status=hit sglang_req_id="bounded_off-measure_02-replay-3" flexkv_task_id=351 tokens=7936 hit_tokens=7936 hit_blocks=31 lookup_time=0.0005s
[2026-09-29 08:39:21 TP0 EP0] [INFO][FlexKV-SGLang] operation=load act=launch status=running direction=H2D sglang_req_id="bounded_off-measure_02-replay-3" flexkv_task_id=351 mode=no-layerwise slots=7936 swa_slots=256
[FLEXKV] INFO 09-29 08:39:21.423 [runtime.py:577] [FlexKV-IO] operation=transfer act=complete status=success direction=H2D blocks=1 op_id=278 graph_id=435 mode=no-layerwise data_size=0.00557899GB transfer_time=0.0004s bandwidth=14.06GB/s
[FLEXKV] INFO 09-29 08:39:21.424 [runtime.py:577] [FlexKV-IO] operation=transfer act=complete status=success direction=H2D blocks=31 op_id=279 graph_id=435 mode=no-layerwise data_size=0.00657797GB transfer_time=0.0008s bandwidth=8.67GB/s
[FLEXKV] INFO 09-29 08:39:21.425 [kvtask.py:300] [FlexKV-IO] operation=get act=complete status=success flexkv_task_id=351 graph_id=435 task_time=0.0046s
[2026-09-29 08:39:21 TP0 EP0] [INFO][FlexKV-SGLang] operation=load act=complete status=success direction=H2D sglang_req_id="bounded_off-measure_02-replay-3" flexkv_task_id=351 mode=no-layerwise slots=7936 swa_slots=256 load_time=0.0040s
[2026-09-29 08:39:21 TP0 EP0] [INFO][FlexKV-SGLang] operation=lookup act=complete status=hit sglang_req_id="bounded_off-measure_02-replay-4" flexkv_task_id=352 tokens=7936 hit_tokens=7936 hit_blocks=31 lookup_time=0.0005s
[2026-09-29 08:39:21 TP0 EP0] [INFO][FlexKV-SGLang] operation=load act=launch status=running direction=H2D sglang_req_id="bounded_off-measure_02-replay-4" flexkv_task_id=352 mode=no-layerwise slots=7936 swa_slots=256
[FLEXKV] INFO 09-29 08:39:21.431 [runtime.py:577] [FlexKV-IO] operation=transfer act=complete status=success direction=H2D blocks=1 op_id=280 graph_id=436 mode=no-layerwise data_size=0.00557899GB transfer_time=0.0006s bandwidth=9.53GB/s
[FLEXKV] INFO 09-29 08:39:21.431 [runtime.py:577] [FlexKV-IO] operation=transfer act=complete status=success direction=H2D blocks=31 op_id=281 graph_id=436 mode=no-layerwise data_size=0.00657797GB transfer_time=0.0007s bandwidth=9.69GB/s
[FLEXKV] INFO 09-29 08:39:21.433 [kvtask.py:300] [FlexKV-IO] operation=get act=complete status=success flexkv_task_id=352 graph_id=436 task_time=0.0051s
[2026-09-29 08:39:21 TP0 EP0] [INFO][FlexKV-SGLang] operation=load act=complete status=success direction=H2D sglang_req_id="bounded_off-measure_02-replay-4" flexkv_task_id=352 mode=no-layerwise slots=7936 swa_slots=256 load_time=0.0045s
[2026-09-29 08:39:21 TP0 EP0] [INFO][FlexKV-SGLang] operation=lookup act=complete status=hit sglang_req_id="bounded_off-measure_02-replay-5" flexkv_task_id=353 tokens=7936 hit_tokens=7936 hit_blocks=31 lookup_time=0.0005s
[2026-09-29 08:39:21 TP0 EP0] [INFO][FlexKV-SGLang] operation=load act=launch status=running direction=H2D sglang_req_id="bounded_off-measure_02-replay-5" flexkv_task_id=353 mode=no-layerwise slots=7936 swa_slots=256
[FLEXKV] INFO 09-29 08:39:21.438 [runtime.py:577] [FlexKV-IO] operation=transfer act=complete status=success direction=H2D blocks=31 op_id=282 graph_id=437 mode=no-layerwise data_size=0.00657797GB transfer_time=0.0006s bandwidth=12.57GB/s
[FLEXKV] INFO 09-29 08:39:21.439 [runtime.py:577] [FlexKV-IO] operation=transfer act=complete status=success direction=H2D blocks=1 op_id=283 graph_id=437 mode=no-layerwise data_size=0.00557899GB transfer_time=0.0005s bandwidth=11.04GB/s
[FLEXKV] INFO 09-29 08:39:21.440 [kvtask.py:300] [FlexKV-IO] operation=get act=complete status=success flexkv_task_id=353 graph_id=437 task_time=0.0045s
[2026-09-29 08:39:21 TP0 EP0] [INFO][FlexKV-SGLang] operation=load act=complete status=success direction=H2D sglang_req_id="bounded_off-measure_02-replay-5" flexkv_task_id=353 mode=no-layerwise slots=7936 swa_slots=256 load_time=0.0039s
[2026-09-29 08:39:21 TP0 EP0] [INFO][FlexKV-SGLang] operation=lookup act=complete status=hit sglang_req_id="bounded_off-measure_02-replay-6" flexkv_task_id=354 tokens=7936 hit_tokens=7936 hit_blocks=31 lookup_time=0.0006s
[2026-09-29 08:39:21 TP0 EP0] [INFO][FlexKV-SGLang] operation=load act=launch status=running direction=H2D sglang_req_id="bounded_off-measure_02-replay-6" flexkv_task_id=354 mode=no-layerwise slots=7936 swa_slots=256
[FLEXKV] INFO 09-29 08:39:21.446 [runtime.py:577] [FlexKV-IO] operation=transfer act=complete status=success direction=H2D blocks=1 op_id=284 graph_id=438 mode=no-layerwise data_size=0.00557899GB transfer_time=0.0007s bandwidth=8.58GB/s
[FLEXKV] INFO 09-29 08:39:21.447 [runtime.py:577] [FlexKV-IO] operation=transfer act=complete status=success direction=H2D blocks=31 op_id=285 graph_id=438 mode=no-layerwise data_size=0.00657797GB transfer_time=0.0008s bandwidth=9.15GB/s
[FLEXKV] INFO 09-29 08:39:21.448 [kvtask.py:300] [FlexKV-IO] operation=get act=complete status=success flexkv_task_id=354 graph_id=438 task_time=0.0054s
[2026-09-29 08:39:21 TP0 EP0] [INFO][FlexKV-SGLang] operation=load act=complete status=success direction=H2D sglang_req_id="bounded_off-measure_02-replay-6" flexkv_task_id=354 mode=no-layerwise slots=7936 swa_slots=256 load_time=0.0047s
[2026-09-29 08:39:21 TP0 EP0] [INFO][FlexKV-SGLang] operation=lookup act=complete status=hit sglang_req_id="bounded_off-measure_02-replay-7" flexkv_task_id=355 tokens=7936 hit_tokens=7936 hit_blocks=31 lookup_time=0.0005s
[2026-09-29 08:39:21 TP0 EP0] [INFO][FlexKV-SGLang] operation=load act=launch status=running direction=H2D sglang_req_id="bounded_off-measure_02-replay-7" flexkv_task_id=355 mode=no-layerwise slots=7936 swa_slots=256
[FLEXKV] INFO 09-29 08:39:21.453 [runtime.py:577] [FlexKV-IO] operation=transfer act=complete status=success direction=H2D blocks=1 op_id=286 graph_id=439 mode=no-layerwise data_size=0.00557899GB transfer_time=0.0007s bandwidth=8.09GB/s
[FLEXKV] INFO 09-29 08:39:21.454 [runtime.py:577] [FlexKV-IO] operation=transfer act=complete status=success direction=H2D blocks=31 op_id=287 graph_id=439 mode=no-layerwise data_size=0.00657797GB transfer_time=0.0007s bandwidth=9.43GB/s
[FLEXKV] INFO 09-29 08:39:21.455 [kvtask.py:300] [FlexKV-IO] operation=get act=complete status=success flexkv_task_id=355 graph_id=439 task_time=0.0048s
[2026-09-29 08:39:21 TP0 EP0] [INFO][FlexKV-SGLang] operation=load act=complete status=success direction=H2D sglang_req_id="bounded_off-measure_02-replay-7" flexkv_task_id=355 mode=no-layerwise slots=7936 swa_slots=256 load_time=0.0042s
[2026-09-29 08:39:21 TP0 EP0] [INFO][FlexKV-SGLang] operation=store act=complete status=skipped direction=D2H sglang_req_id="bounded_off-measure_02-replay-0" flexkv_task_id=356 reason=already_cached tokens=0 store_time=0.0004s
[2026-09-29 08:39:21 TP0 EP0] [INFO][FlexKV-SGLang] operation=store act=complete status=skipped direction=D2H sglang_req_id="bounded_off-measure_02-replay-1" flexkv_task_id=357 reason=already_cached tokens=0 store_time=0.0004s
[2026-09-29 08:39:21 TP0 EP0] [INFO][FlexKV-SGLang] operation=store act=complete status=skipped direction=D2H sglang_req_id="bounded_off-measure_02-replay-2" flexkv_task_id=358 reason=already_cached tokens=0 store_time=0.0004s
[2026-09-29 08:39:21 TP0 EP0] [INFO][FlexKV-SGLang] operation=store act=complete status=skipped direction=D2H sglang_req_id="bounded_off-measure_02-replay-3" flexkv_task_id=359 reason=already_cached tokens=0 store_time=0.0004s
[2026-09-29 08:39:21 TP0 EP0] [INFO][FlexKV-SGLang] operation=store act=complete status=skipped direction=D2H sglang_req_id="bounded_off-measure_02-replay-4" flexkv_task_id=360 reason=already_cached tokens=0 store_time=0.0004s
[2026-09-29 08:39:21 TP0 EP0] [INFO][FlexKV-SGLang] operation=store act=complete status=skipped direction=D2H sglang_req_id="bounded_off-measure_02-replay-5" flexkv_task_id=361 reason=already_cached tokens=0 store_time=0.0004s
[2026-09-29 08:39:21 TP0 EP0] [INFO][FlexKV-SGLang] operation=store act=complete status=skipped direction=D2H sglang_req_id="bounded_off-measure_02-replay-6" flexkv_task_id=362 reason=already_cached tokens=0 store_time=0.0004s
[2026-09-29 08:39:21 TP0 EP0] [INFO][FlexKV-SGLang] operation=store act=complete status=skipped direction=D2H sglang_req_id="bounded_off-measure_02-replay-7" flexkv_task_id=363 reason=already_cached tokens=0 store_time=0.0004s
[2026-09-29 08:39:21 TP0 EP0] Prefill batch, #new-seq: 8, #new-token: 2048, #cached-token: 63488, #cached-device: 0, #cached-host: 63488, #cached-storage: 0, actual-hit-rate: 0.968750, full token usage: 0.52, swa token usage: 0.12, #running-req: 0, #queue-req: 0, #pending-token: 0, cuda graph: False, input throughput (token/s): 3159.05
[2026-09-29 08:39:21 TP0 EP0] [INFO][FlexKV-SGLang] operation=store act=complete status=skipped direction=D2H sglang_req_id="bounded_off-measure_02-replay-0" flexkv_task_id=364 reason=already_cached tokens=0 store_time=0.0004s
[2026-09-29 08:39:21 TP0 EP0] [INFO][FlexKV-SGLang] operation=store act=complete status=skipped direction=D2H sglang_req_id="bounded_off-measure_02-replay-1" flexkv_task_id=365 reason=already_cached tokens=0 store_time=0.0004s
[2026-09-29 08:39:21 TP0 EP0] [INFO][FlexKV-SGLang] operation=store act=complete status=skipped direction=D2H sglang_req_id="bounded_off-measure_02-replay-2" flexkv_task_id=366 reason=already_cached tokens=0 store_time=0.0004s
[2026-09-29 08:39:21 TP0 EP0] [INFO][FlexKV-SGLang] operation=store act=complete status=skipped direction=D2H sglang_req_id="bounded_off-measure_02-replay-3" flexkv_task_id=367 reason=already_cached tokens=0 store_time=0.0004s
[2026-09-29 08:39:21 TP0 EP0] [INFO][FlexKV-SGLang] operation=store act=complete status=skipped direction=D2H sglang_req_id="bounded_off-measure_02-replay-4" flexkv_task_id=368 reason=already_cached tokens=0 store_time=0.0004s
[2026-09-29 08:39:21 TP0 EP0] [INFO][FlexKV-SGLang] operation=store act=complete status=skipped direction=D2H sglang_req_id="bounded_off-measure_02-replay-5" flexkv_task_id=369 reason=already_cached tokens=0 store_time=0.0004s
[2026-09-29 08:39:21 TP0 EP0] [INFO][FlexKV-SGLang] operation=store act=complete status=skipped direction=D2H sglang_req_id="bounded_off-measure_02-replay-6" flexkv_task_id=370 reason=already_cached tokens=0 store_time=0.0004s
[2026-09-29 08:39:21 TP0 EP0] [INFO][FlexKV-SGLang] operation=store act=complete status=skipped direction=D2H sglang_req_id="bounded_off-measure_02-replay-7" flexkv_task_id=371 reason=already_cached tokens=0 store_time=0.0004s
[2026-09-29 08:39:21] INFO:     127.0.0.1:51762 - "GET /metrics HTTP/1.1" 200 OK
