[2026-09-29 09:07:10] INFO:     127.0.0.1:51432 - "POST /generate HTTP/1.1" 200 OK
[2026-09-29 09:07:10 TP4 EP4] [FlexKV] sglang startprefetch: request=bounded_on-warmup_00-replay-0
[2026-09-29 09:07:10 TP2 EP2] [FlexKV] sglang startprefetch: request=bounded_on-warmup_00-replay-0
[2026-09-29 09:07:10 TP4 EP4] [FlexKV] sglang startprefetch: request=bounded_on-warmup_00-replay-1
[2026-09-29 09:07:10 TP2 EP2] [FlexKV] sglang startprefetch: request=bounded_on-warmup_00-replay-1
[2026-09-29 09:07:10 TP6 EP6] [FlexKV] sglang startprefetch: request=bounded_on-warmup_00-replay-0
[2026-09-29 09:07:10 TP0 EP0] [FlexKV] sglang startprefetch: request=bounded_on-warmup_00-replay-0
[2026-09-29 09:07:10 TP4 EP4] [FlexKV] sglang startprefetch: request=bounded_on-warmup_00-replay-2
[2026-09-29 09:07:10 TP2 EP2] [FlexKV] sglang startprefetch: request=bounded_on-warmup_00-replay-2
[2026-09-29 09:07:10 TP4 EP4] [FlexKV] sglang startprefetch: request=bounded_on-warmup_00-replay-3
[2026-09-29 09:07:10 TP2 EP2] [FlexKV] sglang startprefetch: request=bounded_on-warmup_00-replay-3
[2026-09-29 09:07:10 TP6 EP6] [FlexKV] sglang startprefetch: request=bounded_on-warmup_00-replay-1
[2026-09-29 09:07:10 TP0 EP0] [FlexKV] sglang startprefetch: request=bounded_on-warmup_00-replay-1
[2026-09-29 09:07:10 TP4 EP4] [FlexKV] sglang startprefetch: request=bounded_on-warmup_00-replay-4
[2026-09-29 09:07:10 TP2 EP2] [FlexKV] sglang startprefetch: request=bounded_on-warmup_00-replay-4
[2026-09-29 09:07:10 TP0 EP0] [FlexKV] sglang startprefetch: request=bounded_on-warmup_00-replay-2
[2026-09-29 09:07:10 TP6 EP6] [FlexKV] sglang startprefetch: request=bounded_on-warmup_00-replay-2
[2026-09-29 09:07:10 TP4 EP4] [FlexKV] sglang startprefetch: request=bounded_on-warmup_00-replay-5
[2026-09-29 09:07:10 TP2 EP2] [FlexKV] sglang startprefetch: request=bounded_on-warmup_00-replay-5
[2026-09-29 09:07:10 TP0 EP0] [FlexKV] sglang startprefetch: request=bounded_on-warmup_00-replay-3
[2026-09-29 09:07:10 TP5 EP5] [FlexKV] sglang startprefetch: request=bounded_on-warmup_00-replay-0
[2026-09-29 09:07:10 TP6 EP6] [FlexKV] sglang startprefetch: request=bounded_on-warmup_00-replay-3
[2026-09-29 09:07:10 TP2 EP2] [FlexKV] sglang startprefetch: request=bounded_on-warmup_00-replay-6
[2026-09-29 09:07:10 TP4 EP4] [FlexKV] sglang startprefetch: request=bounded_on-warmup_00-replay-6
[2026-09-29 09:07:10 TP0 EP0] [FlexKV] sglang startprefetch: request=bounded_on-warmup_00-replay-4
[2026-09-29 09:07:10 TP6 EP6] [FlexKV] sglang startprefetch: request=bounded_on-warmup_00-replay-4
[2026-09-29 09:07:10 TP2 EP2] [FlexKV] sglang startprefetch: request=bounded_on-warmup_00-replay-7
[2026-09-29 09:07:10 TP4 EP4] [FlexKV] sglang startprefetch: request=bounded_on-warmup_00-replay-7
[2026-09-29 09:07:10 TP5 EP5] [FlexKV] sglang startprefetch: request=bounded_on-warmup_00-replay-1
[2026-09-29 09:07:10 TP0 EP0] [FlexKV] sglang startprefetch: request=bounded_on-warmup_00-replay-5
[2026-09-29 09:07:10 TP6 EP6] [FlexKV] sglang startprefetch: request=bounded_on-warmup_00-replay-5
[2026-09-29 09:07:10 TP1 EP1] [FlexKV] sglang startprefetch: request=bounded_on-warmup_00-replay-0
[2026-09-29 09:07:10 TP0 EP0] [FlexKV] sglang startprefetch: request=bounded_on-warmup_00-replay-6
[2026-09-29 09:07:10 TP5 EP5] [FlexKV] sglang startprefetch: request=bounded_on-warmup_00-replay-2
[2026-09-29 09:07:10 TP6 EP6] [FlexKV] sglang startprefetch: request=bounded_on-warmup_00-replay-6
[2026-09-29 09:07:10 TP0 EP0] [FlexKV] sglang startprefetch: request=bounded_on-warmup_00-replay-7
[2026-09-29 09:07:10 TP3 EP3] [FlexKV] sglang startprefetch: request=bounded_on-warmup_00-replay-0
[2026-09-29 09:07:10 TP5 EP5] [FlexKV] sglang startprefetch: request=bounded_on-warmup_00-replay-3
[2026-09-29 09:07:10 TP1 EP1] [FlexKV] sglang startprefetch: request=bounded_on-warmup_00-replay-1
[2026-09-29 09:07:10 TP6 EP6] [FlexKV] sglang startprefetch: request=bounded_on-warmup_00-replay-7
[2026-09-29 09:07:10 TP5 EP5] [FlexKV] sglang startprefetch: request=bounded_on-warmup_00-replay-4
[2026-09-29 09:07:10 TP1 EP1] [FlexKV] sglang startprefetch: request=bounded_on-warmup_00-replay-2
[2026-09-29 09:07:10 TP3 EP3] [FlexKV] sglang startprefetch: request=bounded_on-warmup_00-replay-1
[2026-09-29 09:07:10 TP7 EP7] [FlexKV] sglang startprefetch: request=bounded_on-warmup_00-replay-0
[2026-09-29 09:07:10 TP5 EP5] [FlexKV] sglang startprefetch: request=bounded_on-warmup_00-replay-5
[2026-09-29 09:07:10 TP1 EP1] [FlexKV] sglang startprefetch: request=bounded_on-warmup_00-replay-3
[2026-09-29 09:07:10 TP3 EP3] [FlexKV] sglang startprefetch: request=bounded_on-warmup_00-replay-2
[2026-09-29 09:07:10 TP5 EP5] [FlexKV] sglang startprefetch: request=bounded_on-warmup_00-replay-6
[2026-09-29 09:07:10 TP1 EP1] [FlexKV] sglang startprefetch: request=bounded_on-warmup_00-replay-4
[2026-09-29 09:07:10 TP7 EP7] [FlexKV] sglang startprefetch: request=bounded_on-warmup_00-replay-1
[2026-09-29 09:07:10 TP3 EP3] [FlexKV] sglang startprefetch: request=bounded_on-warmup_00-replay-3
[2026-09-29 09:07:10 TP5 EP5] [FlexKV] sglang startprefetch: request=bounded_on-warmup_00-replay-7
[2026-09-29 09:07:10 TP1 EP1] [FlexKV] sglang startprefetch: request=bounded_on-warmup_00-replay-5
[2026-09-29 09:07:10 TP3 EP3] [FlexKV] sglang startprefetch: request=bounded_on-warmup_00-replay-4
[2026-09-29 09:07:10 TP7 EP7] [FlexKV] sglang startprefetch: request=bounded_on-warmup_00-replay-2
[2026-09-29 09:07:10 TP1 EP1] [FlexKV] sglang startprefetch: request=bounded_on-warmup_00-replay-6
[2026-09-29 09:07:10 TP3 EP3] [FlexKV] sglang startprefetch: request=bounded_on-warmup_00-replay-5
[2026-09-29 09:07:10 TP7 EP7] [FlexKV] sglang startprefetch: request=bounded_on-warmup_00-replay-3
[2026-09-29 09:07:10 TP1 EP1] [FlexKV] sglang startprefetch: request=bounded_on-warmup_00-replay-7
[2026-09-29 09:07:10 TP0 EP0] [INFO][FlexKV-SGLang] operation=lookup act=complete status=hit sglang_req_id="bounded_on-warmup_00-replay-0" flexkv_task_id=22 tokens=7936 hit_tokens=7936 hit_blocks=31 lookup_time=0.0004s
[2026-09-29 09:07:10 TP3 EP3] [FlexKV] sglang startprefetch: request=bounded_on-warmup_00-replay-6
[2026-09-29 09:07:10 TP7 EP7] [FlexKV] sglang startprefetch: request=bounded_on-warmup_00-replay-4
[2026-09-29 09:07:10 TP3 EP3] [FlexKV] sglang startprefetch: request=bounded_on-warmup_00-replay-7
[2026-09-29 09:07:10 TP7 EP7] [FlexKV] sglang startprefetch: request=bounded_on-warmup_00-replay-5
[2026-09-29 09:07:10 TP0 EP0] [INFO][FlexKV-SGLang] operation=load act=launch status=running direction=H2D sglang_req_id="bounded_on-warmup_00-replay-0" flexkv_task_id=22 mode=no-layerwise slots=7936 swa_slots=0
[2026-09-29 09:07:10 TP7 EP7] [FlexKV] sglang startprefetch: request=bounded_on-warmup_00-replay-6
[2026-09-29 09:07:10 TP7 EP7] [FlexKV] sglang startprefetch: request=bounded_on-warmup_00-replay-7
[FLEXKV] INFO 09-29 09:07:10.486 [runtime.py:577] [FlexKV-IO] operation=transfer act=complete status=success direction=H2D blocks=31 op_id=8 graph_id=36 mode=no-layerwise data_size=0.00657797GB transfer_time=0.0053s bandwidth=1.32GB/s
[FLEXKV] INFO 09-29 09:07:10.488 [kvtask.py:300] [FlexKV-IO] operation=get act=complete status=success flexkv_task_id=22 graph_id=36 task_time=0.0087s
[2026-09-29 09:07:10 TP0 EP0] [INFO][FlexKV-SGLang] operation=load act=complete status=success direction=H2D sglang_req_id="bounded_on-warmup_00-replay-0" flexkv_task_id=22 mode=no-layerwise slots=7936 swa_slots=0 load_time=0.0083s
[2026-09-29 09:07:10 TP0 EP0] [INFO][FlexKV-SGLang] operation=lookup act=complete status=hit sglang_req_id="bounded_on-warmup_00-replay-1" flexkv_task_id=23 tokens=7936 hit_tokens=7936 hit_blocks=31 lookup_time=0.0005s
[2026-09-29 09:07:10 TP0 EP0] [INFO][FlexKV-SGLang] operation=load act=launch status=running direction=H2D sglang_req_id="bounded_on-warmup_00-replay-1" flexkv_task_id=23 mode=no-layerwise slots=7936 swa_slots=0
[FLEXKV] INFO 09-29 09:07:10.492 [runtime.py:577] [FlexKV-IO] operation=transfer act=complete status=success direction=H2D blocks=31 op_id=9 graph_id=37 mode=no-layerwise data_size=0.00657797GB transfer_time=0.0005s bandwidth=13.18GB/s
[FLEXKV] INFO 09-29 09:07:10.493 [kvtask.py:300] [FlexKV-IO] operation=get act=complete status=success flexkv_task_id=23 graph_id=37 task_time=0.0032s
[2026-09-29 09:07:10 TP0 EP0] [INFO][FlexKV-SGLang] operation=load act=complete status=success direction=H2D sglang_req_id="bounded_on-warmup_00-replay-1" flexkv_task_id=23 mode=no-layerwise slots=7936 swa_slots=0 load_time=0.0027s
[2026-09-29 09:07:10 TP0 EP0] [INFO][FlexKV-SGLang] operation=lookup act=complete status=hit sglang_req_id="bounded_on-warmup_00-replay-2" flexkv_task_id=24 tokens=7936 hit_tokens=7936 hit_blocks=31 lookup_time=0.0005s
[2026-09-29 09:07:10 TP0 EP0] [INFO][FlexKV-SGLang] operation=load act=launch status=running direction=H2D sglang_req_id="bounded_on-warmup_00-replay-2" flexkv_task_id=24 mode=no-layerwise slots=7936 swa_slots=0
[FLEXKV] INFO 09-29 09:07:10.498 [runtime.py:577] [FlexKV-IO] operation=transfer act=complete status=success direction=H2D blocks=31 op_id=10 graph_id=38 mode=no-layerwise data_size=0.00657797GB transfer_time=0.0007s bandwidth=10.45GB/s
[FLEXKV] INFO 09-29 09:07:10.499 [kvtask.py:300] [FlexKV-IO] operation=get act=complete status=success flexkv_task_id=24 graph_id=38 task_time=0.0034s
[2026-09-29 09:07:10 TP0 EP0] [INFO][FlexKV-SGLang] operation=load act=complete status=success direction=H2D sglang_req_id="bounded_on-warmup_00-replay-2" flexkv_task_id=24 mode=no-layerwise slots=7936 swa_slots=0 load_time=0.0031s
[2026-09-29 09:07:10 TP0 EP0] [INFO][FlexKV-SGLang] operation=lookup act=complete status=hit sglang_req_id="bounded_on-warmup_00-replay-3" flexkv_task_id=25 tokens=7936 hit_tokens=7936 hit_blocks=31 lookup_time=0.0004s
[2026-09-29 09:07:10 TP0 EP0] [INFO][FlexKV-SGLang] operation=load act=launch status=running direction=H2D sglang_req_id="bounded_on-warmup_00-replay-3" flexkv_task_id=25 mode=no-layerwise slots=7936 swa_slots=0
[FLEXKV] INFO 09-29 09:07:10.504 [runtime.py:577] [FlexKV-IO] operation=transfer act=complete status=success direction=H2D blocks=31 op_id=11 graph_id=39 mode=no-layerwise data_size=0.00657797GB transfer_time=0.0007s bandwidth=9.87GB/s
[FLEXKV] INFO 09-29 09:07:10.505 [kvtask.py:300] [FlexKV-IO] operation=get act=complete status=success flexkv_task_id=25 graph_id=39 task_time=0.0034s
[2026-09-29 09:07:10 TP0 EP0] [INFO][FlexKV-SGLang] operation=load act=complete status=success direction=H2D sglang_req_id="bounded_on-warmup_00-replay-3" flexkv_task_id=25 mode=no-layerwise slots=7936 swa_slots=0 load_time=0.0031s
[2026-09-29 09:07:10 TP0 EP0] [INFO][FlexKV-SGLang] operation=lookup act=complete status=hit sglang_req_id="bounded_on-warmup_00-replay-4" flexkv_task_id=26 tokens=7936 hit_tokens=7936 hit_blocks=31 lookup_time=0.0005s
[2026-09-29 09:07:10 TP0 EP0] [INFO][FlexKV-SGLang] operation=load act=launch status=running direction=H2D sglang_req_id="bounded_on-warmup_00-replay-4" flexkv_task_id=26 mode=no-layerwise slots=7936 swa_slots=0
[FLEXKV] INFO 09-29 09:07:10.510 [runtime.py:577] [FlexKV-IO] operation=transfer act=complete status=success direction=H2D blocks=31 op_id=12 graph_id=40 mode=no-layerwise data_size=0.00657797GB transfer_time=0.0006s bandwidth=11.17GB/s
[FLEXKV] INFO 09-29 09:07:10.511 [kvtask.py:300] [FlexKV-IO] operation=get act=complete status=success flexkv_task_id=26 graph_id=40 task_time=0.0033s
[2026-09-29 09:07:10 TP0 EP0] [INFO][FlexKV-SGLang] operation=load act=complete status=success direction=H2D sglang_req_id="bounded_on-warmup_00-replay-4" flexkv_task_id=26 mode=no-layerwise slots=7936 swa_slots=0 load_time=0.0029s
[2026-09-29 09:07:10 TP0 EP0] [INFO][FlexKV-SGLang] operation=lookup act=complete status=hit sglang_req_id="bounded_on-warmup_00-replay-5" flexkv_task_id=27 tokens=7936 hit_tokens=7936 hit_blocks=31 lookup_time=0.0004s
[2026-09-29 09:07:10 TP0 EP0] [INFO][FlexKV-SGLang] operation=load act=launch status=running direction=H2D sglang_req_id="bounded_on-warmup_00-replay-5" flexkv_task_id=27 mode=no-layerwise slots=7936 swa_slots=0
[FLEXKV] INFO 09-29 09:07:10.516 [runtime.py:577] [FlexKV-IO] operation=transfer act=complete status=success direction=H2D blocks=31 op_id=13 graph_id=41 mode=no-layerwise data_size=0.00657797GB transfer_time=0.0006s bandwidth=11.48GB/s
[FLEXKV] INFO 09-29 09:07:10.517 [kvtask.py:300] [FlexKV-IO] operation=get act=complete status=success flexkv_task_id=27 graph_id=41 task_time=0.0032s
[2026-09-29 09:07:10 TP0 EP0] [INFO][FlexKV-SGLang] operation=load act=complete status=success direction=H2D sglang_req_id="bounded_on-warmup_00-replay-5" flexkv_task_id=27 mode=no-layerwise slots=7936 swa_slots=0 load_time=0.0028s
[2026-09-29 09:07:10 TP0 EP0] [INFO][FlexKV-SGLang] operation=lookup act=complete status=hit sglang_req_id="bounded_on-warmup_00-replay-6" flexkv_task_id=28 tokens=7936 hit_tokens=7936 hit_blocks=31 lookup_time=0.0004s
[2026-09-29 09:07:10 TP0 EP0] [INFO][FlexKV-SGLang] operation=load act=launch status=running direction=H2D sglang_req_id="bounded_on-warmup_00-replay-6" flexkv_task_id=28 mode=no-layerwise slots=7936 swa_slots=0
[FLEXKV] INFO 09-29 09:07:10.522 [runtime.py:577] [FlexKV-IO] operation=transfer act=complete status=success direction=H2D blocks=31 op_id=14 graph_id=42 mode=no-layerwise data_size=0.00657797GB transfer_time=0.0008s bandwidth=9.03GB/s
[FLEXKV] INFO 09-29 09:07:10.523 [kvtask.py:300] [FlexKV-IO] operation=get act=complete status=success flexkv_task_id=28 graph_id=42 task_time=0.0036s
[2026-09-29 09:07:10 TP0 EP0] [INFO][FlexKV-SGLang] operation=load act=complete status=success direction=H2D sglang_req_id="bounded_on-warmup_00-replay-6" flexkv_task_id=28 mode=no-layerwise slots=7936 swa_slots=0 load_time=0.0033s
[2026-09-29 09:07:10 TP0 EP0] [INFO][FlexKV-SGLang] operation=lookup act=complete status=hit sglang_req_id="bounded_on-warmup_00-replay-7" flexkv_task_id=29 tokens=7936 hit_tokens=7936 hit_blocks=31 lookup_time=0.0004s
[2026-09-29 09:07:10 TP0 EP0] [INFO][FlexKV-SGLang] operation=load act=launch status=running direction=H2D sglang_req_id="bounded_on-warmup_00-replay-7" flexkv_task_id=29 mode=no-layerwise slots=7936 swa_slots=0
[FLEXKV] INFO 09-29 09:07:10.527 [runtime.py:577] [FlexKV-IO] operation=transfer act=complete status=success direction=H2D blocks=31 op_id=15 graph_id=43 mode=no-layerwise data_size=0.00657797GB transfer_time=0.0006s bandwidth=11.94GB/s
[FLEXKV] INFO 09-29 09:07:10.528 [kvtask.py:300] [FlexKV-IO] operation=get act=complete status=success flexkv_task_id=29 graph_id=43 task_time=0.0033s
[2026-09-29 09:07:10 TP0 EP0] [INFO][FlexKV-SGLang] operation=load act=complete status=success direction=H2D sglang_req_id="bounded_on-warmup_00-replay-7" flexkv_task_id=29 mode=no-layerwise slots=7936 swa_slots=0 load_time=0.0029s
[2026-09-29 09:07:12 TP0 EP0] Prefill batch, #new-seq: 8, #new-token: 2048, #cached-token: 63488, #cached-device: 0, #cached-host: 63488, #cached-storage: 0, actual-hit-rate: 0.968750, token usage: 0.52, #running-req: 0, #queue-req: 0, #pending-token: 0, #replay-token: 1024, cuda graph: False, input throughput (token/s): 1389.64
[2026-09-29 09:07:12 TP1 EP1] [FlexKV] store prefix length aligned from 8194 to 8192 tokens for rid=bounded_on-warmup_00-replay-0
[2026-09-29 09:07:12 TP2 EP2] [FlexKV] store prefix length aligned from 8194 to 8192 tokens for rid=bounded_on-warmup_00-replay-0
[2026-09-29 09:07:12 TP5 EP5] [FlexKV] store prefix length aligned from 8194 to 8192 tokens for rid=bounded_on-warmup_00-replay-0
[2026-09-29 09:07:12 TP3 EP3] [FlexKV] store prefix length aligned from 8194 to 8192 tokens for rid=bounded_on-warmup_00-replay-0
[2026-09-29 09:07:12 TP1 EP1] [FlexKV] store prefix length aligned from 8194 to 8192 tokens for rid=bounded_on-warmup_00-replay-1
[2026-09-29 09:07:12 TP2 EP2] [FlexKV] store prefix length aligned from 8194 to 8192 tokens for rid=bounded_on-warmup_00-replay-1
[2026-09-29 09:07:12 TP5 EP5] [FlexKV] store prefix length aligned from 8194 to 8192 tokens for rid=bounded_on-warmup_00-replay-1
[2026-09-29 09:07:12 TP3 EP3] [FlexKV] store prefix length aligned from 8194 to 8192 tokens for rid=bounded_on-warmup_00-replay-1
[2026-09-29 09:07:12 TP0 EP0] [FlexKV] store prefix length aligned from 8194 to 8192 tokens for rid=bounded_on-warmup_00-replay-0
[2026-09-29 09:07:12 TP1 EP1] [FlexKV] store prefix length aligned from 8194 to 8192 tokens for rid=bounded_on-warmup_00-replay-2
[2026-09-29 09:07:12 TP2 EP2] [FlexKV] store prefix length aligned from 8194 to 8192 tokens for rid=bounded_on-warmup_00-replay-2
[2026-09-29 09:07:12 TP6 EP6] [FlexKV] store prefix length aligned from 8194 to 8192 tokens for rid=bounded_on-warmup_00-replay-0
[2026-09-29 09:07:12 TP3 EP3] [FlexKV] store prefix length aligned from 8194 to 8192 tokens for rid=bounded_on-warmup_00-replay-2
[2026-09-29 09:07:12 TP5 EP5] [FlexKV] store prefix length aligned from 8194 to 8192 tokens for rid=bounded_on-warmup_00-replay-2
[2026-09-29 09:07:12 TP7 EP7] [FlexKV] store prefix length aligned from 8194 to 8192 tokens for rid=bounded_on-warmup_00-replay-0
[2026-09-29 09:07:12 TP1 EP1] [FlexKV] store prefix length aligned from 8194 to 8192 tokens for rid=bounded_on-warmup_00-replay-3
[2026-09-29 09:07:12 TP0 EP0] [FlexKV] store prefix length aligned from 8194 to 8192 tokens for rid=bounded_on-warmup_00-replay-1
[2026-09-29 09:07:12 TP4 EP4] [FlexKV] store prefix length aligned from 8194 to 8192 tokens for rid=bounded_on-warmup_00-replay-0
[2026-09-29 09:07:12 TP2 EP2] [FlexKV] store prefix length aligned from 8194 to 8192 tokens for rid=bounded_on-warmup_00-replay-3
[2026-09-29 09:07:12 TP6 EP6] [FlexKV] store prefix length aligned from 8194 to 8192 tokens for rid=bounded_on-warmup_00-replay-1
[2026-09-29 09:07:12 TP3 EP3] [FlexKV] store prefix length aligned from 8194 to 8192 tokens for rid=bounded_on-warmup_00-replay-3
[2026-09-29 09:07:12 TP5 EP5] [FlexKV] store prefix length aligned from 8194 to 8192 tokens for rid=bounded_on-warmup_00-replay-3
[2026-09-29 09:07:12 TP1 EP1] [FlexKV] store prefix length aligned from 8194 to 8192 tokens for rid=bounded_on-warmup_00-replay-4
[2026-09-29 09:07:12 TP7 EP7] [FlexKV] store prefix length aligned from 8194 to 8192 tokens for rid=bounded_on-warmup_00-replay-1
[2026-09-29 09:07:12 TP2 EP2] [FlexKV] store prefix length aligned from 8194 to 8192 tokens for rid=bounded_on-warmup_00-replay-4
[2026-09-29 09:07:12 TP0 EP0] [FlexKV] store prefix length aligned from 8194 to 8192 tokens for rid=bounded_on-warmup_00-replay-2
[2026-09-29 09:07:12 TP3 EP3] [FlexKV] store prefix length aligned from 8194 to 8192 tokens for rid=bounded_on-warmup_00-replay-4
[2026-09-29 09:07:12 TP4 EP4] [FlexKV] store prefix length aligned from 8194 to 8192 tokens for rid=bounded_on-warmup_00-replay-1
[2026-09-29 09:07:12 TP6 EP6] [FlexKV] store prefix length aligned from 8194 to 8192 tokens for rid=bounded_on-warmup_00-replay-2
[2026-09-29 09:07:12 TP5 EP5] [FlexKV] store prefix length aligned from 8194 to 8192 tokens for rid=bounded_on-warmup_00-replay-4
[2026-09-29 09:07:12 TP1 EP1] [FlexKV] store prefix length aligned from 8194 to 8192 tokens for rid=bounded_on-warmup_00-replay-5
[2026-09-29 09:07:12 TP2 EP2] [FlexKV] store prefix length aligned from 8194 to 8192 tokens for rid=bounded_on-warmup_00-replay-5
[2026-09-29 09:07:12 TP0 EP0] [FlexKV] store prefix length aligned from 8194 to 8192 tokens for rid=bounded_on-warmup_00-replay-3
[2026-09-29 09:07:12 TP3 EP3] [FlexKV] store prefix length aligned from 8194 to 8192 tokens for rid=bounded_on-warmup_00-replay-5
[2026-09-29 09:07:12 TP7 EP7] [FlexKV] store prefix length aligned from 8194 to 8192 tokens for rid=bounded_on-warmup_00-replay-2
[2026-09-29 09:07:12 TP6 EP6] [FlexKV] store prefix length aligned from 8194 to 8192 tokens for rid=bounded_on-warmup_00-replay-3
[2026-09-29 09:07:12 TP4 EP4] [FlexKV] store prefix length aligned from 8194 to 8192 tokens for rid=bounded_on-warmup_00-replay-2
[2026-09-29 09:07:12 TP1 EP1] [FlexKV] store prefix length aligned from 8194 to 8192 tokens for rid=bounded_on-warmup_00-replay-6
[2026-09-29 09:07:12 TP5 EP5] [FlexKV] store prefix length aligned from 8194 to 8192 tokens for rid=bounded_on-warmup_00-replay-5
[2026-09-29 09:07:12 TP2 EP2] [FlexKV] store prefix length aligned from 8194 to 8192 tokens for rid=bounded_on-warmup_00-replay-6
[2026-09-29 09:07:12 TP3 EP3] [FlexKV] store prefix length aligned from 8194 to 8192 tokens for rid=bounded_on-warmup_00-replay-6
[2026-09-29 09:07:12 TP0 EP0] [FlexKV] store prefix length aligned from 8194 to 8192 tokens for rid=bounded_on-warmup_00-replay-4
[2026-09-29 09:07:12 TP6 EP6] [FlexKV] store prefix length aligned from 8194 to 8192 tokens for rid=bounded_on-warmup_00-replay-4
[2026-09-29 09:07:12 TP7 EP7] [FlexKV] store prefix length aligned from 8194 to 8192 tokens for rid=bounded_on-warmup_00-replay-3
[2026-09-29 09:07:12 TP4 EP4] [FlexKV] store prefix length aligned from 8194 to 8192 tokens for rid=bounded_on-warmup_00-replay-3
[2026-09-29 09:07:12 TP1 EP1] [FlexKV] store prefix length aligned from 8194 to 8192 tokens for rid=bounded_on-warmup_00-replay-7
[2026-09-29 09:07:12 TP5 EP5] [FlexKV] store prefix length aligned from 8194 to 8192 tokens for rid=bounded_on-warmup_00-replay-6
[2026-09-29 09:07:12 TP2 EP2] [FlexKV] store prefix length aligned from 8194 to 8192 tokens for rid=bounded_on-warmup_00-replay-7
[2026-09-29 09:07:12 TP3 EP3] [FlexKV] store prefix length aligned from 8194 to 8192 tokens for rid=bounded_on-warmup_00-replay-7
[2026-09-29 09:07:12 TP0 EP0] [FlexKV] store prefix length aligned from 8194 to 8192 tokens for rid=bounded_on-warmup_00-replay-5
[2026-09-29 09:07:12 TP6 EP6] [FlexKV] store prefix length aligned from 8194 to 8192 tokens for rid=bounded_on-warmup_00-replay-5
[2026-09-29 09:07:12 TP7 EP7] [FlexKV] store prefix length aligned from 8194 to 8192 tokens for rid=bounded_on-warmup_00-replay-4
[2026-09-29 09:07:12 TP4 EP4] [FlexKV] store prefix length aligned from 8194 to 8192 tokens for rid=bounded_on-warmup_00-replay-4
[2026-09-29 09:07:12 TP5 EP5] [FlexKV] store prefix length aligned from 8194 to 8192 tokens for rid=bounded_on-warmup_00-replay-7
[2026-09-29 09:07:12 TP0 EP0] [FlexKV] store prefix length aligned from 8194 to 8192 tokens for rid=bounded_on-warmup_00-replay-6
[2026-09-29 09:07:12 TP6 EP6] [FlexKV] store prefix length aligned from 8194 to 8192 tokens for rid=bounded_on-warmup_00-replay-6
[2026-09-29 09:07:12 TP7 EP7] [FlexKV] store prefix length aligned from 8194 to 8192 tokens for rid=bounded_on-warmup_00-replay-5
[2026-09-29 09:07:12 TP4 EP4] [FlexKV] store prefix length aligned from 8194 to 8192 tokens for rid=bounded_on-warmup_00-replay-5
[2026-09-29 09:07:12 TP0 EP0] [FlexKV] store prefix length aligned from 8194 to 8192 tokens for rid=bounded_on-warmup_00-replay-7
[2026-09-29 09:07:12 TP6 EP6] [FlexKV] store prefix length aligned from 8194 to 8192 tokens for rid=bounded_on-warmup_00-replay-7
[2026-09-29 09:07:12 TP7 EP7] [FlexKV] store prefix length aligned from 8194 to 8192 tokens for rid=bounded_on-warmup_00-replay-6
[2026-09-29 09:07:12 TP4 EP4] [FlexKV] store prefix length aligned from 8194 to 8192 tokens for rid=bounded_on-warmup_00-replay-6
[2026-09-29 09:07:12 TP7 EP7] [FlexKV] store prefix length aligned from 8194 to 8192 tokens for rid=bounded_on-warmup_00-replay-7
[2026-09-29 09:07:12 TP4 EP4] [FlexKV] store prefix length aligned from 8194 to 8192 tokens for rid=bounded_on-warmup_00-replay-7
[2026-09-29 09:07:12 TP0 EP0] [INFO][FlexKV-SGLang] operation=store act=complete status=skipped direction=D2H sglang_req_id="bounded_on-warmup_00-replay-0" flexkv_task_id=30 reason=already_cached tokens=0 store_time=0.0005s
[2026-09-29 09:07:12 TP0 EP0] [INFO][FlexKV-SGLang] operation=store act=complete status=skipped direction=D2H sglang_req_id="bounded_on-warmup_00-replay-1" flexkv_task_id=31 reason=already_cached tokens=0 store_time=0.0004s
[2026-09-29 09:07:12 TP0 EP0] [INFO][FlexKV-SGLang] operation=store act=complete status=skipped direction=D2H sglang_req_id="bounded_on-warmup_00-replay-2" flexkv_task_id=32 reason=already_cached tokens=0 store_time=0.0004s
[2026-09-29 09:07:12 TP0 EP0] [INFO][FlexKV-SGLang] operation=store act=complete status=skipped direction=D2H sglang_req_id="bounded_on-warmup_00-replay-3" flexkv_task_id=33 reason=already_cached tokens=0 store_time=0.0004s
[2026-09-29 09:07:12 TP0 EP0] [INFO][FlexKV-SGLang] operation=store act=complete status=skipped direction=D2H sglang_req_id="bounded_on-warmup_00-replay-4" flexkv_task_id=34 reason=already_cached tokens=0 store_time=0.0004s
[2026-09-29 09:07:12 TP0 EP0] [INFO][FlexKV-SGLang] operation=store act=complete status=skipped direction=D2H sglang_req_id="bounded_on-warmup_00-replay-5" flexkv_task_id=35 reason=already_cached tokens=0 store_time=0.0004s
[2026-09-29 09:07:12 TP0 EP0] [INFO][FlexKV-SGLang] operation=store act=complete status=skipped direction=D2H sglang_req_id="bounded_on-warmup_00-replay-6" flexkv_task_id=36 reason=already_cached tokens=0 store_time=0.0004s
[2026-09-29 09:07:12 TP0 EP0] [INFO][FlexKV-SGLang] operation=store act=complete status=skipped direction=D2H sglang_req_id="bounded_on-warmup_00-replay-7" flexkv_task_id=37 reason=already_cached tokens=0 store_time=0.0004s
[2026-09-29 09:07:12] INFO:     127.0.0.1:51432 - "GET /metrics HTTP/1.1" 200 OK
