[2026-09-29 08:39:28] INFO:     127.0.0.1:51762 - "POST /generate HTTP/1.1" 200 OK
[2026-09-29 08:39:28 TP0 EP0] [FlexKV] sglang startprefetch: request=bounded_off-measure_04-replay-0
[2026-09-29 08:39:28 TP4 EP4] [FlexKV] sglang startprefetch: request=bounded_off-measure_04-replay-0
[2026-09-29 08:39:28 TP0 EP0] [FlexKV] sglang startprefetch: request=bounded_off-measure_04-replay-1
[2026-09-29 08:39:28 TP0 EP0] [FlexKV] sglang startprefetch: request=bounded_off-measure_04-replay-2
[2026-09-29 08:39:28 TP4 EP4] [FlexKV] sglang startprefetch: request=bounded_off-measure_04-replay-1
[2026-09-29 08:39:28 TP1 EP1] [FlexKV] sglang startprefetch: request=bounded_off-measure_04-replay-0
[2026-09-29 08:39:28 TP2 EP2] [FlexKV] sglang startprefetch: request=bounded_off-measure_04-replay-0
[2026-09-29 08:39:28 TP0 EP0] [FlexKV] sglang startprefetch: request=bounded_off-measure_04-replay-3
[2026-09-29 08:39:28 TP4 EP4] [FlexKV] sglang startprefetch: request=bounded_off-measure_04-replay-2
[2026-09-29 08:39:28 TP6 EP6] [FlexKV] sglang startprefetch: request=bounded_off-measure_04-replay-0
[2026-09-29 08:39:28 TP0 EP0] [FlexKV] sglang startprefetch: request=bounded_off-measure_04-replay-4
[2026-09-29 08:39:28 TP5 EP5] [FlexKV] sglang startprefetch: request=bounded_off-measure_04-replay-0
[2026-09-29 08:39:28 TP2 EP2] [FlexKV] sglang startprefetch: request=bounded_off-measure_04-replay-1
[2026-09-29 08:39:28 TP1 EP1] [FlexKV] sglang startprefetch: request=bounded_off-measure_04-replay-1
[2026-09-29 08:39:28 TP4 EP4] [FlexKV] sglang startprefetch: request=bounded_off-measure_04-replay-3
[2026-09-29 08:39:28 TP3 EP3] [FlexKV] sglang startprefetch: request=bounded_off-measure_04-replay-0
[2026-09-29 08:39:28 TP0 EP0] [FlexKV] sglang startprefetch: request=bounded_off-measure_04-replay-5
[2026-09-29 08:39:28 TP2 EP2] [FlexKV] sglang startprefetch: request=bounded_off-measure_04-replay-2
[2026-09-29 08:39:28 TP4 EP4] [FlexKV] sglang startprefetch: request=bounded_off-measure_04-replay-4
[2026-09-29 08:39:28 TP1 EP1] [FlexKV] sglang startprefetch: request=bounded_off-measure_04-replay-2
[2026-09-29 08:39:28 TP6 EP6] [FlexKV] sglang startprefetch: request=bounded_off-measure_04-replay-1
[2026-09-29 08:39:28 TP5 EP5] [FlexKV] sglang startprefetch: request=bounded_off-measure_04-replay-1
[2026-09-29 08:39:28 TP0 EP0] [FlexKV] sglang startprefetch: request=bounded_off-measure_04-replay-6
[2026-09-29 08:39:28 TP2 EP2] [FlexKV] sglang startprefetch: request=bounded_off-measure_04-replay-3
[2026-09-29 08:39:28 TP4 EP4] [FlexKV] sglang startprefetch: request=bounded_off-measure_04-replay-5
[2026-09-29 08:39:28 TP1 EP1] [FlexKV] sglang startprefetch: request=bounded_off-measure_04-replay-3
[2026-09-29 08:39:28 TP6 EP6] [FlexKV] sglang startprefetch: request=bounded_off-measure_04-replay-2
[2026-09-29 08:39:28 TP3 EP3] [FlexKV] sglang startprefetch: request=bounded_off-measure_04-replay-1
[2026-09-29 08:39:28 TP7 EP7] [FlexKV] sglang startprefetch: request=bounded_off-measure_04-replay-0
[2026-09-29 08:39:28 TP5 EP5] [FlexKV] sglang startprefetch: request=bounded_off-measure_04-replay-2
[2026-09-29 08:39:28 TP0 EP0] [FlexKV] sglang startprefetch: request=bounded_off-measure_04-replay-7
[2026-09-29 08:39:28 TP2 EP2] [FlexKV] sglang startprefetch: request=bounded_off-measure_04-replay-4
[2026-09-29 08:39:28 TP4 EP4] [FlexKV] sglang startprefetch: request=bounded_off-measure_04-replay-6
[2026-09-29 08:39:28 TP1 EP1] [FlexKV] sglang startprefetch: request=bounded_off-measure_04-replay-4
[2026-09-29 08:39:28 TP6 EP6] [FlexKV] sglang startprefetch: request=bounded_off-measure_04-replay-3
[2026-09-29 08:39:28 TP3 EP3] [FlexKV] sglang startprefetch: request=bounded_off-measure_04-replay-2
[2026-09-29 08:39:28 TP5 EP5] [FlexKV] sglang startprefetch: request=bounded_off-measure_04-replay-3
[2026-09-29 08:39:28 TP2 EP2] [FlexKV] sglang startprefetch: request=bounded_off-measure_04-replay-5
[2026-09-29 08:39:28 TP7 EP7] [FlexKV] sglang startprefetch: request=bounded_off-measure_04-replay-1
[2026-09-29 08:39:28 TP4 EP4] [FlexKV] sglang startprefetch: request=bounded_off-measure_04-replay-7
[2026-09-29 08:39:28 TP1 EP1] [FlexKV] sglang startprefetch: request=bounded_off-measure_04-replay-5
[2026-09-29 08:39:28 TP6 EP6] [FlexKV] sglang startprefetch: request=bounded_off-measure_04-replay-4
[2026-09-29 08:39:28 TP3 EP3] [FlexKV] sglang startprefetch: request=bounded_off-measure_04-replay-3
[2026-09-29 08:39:28 TP5 EP5] [FlexKV] sglang startprefetch: request=bounded_off-measure_04-replay-4
[2026-09-29 08:39:28 TP2 EP2] [FlexKV] sglang startprefetch: request=bounded_off-measure_04-replay-6
[2026-09-29 08:39:28 TP1 EP1] [FlexKV] sglang startprefetch: request=bounded_off-measure_04-replay-6
[2026-09-29 08:39:28 TP7 EP7] [FlexKV] sglang startprefetch: request=bounded_off-measure_04-replay-2
[2026-09-29 08:39:28 TP6 EP6] [FlexKV] sglang startprefetch: request=bounded_off-measure_04-replay-5
[2026-09-29 08:39:28 TP3 EP3] [FlexKV] sglang startprefetch: request=bounded_off-measure_04-replay-4
[2026-09-29 08:39:28 TP5 EP5] [FlexKV] sglang startprefetch: request=bounded_off-measure_04-replay-5
[2026-09-29 08:39:28 TP2 EP2] [FlexKV] sglang startprefetch: request=bounded_off-measure_04-replay-7
[2026-09-29 08:39:28 TP1 EP1] [FlexKV] sglang startprefetch: request=bounded_off-measure_04-replay-7
[2026-09-29 08:39:28 TP6 EP6] [FlexKV] sglang startprefetch: request=bounded_off-measure_04-replay-6
[2026-09-29 08:39:28 TP7 EP7] [FlexKV] sglang startprefetch: request=bounded_off-measure_04-replay-3
[2026-09-29 08:39:28 TP3 EP3] [FlexKV] sglang startprefetch: request=bounded_off-measure_04-replay-5
[2026-09-29 08:39:28 TP5 EP5] [FlexKV] sglang startprefetch: request=bounded_off-measure_04-replay-6
[2026-09-29 08:39:28 TP6 EP6] [FlexKV] sglang startprefetch: request=bounded_off-measure_04-replay-7
[2026-09-29 08:39:28 TP7 EP7] [FlexKV] sglang startprefetch: request=bounded_off-measure_04-replay-4
[2026-09-29 08:39:28 TP3 EP3] [FlexKV] sglang startprefetch: request=bounded_off-measure_04-replay-6
[2026-09-29 08:39:28 TP5 EP5] [FlexKV] sglang startprefetch: request=bounded_off-measure_04-replay-7
[2026-09-29 08:39:28 TP7 EP7] [FlexKV] sglang startprefetch: request=bounded_off-measure_04-replay-5
[2026-09-29 08:39:28 TP3 EP3] [FlexKV] sglang startprefetch: request=bounded_off-measure_04-replay-7
[2026-09-29 08:39:28 TP7 EP7] [FlexKV] sglang startprefetch: request=bounded_off-measure_04-replay-6
[2026-09-29 08:39:28 TP0 EP0] [INFO][FlexKV-SGLang] operation=lookup act=complete status=hit sglang_req_id="bounded_off-measure_04-replay-0" flexkv_task_id=472 tokens=7936 hit_tokens=7936 hit_blocks=31 lookup_time=0.0005s
[2026-09-29 08:39:28 TP7 EP7] [FlexKV] sglang startprefetch: request=bounded_off-measure_04-replay-7
[2026-09-29 08:39:28 TP0 EP0] [INFO][FlexKV-SGLang] operation=load act=launch status=running direction=H2D sglang_req_id="bounded_off-measure_04-replay-0" flexkv_task_id=472 mode=no-layerwise slots=7936 swa_slots=256
[FLEXKV] INFO 09-29 08:39:28.275 [runtime.py:577] [FlexKV-IO] operation=transfer act=complete status=success direction=H2D blocks=1 op_id=368 graph_id=584 mode=no-layerwise data_size=0.00557899GB transfer_time=0.0007s bandwidth=8.14GB/s
[FLEXKV] INFO 09-29 08:39:28.275 [runtime.py:577] [FlexKV-IO] operation=transfer act=complete status=success direction=H2D blocks=31 op_id=369 graph_id=584 mode=no-layerwise data_size=0.00657797GB transfer_time=0.0008s bandwidth=9.31GB/s
[FLEXKV] INFO 09-29 08:39:28.277 [kvtask.py:300] [FlexKV-IO] operation=get act=complete status=success flexkv_task_id=472 graph_id=584 task_time=0.0051s
[2026-09-29 08:39:28 TP0 EP0] [INFO][FlexKV-SGLang] operation=load act=complete status=success direction=H2D sglang_req_id="bounded_off-measure_04-replay-0" flexkv_task_id=472 mode=no-layerwise slots=7936 swa_slots=256 load_time=0.0045s
[2026-09-29 08:39:28 TP0 EP0] [INFO][FlexKV-SGLang] operation=lookup act=complete status=hit sglang_req_id="bounded_off-measure_04-replay-1" flexkv_task_id=473 tokens=7936 hit_tokens=7936 hit_blocks=31 lookup_time=0.0005s
[2026-09-29 08:39:28 TP0 EP0] [INFO][FlexKV-SGLang] operation=load act=launch status=running direction=H2D sglang_req_id="bounded_off-measure_04-replay-1" flexkv_task_id=473 mode=no-layerwise slots=7936 swa_slots=256
[FLEXKV] INFO 09-29 08:39:28.281 [runtime.py:577] [FlexKV-IO] operation=transfer act=complete status=success direction=H2D blocks=1 op_id=370 graph_id=585 mode=no-layerwise data_size=0.00557899GB transfer_time=0.0006s bandwidth=10.62GB/s
[FLEXKV] INFO 09-29 08:39:28.282 [runtime.py:577] [FlexKV-IO] operation=transfer act=complete status=success direction=H2D blocks=31 op_id=371 graph_id=585 mode=no-layerwise data_size=0.00657797GB transfer_time=0.0008s bandwidth=8.98GB/s
[FLEXKV] INFO 09-29 08:39:28.283 [kvtask.py:300] [FlexKV-IO] operation=get act=complete status=success flexkv_task_id=473 graph_id=585 task_time=0.0045s
[2026-09-29 08:39:28 TP0 EP0] [INFO][FlexKV-SGLang] operation=load act=complete status=success direction=H2D sglang_req_id="bounded_off-measure_04-replay-1" flexkv_task_id=473 mode=no-layerwise slots=7936 swa_slots=256 load_time=0.0039s
[2026-09-29 08:39:28 TP0 EP0] [INFO][FlexKV-SGLang] operation=lookup act=complete status=hit sglang_req_id="bounded_off-measure_04-replay-2" flexkv_task_id=474 tokens=7936 hit_tokens=7936 hit_blocks=31 lookup_time=0.0005s
[2026-09-29 08:39:28 TP0 EP0] [INFO][FlexKV-SGLang] operation=load act=launch status=running direction=H2D sglang_req_id="bounded_off-measure_04-replay-2" flexkv_task_id=474 mode=no-layerwise slots=7936 swa_slots=256
[FLEXKV] INFO 09-29 08:39:28.289 [runtime.py:577] [FlexKV-IO] operation=transfer act=complete status=success direction=H2D blocks=1 op_id=372 graph_id=586 mode=no-layerwise data_size=0.00557899GB transfer_time=0.0007s bandwidth=9.14GB/s
[FLEXKV] INFO 09-29 08:39:28.289 [runtime.py:577] [FlexKV-IO] operation=transfer act=complete status=success direction=H2D blocks=31 op_id=373 graph_id=586 mode=no-layerwise data_size=0.00657797GB transfer_time=0.0006s bandwidth=11.39GB/s
[FLEXKV] INFO 09-29 08:39:28.291 [kvtask.py:300] [FlexKV-IO] operation=get act=complete status=success flexkv_task_id=474 graph_id=586 task_time=0.0047s
[2026-09-29 08:39:28 TP0 EP0] [INFO][FlexKV-SGLang] operation=load act=complete status=success direction=H2D sglang_req_id="bounded_off-measure_04-replay-2" flexkv_task_id=474 mode=no-layerwise slots=7936 swa_slots=256 load_time=0.0041s
[2026-09-29 08:39:28 TP0 EP0] [INFO][FlexKV-SGLang] operation=lookup act=complete status=hit sglang_req_id="bounded_off-measure_04-replay-3" flexkv_task_id=475 tokens=7936 hit_tokens=7936 hit_blocks=31 lookup_time=0.0005s
[2026-09-29 08:39:28 TP0 EP0] [INFO][FlexKV-SGLang] operation=load act=launch status=running direction=H2D sglang_req_id="bounded_off-measure_04-replay-3" flexkv_task_id=475 mode=no-layerwise slots=7936 swa_slots=256
[FLEXKV] INFO 09-29 08:39:28.295 [runtime.py:577] [FlexKV-IO] operation=transfer act=complete status=success direction=H2D blocks=1 op_id=374 graph_id=587 mode=no-layerwise data_size=0.00557899GB transfer_time=0.0006s bandwidth=10.89GB/s
[FLEXKV] INFO 09-29 08:39:28.296 [runtime.py:577] [FlexKV-IO] operation=transfer act=complete status=success direction=H2D blocks=31 op_id=375 graph_id=587 mode=no-layerwise data_size=0.00657797GB transfer_time=0.0006s bandwidth=12.19GB/s
[FLEXKV] INFO 09-29 08:39:28.297 [kvtask.py:300] [FlexKV-IO] operation=get act=complete status=success flexkv_task_id=475 graph_id=587 task_time=0.0042s
[2026-09-29 08:39:28 TP0 EP0] [INFO][FlexKV-SGLang] operation=load act=complete status=success direction=H2D sglang_req_id="bounded_off-measure_04-replay-3" flexkv_task_id=475 mode=no-layerwise slots=7936 swa_slots=256 load_time=0.0035s
[2026-09-29 08:39:28 TP0 EP0] [INFO][FlexKV-SGLang] operation=lookup act=complete status=hit sglang_req_id="bounded_off-measure_04-replay-4" flexkv_task_id=476 tokens=7936 hit_tokens=7936 hit_blocks=31 lookup_time=0.0005s
[2026-09-29 08:39:28 TP0 EP0] [INFO][FlexKV-SGLang] operation=load act=launch status=running direction=H2D sglang_req_id="bounded_off-measure_04-replay-4" flexkv_task_id=476 mode=no-layerwise slots=7936 swa_slots=256
[FLEXKV] INFO 09-29 08:39:28.303 [runtime.py:577] [FlexKV-IO] operation=transfer act=complete status=success direction=H2D blocks=1 op_id=376 graph_id=588 mode=no-layerwise data_size=0.00557899GB transfer_time=0.0007s bandwidth=8.41GB/s
[FLEXKV] INFO 09-29 08:39:28.303 [runtime.py:577] [FlexKV-IO] operation=transfer act=complete status=success direction=H2D blocks=31 op_id=377 graph_id=588 mode=no-layerwise data_size=0.00657797GB transfer_time=0.0008s bandwidth=9.14GB/s
[FLEXKV] INFO 09-29 08:39:28.305 [kvtask.py:300] [FlexKV-IO] operation=get act=complete status=success flexkv_task_id=476 graph_id=588 task_time=0.0051s
[2026-09-29 08:39:28 TP0 EP0] [INFO][FlexKV-SGLang] operation=load act=complete status=success direction=H2D sglang_req_id="bounded_off-measure_04-replay-4" flexkv_task_id=476 mode=no-layerwise slots=7936 swa_slots=256 load_time=0.0045s
[2026-09-29 08:39:28 TP0 EP0] [INFO][FlexKV-SGLang] operation=lookup act=complete status=hit sglang_req_id="bounded_off-measure_04-replay-5" flexkv_task_id=477 tokens=7936 hit_tokens=7936 hit_blocks=31 lookup_time=0.0005s
[2026-09-29 08:39:28 TP0 EP0] [INFO][FlexKV-SGLang] operation=load act=launch status=running direction=H2D sglang_req_id="bounded_off-measure_04-replay-5" flexkv_task_id=477 mode=no-layerwise slots=7936 swa_slots=256
[FLEXKV] INFO 09-29 08:39:28.310 [runtime.py:577] [FlexKV-IO] operation=transfer act=complete status=success direction=H2D blocks=31 op_id=378 graph_id=589 mode=no-layerwise data_size=0.00657797GB transfer_time=0.0006s bandwidth=11.58GB/s
[FLEXKV] INFO 09-29 08:39:28.311 [runtime.py:577] [FlexKV-IO] operation=transfer act=complete status=success direction=H2D blocks=1 op_id=379 graph_id=589 mode=no-layerwise data_size=0.00557899GB transfer_time=0.0005s bandwidth=12.13GB/s
[FLEXKV] INFO 09-29 08:39:28.312 [kvtask.py:300] [FlexKV-IO] operation=get act=complete status=success flexkv_task_id=477 graph_id=589 task_time=0.0045s
[2026-09-29 08:39:28 TP0 EP0] [INFO][FlexKV-SGLang] operation=load act=complete status=success direction=H2D sglang_req_id="bounded_off-measure_04-replay-5" flexkv_task_id=477 mode=no-layerwise slots=7936 swa_slots=256 load_time=0.0038s
[2026-09-29 08:39:28 TP0 EP0] [INFO][FlexKV-SGLang] operation=lookup act=complete status=hit sglang_req_id="bounded_off-measure_04-replay-6" flexkv_task_id=478 tokens=7936 hit_tokens=7936 hit_blocks=31 lookup_time=0.0005s
[2026-09-29 08:39:28 TP0 EP0] [INFO][FlexKV-SGLang] operation=load act=launch status=running direction=H2D sglang_req_id="bounded_off-measure_04-replay-6" flexkv_task_id=478 mode=no-layerwise slots=7936 swa_slots=256
[FLEXKV] INFO 09-29 08:39:28.317 [runtime.py:577] [FlexKV-IO] operation=transfer act=complete status=success direction=H2D blocks=1 op_id=380 graph_id=590 mode=no-layerwise data_size=0.00557899GB transfer_time=0.0006s bandwidth=9.27GB/s
[FLEXKV] INFO 09-29 08:39:28.318 [runtime.py:577] [FlexKV-IO] operation=transfer act=complete status=success direction=H2D blocks=31 op_id=381 graph_id=590 mode=no-layerwise data_size=0.00657797GB transfer_time=0.0008s bandwidth=8.70GB/s
[FLEXKV] INFO 09-29 08:39:28.319 [kvtask.py:300] [FlexKV-IO] operation=get act=complete status=success flexkv_task_id=478 graph_id=590 task_time=0.0048s
[2026-09-29 08:39:28 TP0 EP0] [INFO][FlexKV-SGLang] operation=load act=complete status=success direction=H2D sglang_req_id="bounded_off-measure_04-replay-6" flexkv_task_id=478 mode=no-layerwise slots=7936 swa_slots=256 load_time=0.0041s
[2026-09-29 08:39:28 TP0 EP0] [INFO][FlexKV-SGLang] operation=lookup act=complete status=hit sglang_req_id="bounded_off-measure_04-replay-7" flexkv_task_id=479 tokens=7936 hit_tokens=7936 hit_blocks=31 lookup_time=0.0005s
[2026-09-29 08:39:28 TP0 EP0] [INFO][FlexKV-SGLang] operation=load act=launch status=running direction=H2D sglang_req_id="bounded_off-measure_04-replay-7" flexkv_task_id=479 mode=no-layerwise slots=7936 swa_slots=256
[FLEXKV] INFO 09-29 08:39:28.324 [runtime.py:577] [FlexKV-IO] operation=transfer act=complete status=success direction=H2D blocks=1 op_id=382 graph_id=591 mode=no-layerwise data_size=0.00557899GB transfer_time=0.0007s bandwidth=8.09GB/s
[FLEXKV] INFO 09-29 08:39:28.325 [runtime.py:577] [FlexKV-IO] operation=transfer act=complete status=success direction=H2D blocks=31 op_id=383 graph_id=591 mode=no-layerwise data_size=0.00657797GB transfer_time=0.0007s bandwidth=10.67GB/s
[FLEXKV] INFO 09-29 08:39:28.326 [kvtask.py:300] [FlexKV-IO] operation=get act=complete status=success flexkv_task_id=479 graph_id=591 task_time=0.0048s
[2026-09-29 08:39:28 TP0 EP0] [INFO][FlexKV-SGLang] operation=load act=complete status=success direction=H2D sglang_req_id="bounded_off-measure_04-replay-7" flexkv_task_id=479 mode=no-layerwise slots=7936 swa_slots=256 load_time=0.0041s
[2026-09-29 08:39:28 TP0 EP0] [INFO][FlexKV-SGLang] operation=store act=complete status=skipped direction=D2H sglang_req_id="bounded_off-measure_04-replay-0" flexkv_task_id=480 reason=already_cached tokens=0 store_time=0.0004s
[2026-09-29 08:39:28 TP0 EP0] [INFO][FlexKV-SGLang] operation=store act=complete status=skipped direction=D2H sglang_req_id="bounded_off-measure_04-replay-1" flexkv_task_id=481 reason=already_cached tokens=0 store_time=0.0004s
[2026-09-29 08:39:28 TP0 EP0] [INFO][FlexKV-SGLang] operation=store act=complete status=skipped direction=D2H sglang_req_id="bounded_off-measure_04-replay-2" flexkv_task_id=482 reason=already_cached tokens=0 store_time=0.0004s
[2026-09-29 08:39:28 TP0 EP0] [INFO][FlexKV-SGLang] operation=store act=complete status=skipped direction=D2H sglang_req_id="bounded_off-measure_04-replay-3" flexkv_task_id=483 reason=already_cached tokens=0 store_time=0.0004s
[2026-09-29 08:39:28 TP0 EP0] [INFO][FlexKV-SGLang] operation=store act=complete status=skipped direction=D2H sglang_req_id="bounded_off-measure_04-replay-4" flexkv_task_id=484 reason=already_cached tokens=0 store_time=0.0004s
[2026-09-29 08:39:28 TP0 EP0] [INFO][FlexKV-SGLang] operation=store act=complete status=skipped direction=D2H sglang_req_id="bounded_off-measure_04-replay-5" flexkv_task_id=485 reason=already_cached tokens=0 store_time=0.0004s
[2026-09-29 08:39:28 TP0 EP0] [INFO][FlexKV-SGLang] operation=store act=complete status=skipped direction=D2H sglang_req_id="bounded_off-measure_04-replay-6" flexkv_task_id=486 reason=already_cached tokens=0 store_time=0.0004s
[2026-09-29 08:39:28 TP0 EP0] [INFO][FlexKV-SGLang] operation=store act=complete status=skipped direction=D2H sglang_req_id="bounded_off-measure_04-replay-7" flexkv_task_id=487 reason=already_cached tokens=0 store_time=0.0004s
[2026-09-29 08:39:28 TP0 EP0] Prefill batch, #new-seq: 8, #new-token: 2048, #cached-token: 63488, #cached-device: 0, #cached-host: 63488, #cached-storage: 0, actual-hit-rate: 0.968750, full token usage: 0.52, swa token usage: 0.12, #running-req: 0, #queue-req: 0, #pending-token: 0, cuda graph: False, input throughput (token/s): 3232.84
[2026-09-29 08:39:28 TP0 EP0] [INFO][FlexKV-SGLang] operation=store act=complete status=skipped direction=D2H sglang_req_id="bounded_off-measure_04-replay-0" flexkv_task_id=488 reason=already_cached tokens=0 store_time=0.0004s
[2026-09-29 08:39:28 TP0 EP0] [INFO][FlexKV-SGLang] operation=store act=complete status=skipped direction=D2H sglang_req_id="bounded_off-measure_04-replay-1" flexkv_task_id=489 reason=already_cached tokens=0 store_time=0.0004s
[2026-09-29 08:39:28 TP0 EP0] [INFO][FlexKV-SGLang] operation=store act=complete status=skipped direction=D2H sglang_req_id="bounded_off-measure_04-replay-2" flexkv_task_id=490 reason=already_cached tokens=0 store_time=0.0004s
[2026-09-29 08:39:28 TP0 EP0] [INFO][FlexKV-SGLang] operation=store act=complete status=skipped direction=D2H sglang_req_id="bounded_off-measure_04-replay-3" flexkv_task_id=491 reason=already_cached tokens=0 store_time=0.0004s
[2026-09-29 08:39:28 TP0 EP0] [INFO][FlexKV-SGLang] operation=store act=complete status=skipped direction=D2H sglang_req_id="bounded_off-measure_04-replay-4" flexkv_task_id=492 reason=already_cached tokens=0 store_time=0.0004s
[2026-09-29 08:39:28 TP0 EP0] [INFO][FlexKV-SGLang] operation=store act=complete status=skipped direction=D2H sglang_req_id="bounded_off-measure_04-replay-5" flexkv_task_id=493 reason=already_cached tokens=0 store_time=0.0004s
[2026-09-29 08:39:28 TP0 EP0] [INFO][FlexKV-SGLang] operation=store act=complete status=skipped direction=D2H sglang_req_id="bounded_off-measure_04-replay-6" flexkv_task_id=494 reason=already_cached tokens=0 store_time=0.0004s
[2026-09-29 08:39:28 TP0 EP0] [INFO][FlexKV-SGLang] operation=store act=complete status=skipped direction=D2H sglang_req_id="bounded_off-measure_04-replay-7" flexkv_task_id=495 reason=already_cached tokens=0 store_time=0.0004s
[2026-09-29 08:39:28] INFO:     127.0.0.1:51762 - "GET /metrics HTTP/1.1" 200 OK
