[2026-09-29 08:36:35] INFO:     127.0.0.1:49566 - "POST /generate HTTP/1.1" 200 OK
[2026-09-29 08:36:35 TP0 EP0] [FlexKV] sglang startprefetch: request=bounded_off-measure_07-replay-0
[2026-09-29 08:36:35 TP4 EP4] [FlexKV] sglang startprefetch: request=bounded_off-measure_07-replay-0
[2026-09-29 08:36:35 TP2 EP2] [FlexKV] sglang startprefetch: request=bounded_off-measure_07-replay-0
[2026-09-29 08:36:35 TP0 EP0] [FlexKV] sglang startprefetch: request=bounded_off-measure_07-replay-1
[2026-09-29 08:36:35 TP4 EP4] [FlexKV] sglang startprefetch: request=bounded_off-measure_07-replay-1
[2026-09-29 08:36:35 TP0 EP0] [FlexKV] sglang startprefetch: request=bounded_off-measure_07-replay-2
[2026-09-29 08:36:35 TP4 EP4] [FlexKV] sglang startprefetch: request=bounded_off-measure_07-replay-2
[2026-09-29 08:36:35 TP6 EP6] [FlexKV] sglang startprefetch: request=bounded_off-measure_07-replay-0
[2026-09-29 08:36:35 TP2 EP2] [FlexKV] sglang startprefetch: request=bounded_off-measure_07-replay-1
[2026-09-29 08:36:35 TP1 EP1] [FlexKV] sglang startprefetch: request=bounded_off-measure_07-replay-0
[2026-09-29 08:36:35 TP0 EP0] [FlexKV] sglang startprefetch: request=bounded_off-measure_07-replay-3
[2026-09-29 08:36:35 TP4 EP4] [FlexKV] sglang startprefetch: request=bounded_off-measure_07-replay-3
[2026-09-29 08:36:35 TP2 EP2] [FlexKV] sglang startprefetch: request=bounded_off-measure_07-replay-2
[2026-09-29 08:36:35 TP6 EP6] [FlexKV] sglang startprefetch: request=bounded_off-measure_07-replay-1
[2026-09-29 08:36:35 TP1 EP1] [FlexKV] sglang startprefetch: request=bounded_off-measure_07-replay-1
[2026-09-29 08:36:35 TP0 EP0] [FlexKV] sglang startprefetch: request=bounded_off-measure_07-replay-4
[2026-09-29 08:36:35 TP4 EP4] [FlexKV] sglang startprefetch: request=bounded_off-measure_07-replay-4
[2026-09-29 08:36:35 TP2 EP2] [FlexKV] sglang startprefetch: request=bounded_off-measure_07-replay-3
[2026-09-29 08:36:35 TP7 EP7] [FlexKV] sglang startprefetch: request=bounded_off-measure_07-replay-0
[2026-09-29 08:36:35 TP6 EP6] [FlexKV] sglang startprefetch: request=bounded_off-measure_07-replay-2
[2026-09-29 08:36:35 TP0 EP0] [FlexKV] sglang startprefetch: request=bounded_off-measure_07-replay-5
[2026-09-29 08:36:35 TP3 EP3] [FlexKV] sglang startprefetch: request=bounded_off-measure_07-replay-0
[2026-09-29 08:36:35 TP4 EP4] [FlexKV] sglang startprefetch: request=bounded_off-measure_07-replay-5
[2026-09-29 08:36:35 TP1 EP1] [FlexKV] sglang startprefetch: request=bounded_off-measure_07-replay-2
[2026-09-29 08:36:35 TP2 EP2] [FlexKV] sglang startprefetch: request=bounded_off-measure_07-replay-4
[2026-09-29 08:36:35 TP5 EP5] [FlexKV] sglang startprefetch: request=bounded_off-measure_07-replay-0
[2026-09-29 08:36:35 TP6 EP6] [FlexKV] sglang startprefetch: request=bounded_off-measure_07-replay-3
[2026-09-29 08:36:35 TP0 EP0] [FlexKV] sglang startprefetch: request=bounded_off-measure_07-replay-6
[2026-09-29 08:36:35 TP4 EP4] [FlexKV] sglang startprefetch: request=bounded_off-measure_07-replay-6
[2026-09-29 08:36:35 TP1 EP1] [FlexKV] sglang startprefetch: request=bounded_off-measure_07-replay-3
[2026-09-29 08:36:35 TP7 EP7] [FlexKV] sglang startprefetch: request=bounded_off-measure_07-replay-1
[2026-09-29 08:36:35 TP2 EP2] [FlexKV] sglang startprefetch: request=bounded_off-measure_07-replay-5
[2026-09-29 08:36:35 TP3 EP3] [FlexKV] sglang startprefetch: request=bounded_off-measure_07-replay-1
[2026-09-29 08:36:35 TP6 EP6] [FlexKV] sglang startprefetch: request=bounded_off-measure_07-replay-4
[2026-09-29 08:36:35 TP0 EP0] [FlexKV] sglang startprefetch: request=bounded_off-measure_07-replay-7
[2026-09-29 08:36:35 TP5 EP5] [FlexKV] sglang startprefetch: request=bounded_off-measure_07-replay-1
[2026-09-29 08:36:35 TP4 EP4] [FlexKV] sglang startprefetch: request=bounded_off-measure_07-replay-7
[2026-09-29 08:36:35 TP1 EP1] [FlexKV] sglang startprefetch: request=bounded_off-measure_07-replay-4
[2026-09-29 08:36:35 TP7 EP7] [FlexKV] sglang startprefetch: request=bounded_off-measure_07-replay-2
[2026-09-29 08:36:35 TP2 EP2] [FlexKV] sglang startprefetch: request=bounded_off-measure_07-replay-6
[2026-09-29 08:36:35 TP3 EP3] [FlexKV] sglang startprefetch: request=bounded_off-measure_07-replay-2
[2026-09-29 08:36:35 TP6 EP6] [FlexKV] sglang startprefetch: request=bounded_off-measure_07-replay-5
[2026-09-29 08:36:35 TP1 EP1] [FlexKV] sglang startprefetch: request=bounded_off-measure_07-replay-5
[2026-09-29 08:36:35 TP5 EP5] [FlexKV] sglang startprefetch: request=bounded_off-measure_07-replay-2
[2026-09-29 08:36:35 TP2 EP2] [FlexKV] sglang startprefetch: request=bounded_off-measure_07-replay-7
[2026-09-29 08:36:35 TP7 EP7] [FlexKV] sglang startprefetch: request=bounded_off-measure_07-replay-3
[2026-09-29 08:36:35 TP3 EP3] [FlexKV] sglang startprefetch: request=bounded_off-measure_07-replay-3
[2026-09-29 08:36:35 TP6 EP6] [FlexKV] sglang startprefetch: request=bounded_off-measure_07-replay-6
[2026-09-29 08:36:35 TP1 EP1] [FlexKV] sglang startprefetch: request=bounded_off-measure_07-replay-6
[2026-09-29 08:36:35 TP5 EP5] [FlexKV] sglang startprefetch: request=bounded_off-measure_07-replay-3
[2026-09-29 08:36:35 TP7 EP7] [FlexKV] sglang startprefetch: request=bounded_off-measure_07-replay-4
[2026-09-29 08:36:35 TP3 EP3] [FlexKV] sglang startprefetch: request=bounded_off-measure_07-replay-4
[2026-09-29 08:36:35 TP6 EP6] [FlexKV] sglang startprefetch: request=bounded_off-measure_07-replay-7
[2026-09-29 08:36:35 TP1 EP1] [FlexKV] sglang startprefetch: request=bounded_off-measure_07-replay-7
[2026-09-29 08:36:35 TP5 EP5] [FlexKV] sglang startprefetch: request=bounded_off-measure_07-replay-4
[2026-09-29 08:36:35 TP7 EP7] [FlexKV] sglang startprefetch: request=bounded_off-measure_07-replay-5
[2026-09-29 08:36:35 TP3 EP3] [FlexKV] sglang startprefetch: request=bounded_off-measure_07-replay-5
[2026-09-29 08:36:35 TP5 EP5] [FlexKV] sglang startprefetch: request=bounded_off-measure_07-replay-5
[2026-09-29 08:36:35 TP7 EP7] [FlexKV] sglang startprefetch: request=bounded_off-measure_07-replay-6
[2026-09-29 08:36:35 TP3 EP3] [FlexKV] sglang startprefetch: request=bounded_off-measure_07-replay-6
[2026-09-29 08:36:35 TP5 EP5] [FlexKV] sglang startprefetch: request=bounded_off-measure_07-replay-6
[2026-09-29 08:36:35 TP7 EP7] [FlexKV] sglang startprefetch: request=bounded_off-measure_07-replay-7
[2026-09-29 08:36:35 TP3 EP3] [FlexKV] sglang startprefetch: request=bounded_off-measure_07-replay-7
[2026-09-29 08:36:35 TP5 EP5] [FlexKV] sglang startprefetch: request=bounded_off-measure_07-replay-7
[2026-09-29 08:36:35 TP0 EP0] [INFO][FlexKV-SGLang] operation=lookup act=complete status=hit sglang_req_id="bounded_off-measure_07-replay-0" flexkv_task_id=658 tokens=7936 hit_tokens=7936 hit_blocks=31 lookup_time=0.0004s
[2026-09-29 08:36:35 TP0 EP0] [INFO][FlexKV-SGLang] operation=load act=launch status=running direction=H2D sglang_req_id="bounded_off-measure_07-replay-0" flexkv_task_id=658 mode=no-layerwise slots=7936 swa_slots=256
[FLEXKV] INFO 09-29 08:36:35.631 [runtime.py:577] [FlexKV-IO] operation=transfer act=complete status=success direction=H2D blocks=1 op_id=512 graph_id=812 mode=no-layerwise data_size=0.00557899GB transfer_time=0.0005s bandwidth=11.10GB/s
[FLEXKV] INFO 09-29 08:36:35.632 [runtime.py:577] [FlexKV-IO] operation=transfer act=complete status=success direction=H2D blocks=31 op_id=513 graph_id=812 mode=no-layerwise data_size=0.00657797GB transfer_time=0.0007s bandwidth=10.56GB/s
[FLEXKV] INFO 09-29 08:36:35.633 [kvtask.py:300] [FlexKV-IO] operation=get act=complete status=success flexkv_task_id=658 graph_id=812 task_time=0.0048s
[2026-09-29 08:36:35 TP0 EP0] [INFO][FlexKV-SGLang] operation=load act=complete status=success direction=H2D sglang_req_id="bounded_off-measure_07-replay-0" flexkv_task_id=658 mode=no-layerwise slots=7936 swa_slots=256 load_time=0.0042s
[2026-09-29 08:36:35 TP0 EP0] [INFO][FlexKV-SGLang] operation=lookup act=complete status=hit sglang_req_id="bounded_off-measure_07-replay-1" flexkv_task_id=659 tokens=7936 hit_tokens=7936 hit_blocks=31 lookup_time=0.0005s
[2026-09-29 08:36:35 TP0 EP0] [INFO][FlexKV-SGLang] operation=load act=launch status=running direction=H2D sglang_req_id="bounded_off-measure_07-replay-1" flexkv_task_id=659 mode=no-layerwise slots=7936 swa_slots=256
[FLEXKV] INFO 09-29 08:36:35.639 [runtime.py:577] [FlexKV-IO] operation=transfer act=complete status=success direction=H2D blocks=1 op_id=514 graph_id=813 mode=no-layerwise data_size=0.00557899GB transfer_time=0.0007s bandwidth=9.02GB/s
[FLEXKV] INFO 09-29 08:36:35.639 [runtime.py:577] [FlexKV-IO] operation=transfer act=complete status=success direction=H2D blocks=31 op_id=515 graph_id=813 mode=no-layerwise data_size=0.00657797GB transfer_time=0.0005s bandwidth=13.85GB/s
[FLEXKV] INFO 09-29 08:36:35.640 [kvtask.py:300] [FlexKV-IO] operation=get act=complete status=success flexkv_task_id=659 graph_id=813 task_time=0.0049s
[2026-09-29 08:36:35 TP0 EP0] [INFO][FlexKV-SGLang] operation=load act=complete status=success direction=H2D sglang_req_id="bounded_off-measure_07-replay-1" flexkv_task_id=659 mode=no-layerwise slots=7936 swa_slots=256 load_time=0.0043s
[2026-09-29 08:36:35 TP0 EP0] [INFO][FlexKV-SGLang] operation=lookup act=complete status=hit sglang_req_id="bounded_off-measure_07-replay-2" flexkv_task_id=660 tokens=7936 hit_tokens=7936 hit_blocks=31 lookup_time=0.0005s
[2026-09-29 08:36:35 TP0 EP0] [INFO][FlexKV-SGLang] operation=load act=launch status=running direction=H2D sglang_req_id="bounded_off-measure_07-replay-2" flexkv_task_id=660 mode=no-layerwise slots=7936 swa_slots=256
[FLEXKV] INFO 09-29 08:36:35.646 [runtime.py:577] [FlexKV-IO] operation=transfer act=complete status=success direction=H2D blocks=1 op_id=516 graph_id=814 mode=no-layerwise data_size=0.00557899GB transfer_time=0.0007s bandwidth=8.72GB/s
[FLEXKV] INFO 09-29 08:36:35.647 [runtime.py:577] [FlexKV-IO] operation=transfer act=complete status=success direction=H2D blocks=31 op_id=517 graph_id=814 mode=no-layerwise data_size=0.00657797GB transfer_time=0.0007s bandwidth=9.93GB/s
[FLEXKV] INFO 09-29 08:36:35.648 [kvtask.py:300] [FlexKV-IO] operation=get act=complete status=success flexkv_task_id=660 graph_id=814 task_time=0.0048s
[2026-09-29 08:36:35 TP0 EP0] [INFO][FlexKV-SGLang] operation=load act=complete status=success direction=H2D sglang_req_id="bounded_off-measure_07-replay-2" flexkv_task_id=660 mode=no-layerwise slots=7936 swa_slots=256 load_time=0.0042s
[2026-09-29 08:36:35 TP0 EP0] [INFO][FlexKV-SGLang] operation=lookup act=complete status=hit sglang_req_id="bounded_off-measure_07-replay-3" flexkv_task_id=661 tokens=7936 hit_tokens=7936 hit_blocks=31 lookup_time=0.0005s
[2026-09-29 08:36:35 TP0 EP0] [INFO][FlexKV-SGLang] operation=load act=launch status=running direction=H2D sglang_req_id="bounded_off-measure_07-replay-3" flexkv_task_id=661 mode=no-layerwise slots=7936 swa_slots=256
[FLEXKV] INFO 09-29 08:36:35.653 [runtime.py:577] [FlexKV-IO] operation=transfer act=complete status=success direction=H2D blocks=1 op_id=518 graph_id=815 mode=no-layerwise data_size=0.00557899GB transfer_time=0.0007s bandwidth=8.32GB/s
[FLEXKV] INFO 09-29 08:36:35.654 [runtime.py:577] [FlexKV-IO] operation=transfer act=complete status=success direction=H2D blocks=31 op_id=519 graph_id=815 mode=no-layerwise data_size=0.00657797GB transfer_time=0.0007s bandwidth=9.83GB/s
[FLEXKV] INFO 09-29 08:36:35.655 [kvtask.py:300] [FlexKV-IO] operation=get act=complete status=success flexkv_task_id=661 graph_id=815 task_time=0.0049s
[2026-09-29 08:36:35 TP0 EP0] [INFO][FlexKV-SGLang] operation=load act=complete status=success direction=H2D sglang_req_id="bounded_off-measure_07-replay-3" flexkv_task_id=661 mode=no-layerwise slots=7936 swa_slots=256 load_time=0.0042s
[2026-09-29 08:36:35 TP0 EP0] [INFO][FlexKV-SGLang] operation=lookup act=complete status=hit sglang_req_id="bounded_off-measure_07-replay-4" flexkv_task_id=662 tokens=7936 hit_tokens=7936 hit_blocks=31 lookup_time=0.0005s
[2026-09-29 08:36:35 TP0 EP0] [INFO][FlexKV-SGLang] operation=load act=launch status=running direction=H2D sglang_req_id="bounded_off-measure_07-replay-4" flexkv_task_id=662 mode=no-layerwise slots=7936 swa_slots=256
[FLEXKV] INFO 09-29 08:36:35.660 [runtime.py:577] [FlexKV-IO] operation=transfer act=complete status=success direction=H2D blocks=1 op_id=520 graph_id=816 mode=no-layerwise data_size=0.00557899GB transfer_time=0.0006s bandwidth=9.71GB/s
[FLEXKV] INFO 09-29 08:36:35.661 [runtime.py:577] [FlexKV-IO] operation=transfer act=complete status=success direction=H2D blocks=31 op_id=521 graph_id=816 mode=no-layerwise data_size=0.00657797GB transfer_time=0.0008s bandwidth=9.17GB/s
[FLEXKV] INFO 09-29 08:36:35.662 [kvtask.py:300] [FlexKV-IO] operation=get act=complete status=success flexkv_task_id=662 graph_id=816 task_time=0.0047s
[2026-09-29 08:36:35 TP0 EP0] [INFO][FlexKV-SGLang] operation=load act=complete status=success direction=H2D sglang_req_id="bounded_off-measure_07-replay-4" flexkv_task_id=662 mode=no-layerwise slots=7936 swa_slots=256 load_time=0.0041s
[2026-09-29 08:36:35 TP0 EP0] [INFO][FlexKV-SGLang] operation=lookup act=complete status=hit sglang_req_id="bounded_off-measure_07-replay-5" flexkv_task_id=663 tokens=7936 hit_tokens=7936 hit_blocks=31 lookup_time=0.0005s
[2026-09-29 08:36:35 TP0 EP0] [INFO][FlexKV-SGLang] operation=load act=launch status=running direction=H2D sglang_req_id="bounded_off-measure_07-replay-5" flexkv_task_id=663 mode=no-layerwise slots=7936 swa_slots=256
[FLEXKV] INFO 09-29 08:36:35.667 [runtime.py:577] [FlexKV-IO] operation=transfer act=complete status=success direction=H2D blocks=31 op_id=522 graph_id=817 mode=no-layerwise data_size=0.00657797GB transfer_time=0.0005s bandwidth=12.97GB/s
[FLEXKV] INFO 09-29 08:36:35.668 [runtime.py:577] [FlexKV-IO] operation=transfer act=complete status=success direction=H2D blocks=1 op_id=523 graph_id=817 mode=no-layerwise data_size=0.00557899GB transfer_time=0.0007s bandwidth=8.16GB/s
[FLEXKV] INFO 09-29 08:36:35.669 [kvtask.py:300] [FlexKV-IO] operation=get act=complete status=success flexkv_task_id=663 graph_id=817 task_time=0.0047s
[2026-09-29 08:36:35 TP0 EP0] [INFO][FlexKV-SGLang] operation=load act=complete status=success direction=H2D sglang_req_id="bounded_off-measure_07-replay-5" flexkv_task_id=663 mode=no-layerwise slots=7936 swa_slots=256 load_time=0.0041s
[2026-09-29 08:36:35 TP0 EP0] [INFO][FlexKV-SGLang] operation=lookup act=complete status=hit sglang_req_id="bounded_off-measure_07-replay-6" flexkv_task_id=664 tokens=7936 hit_tokens=7936 hit_blocks=31 lookup_time=0.0005s
[2026-09-29 08:36:35 TP0 EP0] [INFO][FlexKV-SGLang] operation=load act=launch status=running direction=H2D sglang_req_id="bounded_off-measure_07-replay-6" flexkv_task_id=664 mode=no-layerwise slots=7936 swa_slots=256
[FLEXKV] INFO 09-29 08:36:35.675 [runtime.py:577] [FlexKV-IO] operation=transfer act=complete status=success direction=H2D blocks=1 op_id=524 graph_id=818 mode=no-layerwise data_size=0.00557899GB transfer_time=0.0007s bandwidth=8.12GB/s
[FLEXKV] INFO 09-29 08:36:35.675 [runtime.py:577] [FlexKV-IO] operation=transfer act=complete status=success direction=H2D blocks=31 op_id=525 graph_id=818 mode=no-layerwise data_size=0.00657797GB transfer_time=0.0006s bandwidth=11.24GB/s
[FLEXKV] INFO 09-29 08:36:35.677 [kvtask.py:300] [FlexKV-IO] operation=get act=complete status=success flexkv_task_id=664 graph_id=818 task_time=0.0051s
[2026-09-29 08:36:35 TP0 EP0] [INFO][FlexKV-SGLang] operation=load act=complete status=success direction=H2D sglang_req_id="bounded_off-measure_07-replay-6" flexkv_task_id=664 mode=no-layerwise slots=7936 swa_slots=256 load_time=0.0045s
[2026-09-29 08:36:35 TP0 EP0] [INFO][FlexKV-SGLang] operation=lookup act=complete status=hit sglang_req_id="bounded_off-measure_07-replay-7" flexkv_task_id=665 tokens=7936 hit_tokens=7936 hit_blocks=31 lookup_time=0.0005s
[2026-09-29 08:36:35 TP0 EP0] [INFO][FlexKV-SGLang] operation=load act=launch status=running direction=H2D sglang_req_id="bounded_off-measure_07-replay-7" flexkv_task_id=665 mode=no-layerwise slots=7936 swa_slots=256
[FLEXKV] INFO 09-29 08:36:35.682 [runtime.py:577] [FlexKV-IO] operation=transfer act=complete status=success direction=H2D blocks=1 op_id=526 graph_id=819 mode=no-layerwise data_size=0.00557899GB transfer_time=0.0007s bandwidth=8.23GB/s
[FLEXKV] INFO 09-29 08:36:35.683 [runtime.py:577] [FlexKV-IO] operation=transfer act=complete status=success direction=H2D blocks=31 op_id=527 graph_id=819 mode=no-layerwise data_size=0.00657797GB transfer_time=0.0007s bandwidth=9.53GB/s
[FLEXKV] INFO 09-29 08:36:35.684 [kvtask.py:300] [FlexKV-IO] operation=get act=complete status=success flexkv_task_id=665 graph_id=819 task_time=0.0049s
[2026-09-29 08:36:35 TP0 EP0] [INFO][FlexKV-SGLang] operation=load act=complete status=success direction=H2D sglang_req_id="bounded_off-measure_07-replay-7" flexkv_task_id=665 mode=no-layerwise slots=7936 swa_slots=256 load_time=0.0043s
[2026-09-29 08:36:35 TP0 EP0] [INFO][FlexKV-SGLang] operation=store act=complete status=skipped direction=D2H sglang_req_id="bounded_off-measure_07-replay-0" flexkv_task_id=666 reason=already_cached tokens=0 store_time=0.0004s
[2026-09-29 08:36:35 TP0 EP0] [INFO][FlexKV-SGLang] operation=store act=complete status=skipped direction=D2H sglang_req_id="bounded_off-measure_07-replay-1" flexkv_task_id=667 reason=already_cached tokens=0 store_time=0.0004s
[2026-09-29 08:36:35 TP0 EP0] [INFO][FlexKV-SGLang] operation=store act=complete status=skipped direction=D2H sglang_req_id="bounded_off-measure_07-replay-2" flexkv_task_id=668 reason=already_cached tokens=0 store_time=0.0004s
[2026-09-29 08:36:35 TP0 EP0] [INFO][FlexKV-SGLang] operation=store act=complete status=skipped direction=D2H sglang_req_id="bounded_off-measure_07-replay-3" flexkv_task_id=669 reason=already_cached tokens=0 store_time=0.0004s
[2026-09-29 08:36:35 TP0 EP0] [INFO][FlexKV-SGLang] operation=store act=complete status=skipped direction=D2H sglang_req_id="bounded_off-measure_07-replay-4" flexkv_task_id=670 reason=already_cached tokens=0 store_time=0.0004s
[2026-09-29 08:36:35 TP0 EP0] [INFO][FlexKV-SGLang] operation=store act=complete status=skipped direction=D2H sglang_req_id="bounded_off-measure_07-replay-5" flexkv_task_id=671 reason=already_cached tokens=0 store_time=0.0004s
[2026-09-29 08:36:35 TP0 EP0] [INFO][FlexKV-SGLang] operation=store act=complete status=skipped direction=D2H sglang_req_id="bounded_off-measure_07-replay-6" flexkv_task_id=672 reason=already_cached tokens=0 store_time=0.0004s
[2026-09-29 08:36:35 TP0 EP0] [INFO][FlexKV-SGLang] operation=store act=complete status=skipped direction=D2H sglang_req_id="bounded_off-measure_07-replay-7" flexkv_task_id=673 reason=already_cached tokens=0 store_time=0.0004s
[2026-09-29 08:36:35 TP0 EP0] Prefill batch, #new-seq: 8, #new-token: 2048, #cached-token: 63488, #cached-device: 0, #cached-host: 63488, #cached-storage: 0, actual-hit-rate: 0.968750, full token usage: 0.52, swa token usage: 0.12, #running-req: 0, #queue-req: 0, #pending-token: 0, cuda graph: False, input throughput (token/s): 3235.65
[2026-09-29 08:36:36 TP0 EP0] [INFO][FlexKV-SGLang] operation=store act=complete status=skipped direction=D2H sglang_req_id="bounded_off-measure_07-replay-0" flexkv_task_id=674 reason=already_cached tokens=0 store_time=0.0004s
[2026-09-29 08:36:36 TP0 EP0] [INFO][FlexKV-SGLang] operation=store act=complete status=skipped direction=D2H sglang_req_id="bounded_off-measure_07-replay-1" flexkv_task_id=675 reason=already_cached tokens=0 store_time=0.0004s
[2026-09-29 08:36:36 TP0 EP0] [INFO][FlexKV-SGLang] operation=store act=complete status=skipped direction=D2H sglang_req_id="bounded_off-measure_07-replay-2" flexkv_task_id=676 reason=already_cached tokens=0 store_time=0.0004s
[2026-09-29 08:36:36 TP0 EP0] [INFO][FlexKV-SGLang] operation=store act=complete status=skipped direction=D2H sglang_req_id="bounded_off-measure_07-replay-3" flexkv_task_id=677 reason=already_cached tokens=0 store_time=0.0004s
[2026-09-29 08:36:36 TP0 EP0] [INFO][FlexKV-SGLang] operation=store act=complete status=skipped direction=D2H sglang_req_id="bounded_off-measure_07-replay-4" flexkv_task_id=678 reason=already_cached tokens=0 store_time=0.0004s
[2026-09-29 08:36:36 TP0 EP0] [INFO][FlexKV-SGLang] operation=store act=complete status=skipped direction=D2H sglang_req_id="bounded_off-measure_07-replay-5" flexkv_task_id=679 reason=already_cached tokens=0 store_time=0.0004s
[2026-09-29 08:36:36 TP0 EP0] [INFO][FlexKV-SGLang] operation=store act=complete status=skipped direction=D2H sglang_req_id="bounded_off-measure_07-replay-6" flexkv_task_id=680 reason=already_cached tokens=0 store_time=0.0004s
[2026-09-29 08:36:36 TP0 EP0] [INFO][FlexKV-SGLang] operation=store act=complete status=skipped direction=D2H sglang_req_id="bounded_off-measure_07-replay-7" flexkv_task_id=681 reason=already_cached tokens=0 store_time=0.0004s
[2026-09-29 08:36:36] INFO:     127.0.0.1:49566 - "GET /metrics HTTP/1.1" 200 OK
