[2026-09-29 09:18:44] INFO:     127.0.0.1:32908 - "POST /generate HTTP/1.1" 200 OK
[2026-09-29 09:18:44 TP4 EP4] [FlexKV] sglang startprefetch: request=bounded_on-measure_07-cold-0
[2026-09-29 09:18:44 TP4 EP4] [FlexKV] sglang startprefetch: request=bounded_on-measure_07-cold-1
[2026-09-29 09:18:44 TP4 EP4] [FlexKV] sglang startprefetch: request=bounded_on-measure_07-cold-2
[2026-09-29 09:18:44 TP2 EP2] [FlexKV] sglang startprefetch: request=bounded_on-measure_07-cold-0
[2026-09-29 09:18:44 TP0 EP0] [FlexKV] sglang startprefetch: request=bounded_on-measure_07-cold-0
[2026-09-29 09:18:44 TP4 EP4] [FlexKV] sglang startprefetch: request=bounded_on-measure_07-cold-3
[2026-09-29 09:18:44 TP2 EP2] [FlexKV] sglang startprefetch: request=bounded_on-measure_07-cold-1
[2026-09-29 09:18:44 TP4 EP4] [FlexKV] sglang startprefetch: request=bounded_on-measure_07-cold-4
[2026-09-29 09:18:44 TP6 EP6] [FlexKV] sglang startprefetch: request=bounded_on-measure_07-cold-0
[2026-09-29 09:18:44 TP0 EP0] [FlexKV] sglang startprefetch: request=bounded_on-measure_07-cold-1
[2026-09-29 09:18:44 TP2 EP2] [FlexKV] sglang startprefetch: request=bounded_on-measure_07-cold-2
[2026-09-29 09:18:44 TP6 EP6] [FlexKV] sglang startprefetch: request=bounded_on-measure_07-cold-1
[2026-09-29 09:18:44 TP0 EP0] [FlexKV] sglang startprefetch: request=bounded_on-measure_07-cold-2
[2026-09-29 09:18:44 TP2 EP2] [FlexKV] sglang startprefetch: request=bounded_on-measure_07-cold-3
[2026-09-29 09:18:44 TP4 EP4] [FlexKV] sglang startprefetch: request=bounded_on-measure_07-cold-5
[2026-09-29 09:18:44 TP6 EP6] [FlexKV] sglang startprefetch: request=bounded_on-measure_07-cold-2
[2026-09-29 09:18:44 TP2 EP2] [FlexKV] sglang startprefetch: request=bounded_on-measure_07-cold-4
[2026-09-29 09:18:44 TP0 EP0] [FlexKV] sglang startprefetch: request=bounded_on-measure_07-cold-3
[2026-09-29 09:18:44 TP4 EP4] [FlexKV] sglang startprefetch: request=bounded_on-measure_07-cold-6
[2026-09-29 09:18:44 TP1 EP1] [FlexKV] sglang startprefetch: request=bounded_on-measure_07-cold-0
[2026-09-29 09:18:44 TP6 EP6] [FlexKV] sglang startprefetch: request=bounded_on-measure_07-cold-3
[2026-09-29 09:18:44 TP0 EP0] [FlexKV] sglang startprefetch: request=bounded_on-measure_07-cold-4
[2026-09-29 09:18:44 TP4 EP4] [FlexKV] sglang startprefetch: request=bounded_on-measure_07-cold-7
[2026-09-29 09:18:44 TP5 EP5] [FlexKV] sglang startprefetch: request=bounded_on-measure_07-cold-0
[2026-09-29 09:18:44 TP6 EP6] [FlexKV] sglang startprefetch: request=bounded_on-measure_07-cold-4
[2026-09-29 09:18:44 TP1 EP1] [FlexKV] sglang startprefetch: request=bounded_on-measure_07-cold-1
[2026-09-29 09:18:44 TP0 EP0] [FlexKV] sglang startprefetch: request=bounded_on-measure_07-cold-5
[2026-09-29 09:18:44 TP2 EP2] [FlexKV] sglang startprefetch: request=bounded_on-measure_07-cold-5
[2026-09-29 09:18:44 TP3 EP3] [FlexKV] sglang startprefetch: request=bounded_on-measure_07-cold-0
[2026-09-29 09:18:44 TP1 EP1] [FlexKV] sglang startprefetch: request=bounded_on-measure_07-cold-2
[2026-09-29 09:18:44 TP0 EP0] [FlexKV] sglang startprefetch: request=bounded_on-measure_07-cold-6
[2026-09-29 09:18:44 TP5 EP5] [FlexKV] sglang startprefetch: request=bounded_on-measure_07-cold-1
[2026-09-29 09:18:44 TP2 EP2] [FlexKV] sglang startprefetch: request=bounded_on-measure_07-cold-6
[2026-09-29 09:18:44 TP7 EP7] [FlexKV] sglang startprefetch: request=bounded_on-measure_07-cold-0
[2026-09-29 09:18:44 TP6 EP6] [FlexKV] sglang startprefetch: request=bounded_on-measure_07-cold-5
[2026-09-29 09:18:44 TP0 EP0] [FlexKV] sglang startprefetch: request=bounded_on-measure_07-cold-7
[2026-09-29 09:18:44 TP1 EP1] [FlexKV] sglang startprefetch: request=bounded_on-measure_07-cold-3
[2026-09-29 09:18:44 TP5 EP5] [FlexKV] sglang startprefetch: request=bounded_on-measure_07-cold-2
[2026-09-29 09:18:44 TP2 EP2] [FlexKV] sglang startprefetch: request=bounded_on-measure_07-cold-7
[2026-09-29 09:18:44 TP3 EP3] [FlexKV] sglang startprefetch: request=bounded_on-measure_07-cold-1
[2026-09-29 09:18:44 TP1 EP1] [FlexKV] sglang startprefetch: request=bounded_on-measure_07-cold-4
[2026-09-29 09:18:44 TP6 EP6] [FlexKV] sglang startprefetch: request=bounded_on-measure_07-cold-6
[2026-09-29 09:18:44 TP7 EP7] [FlexKV] sglang startprefetch: request=bounded_on-measure_07-cold-1
[2026-09-29 09:18:44 TP5 EP5] [FlexKV] sglang startprefetch: request=bounded_on-measure_07-cold-3
[2026-09-29 09:18:44 TP3 EP3] [FlexKV] sglang startprefetch: request=bounded_on-measure_07-cold-2
[2026-09-29 09:18:44 TP6 EP6] [FlexKV] sglang startprefetch: request=bounded_on-measure_07-cold-7
[2026-09-29 09:18:44 TP5 EP5] [FlexKV] sglang startprefetch: request=bounded_on-measure_07-cold-4
[2026-09-29 09:18:44 TP7 EP7] [FlexKV] sglang startprefetch: request=bounded_on-measure_07-cold-2
[2026-09-29 09:18:44 TP3 EP3] [FlexKV] sglang startprefetch: request=bounded_on-measure_07-cold-3
[2026-09-29 09:18:44 TP1 EP1] [FlexKV] sglang startprefetch: request=bounded_on-measure_07-cold-5
[2026-09-29 09:18:44 TP7 EP7] [FlexKV] sglang startprefetch: request=bounded_on-measure_07-cold-3
[2026-09-29 09:18:44 TP3 EP3] [FlexKV] sglang startprefetch: request=bounded_on-measure_07-cold-4
[2026-09-29 09:18:44 TP1 EP1] [FlexKV] sglang startprefetch: request=bounded_on-measure_07-cold-6
[2026-09-29 09:18:44 TP7 EP7] [FlexKV] sglang startprefetch: request=bounded_on-measure_07-cold-4
[2026-09-29 09:18:44 TP5 EP5] [FlexKV] sglang startprefetch: request=bounded_on-measure_07-cold-5
[2026-09-29 09:18:44 TP1 EP1] [FlexKV] sglang startprefetch: request=bounded_on-measure_07-cold-7
[2026-09-29 09:18:44 TP5 EP5] [FlexKV] sglang startprefetch: request=bounded_on-measure_07-cold-6
[2026-09-29 09:18:44 TP3 EP3] [FlexKV] sglang startprefetch: request=bounded_on-measure_07-cold-5
[2026-09-29 09:18:44 TP7 EP7] [FlexKV] sglang startprefetch: request=bounded_on-measure_07-cold-5
[2026-09-29 09:18:44 TP5 EP5] [FlexKV] sglang startprefetch: request=bounded_on-measure_07-cold-7
[2026-09-29 09:18:44 TP3 EP3] [FlexKV] sglang startprefetch: request=bounded_on-measure_07-cold-6
[2026-09-29 09:18:44 TP0 EP0] [INFO][FlexKV-SGLang] operation=lookup act=complete status=miss sglang_req_id="bounded_on-measure_07-cold-0" flexkv_task_id=380 tokens=7936 hit_tokens=0 hit_blocks=0 lookup_time=0.0006s
[2026-09-29 09:18:44 TP7 EP7] [FlexKV] sglang startprefetch: request=bounded_on-measure_07-cold-6
[2026-09-29 09:18:44 TP3 EP3] [FlexKV] sglang startprefetch: request=bounded_on-measure_07-cold-7
[2026-09-29 09:18:44 TP7 EP7] [FlexKV] sglang startprefetch: request=bounded_on-measure_07-cold-7
[2026-09-29 09:18:44 TP0 EP0] [INFO][FlexKV-SGLang] operation=lookup act=complete status=miss sglang_req_id="bounded_on-measure_07-cold-1" flexkv_task_id=381 tokens=7936 hit_tokens=0 hit_blocks=0 lookup_time=0.0004s
[2026-09-29 09:18:44 TP0 EP0] Prefill batch, #new-seq: 1, #new-token: 7936, #cached-token: 0, #cached-device: 0, #cached-host: 0, #cached-storage: 0, actual-hit-rate: 0.000000, token usage: 0.06, #running-req: 0, #queue-req: 7, #pending-token: 57600, cuda graph: False, input throughput (token/s): 9967.63
[2026-09-29 09:18:44 TP0 EP0] [INFO][FlexKV-SGLang] operation=lookup act=complete status=miss sglang_req_id="bounded_on-measure_07-cold-1" flexkv_task_id=382 tokens=7936 hit_tokens=0 hit_blocks=0 lookup_time=0.0004s
[2026-09-29 09:18:45 TP0 EP0] Prefill batch, #new-seq: 1, #new-token: 256, #cached-token: 0, #cached-device: 0, #cached-host: 0, #cached-storage: 0, actual-hit-rate: 0.000000, token usage: 0.12, #running-req: 0, #queue-req: 6, #pending-token: 57344, cuda graph: False, input throughput (token/s): 1410.68
[2026-09-29 09:18:45 TP0 EP0] [INFO][FlexKV-SGLang] operation=lookup act=complete status=miss sglang_req_id="bounded_on-measure_07-cold-2" flexkv_task_id=383 tokens=7936 hit_tokens=0 hit_blocks=0 lookup_time=0.0004s
[2026-09-29 09:18:45 TP0 EP0] Prefill batch, #new-seq: 1, #new-token: 7936, #cached-token: 0, #cached-device: 0, #cached-host: 0, #cached-storage: 0, actual-hit-rate: 0.000000, token usage: 0.12, #running-req: 1, #queue-req: 6, #pending-token: 49408, cuda graph: False, input throughput (token/s): 47468.28
[2026-09-29 09:18:45 TP0 EP0] [INFO][FlexKV-SGLang] operation=lookup act=complete status=miss sglang_req_id="bounded_on-measure_07-cold-2" flexkv_task_id=384 tokens=7936 hit_tokens=0 hit_blocks=0 lookup_time=0.0004s
[2026-09-29 09:18:45 TP0 EP0] Prefill batch, #new-seq: 1, #new-token: 256, #cached-token: 0, #cached-device: 0, #cached-host: 0, #cached-storage: 0, actual-hit-rate: 0.000000, token usage: 0.19, #running-req: 1, #queue-req: 5, #pending-token: 49152, cuda graph: False, input throughput (token/s): 1413.33
[2026-09-29 09:18:45 TP0 EP0] [INFO][FlexKV-SGLang] operation=lookup act=complete status=miss sglang_req_id="bounded_on-measure_07-cold-3" flexkv_task_id=385 tokens=7936 hit_tokens=0 hit_blocks=0 lookup_time=0.0004s
[2026-09-29 09:18:45 TP0 EP0] Prefill batch, #new-seq: 1, #new-token: 7936, #cached-token: 0, #cached-device: 0, #cached-host: 0, #cached-storage: 0, actual-hit-rate: 0.000000, token usage: 0.19, #running-req: 2, #queue-req: 5, #pending-token: 41216, cuda graph: False, input throughput (token/s): 48043.14
[2026-09-29 09:18:45 TP0 EP0] [INFO][FlexKV-SGLang] operation=lookup act=complete status=miss sglang_req_id="bounded_on-measure_07-cold-3" flexkv_task_id=386 tokens=7936 hit_tokens=0 hit_blocks=0 lookup_time=0.0004s
[2026-09-29 09:18:45 TP0 EP0] Prefill batch, #new-seq: 1, #new-token: 256, #cached-token: 0, #cached-device: 0, #cached-host: 0, #cached-storage: 0, actual-hit-rate: 0.000000, token usage: 0.25, #running-req: 2, #queue-req: 4, #pending-token: 40960, cuda graph: False, input throughput (token/s): 1418.95
[2026-09-29 09:18:45 TP0 EP0] [INFO][FlexKV-SGLang] operation=lookup act=complete status=miss sglang_req_id="bounded_on-measure_07-cold-4" flexkv_task_id=387 tokens=7936 hit_tokens=0 hit_blocks=0 lookup_time=0.0004s
[2026-09-29 09:18:45 TP0 EP0] Prefill batch, #new-seq: 1, #new-token: 7936, #cached-token: 0, #cached-device: 0, #cached-host: 0, #cached-storage: 0, actual-hit-rate: 0.000000, token usage: 0.25, #running-req: 3, #queue-req: 4, #pending-token: 33024, cuda graph: False, input throughput (token/s): 47920.98
[2026-09-29 09:18:45 TP0 EP0] [INFO][FlexKV-SGLang] operation=lookup act=complete status=miss sglang_req_id="bounded_on-measure_07-cold-4" flexkv_task_id=388 tokens=7936 hit_tokens=0 hit_blocks=0 lookup_time=0.0004s
[2026-09-29 09:18:46 TP0 EP0] Prefill batch, #new-seq: 1, #new-token: 256, #cached-token: 0, #cached-device: 0, #cached-host: 0, #cached-storage: 0, actual-hit-rate: 0.000000, token usage: 0.31, #running-req: 3, #queue-req: 3, #pending-token: 32768, cuda graph: False, input throughput (token/s): 1417.24
[2026-09-29 09:18:46 TP0 EP0] [INFO][FlexKV-SGLang] operation=lookup act=complete status=miss sglang_req_id="bounded_on-measure_07-cold-5" flexkv_task_id=389 tokens=7936 hit_tokens=0 hit_blocks=0 lookup_time=0.0005s
[2026-09-29 09:18:46 TP0 EP0] Prefill batch, #new-seq: 1, #new-token: 7936, #cached-token: 0, #cached-device: 0, #cached-host: 0, #cached-storage: 0, actual-hit-rate: 0.000000, token usage: 0.31, #running-req: 4, #queue-req: 3, #pending-token: 24832, cuda graph: False, input throughput (token/s): 48081.73
[2026-09-29 09:18:46 TP0 EP0] [INFO][FlexKV-SGLang] operation=lookup act=complete status=miss sglang_req_id="bounded_on-measure_07-cold-5" flexkv_task_id=390 tokens=7936 hit_tokens=0 hit_blocks=0 lookup_time=0.0004s
[2026-09-29 09:18:46 TP0 EP0] Prefill batch, #new-seq: 1, #new-token: 256, #cached-token: 0, #cached-device: 0, #cached-host: 0, #cached-storage: 0, actual-hit-rate: 0.000000, token usage: 0.37, #running-req: 4, #queue-req: 2, #pending-token: 24576, cuda graph: False, input throughput (token/s): 1414.53
[2026-09-29 09:18:46 TP0 EP0] [INFO][FlexKV-SGLang] operation=lookup act=complete status=miss sglang_req_id="bounded_on-measure_07-cold-6" flexkv_task_id=391 tokens=7936 hit_tokens=0 hit_blocks=0 lookup_time=0.0004s
[2026-09-29 09:18:46 TP0 EP0] Prefill batch, #new-seq: 1, #new-token: 7936, #cached-token: 0, #cached-device: 0, #cached-host: 0, #cached-storage: 0, actual-hit-rate: 0.000000, token usage: 0.38, #running-req: 5, #queue-req: 2, #pending-token: 16640, cuda graph: False, input throughput (token/s): 48039.17
[2026-09-29 09:18:46 TP0 EP0] [INFO][FlexKV-SGLang] operation=lookup act=complete status=miss sglang_req_id="bounded_on-measure_07-cold-6" flexkv_task_id=392 tokens=7936 hit_tokens=0 hit_blocks=0 lookup_time=0.0004s
[2026-09-29 09:18:46 TP0 EP0] Prefill batch, #new-seq: 1, #new-token: 256, #cached-token: 0, #cached-device: 0, #cached-host: 0, #cached-storage: 0, actual-hit-rate: 0.000000, token usage: 0.44, #running-req: 5, #queue-req: 1, #pending-token: 16384, cuda graph: False, input throughput (token/s): 1410.44
[2026-09-29 09:18:46 TP0 EP0] Prefill batch, #new-seq: 1, #new-token: 7936, #cached-token: 0, #cached-device: 0, #cached-host: 0, #cached-storage: 0, actual-hit-rate: 0.000000, token usage: 0.44, #running-req: 6, #queue-req: 1, #pending-token: 8448, cuda graph: False, input throughput (token/s): 48443.11
[2026-09-29 09:18:47 TP0 EP0] Prefill batch, #new-seq: 1, #new-token: 256, #cached-token: 0, #cached-device: 0, #cached-host: 0, #cached-storage: 0, actual-hit-rate: 0.000000, token usage: 0.45, #running-req: 6, #queue-req: 1, #pending-token: 8192, cuda graph: False, input throughput (token/s): 1633.12
[2026-09-29 09:18:47 TP2 EP2] [FlexKV] store prefix length aligned from 8194 to 8192 tokens for rid=bounded_on-measure_07-cold-0
[2026-09-29 09:18:47 TP5 EP5] [FlexKV] store prefix length aligned from 8194 to 8192 tokens for rid=bounded_on-measure_07-cold-0
[2026-09-29 09:18:47 TP4 EP4] [FlexKV] store prefix length aligned from 8194 to 8192 tokens for rid=bounded_on-measure_07-cold-0
[2026-09-29 09:18:47 TP6 EP6] [FlexKV] store prefix length aligned from 8194 to 8192 tokens for rid=bounded_on-measure_07-cold-0
[2026-09-29 09:18:47 TP1 EP1] [FlexKV] store prefix length aligned from 8194 to 8192 tokens for rid=bounded_on-measure_07-cold-0
[2026-09-29 09:18:47 TP0 EP0] [FlexKV] store prefix length aligned from 8194 to 8192 tokens for rid=bounded_on-measure_07-cold-0
[2026-09-29 09:18:47 TP2 EP2] [FlexKV] store prefix length aligned from 8194 to 8192 tokens for rid=bounded_on-measure_07-cold-1
[2026-09-29 09:18:47 TP5 EP5] [FlexKV] store prefix length aligned from 8194 to 8192 tokens for rid=bounded_on-measure_07-cold-1
[2026-09-29 09:18:47 TP4 EP4] [FlexKV] store prefix length aligned from 8194 to 8192 tokens for rid=bounded_on-measure_07-cold-1
[2026-09-29 09:18:47 TP6 EP6] [FlexKV] store prefix length aligned from 8194 to 8192 tokens for rid=bounded_on-measure_07-cold-1
[2026-09-29 09:18:47 TP1 EP1] [FlexKV] store prefix length aligned from 8194 to 8192 tokens for rid=bounded_on-measure_07-cold-1
[2026-09-29 09:18:47 TP0 EP0] [FlexKV] store prefix length aligned from 8194 to 8192 tokens for rid=bounded_on-measure_07-cold-1
[2026-09-29 09:18:47 TP5 EP5] [FlexKV] store prefix length aligned from 8194 to 8192 tokens for rid=bounded_on-measure_07-cold-2
[2026-09-29 09:18:47 TP2 EP2] [FlexKV] store prefix length aligned from 8194 to 8192 tokens for rid=bounded_on-measure_07-cold-2
[2026-09-29 09:18:47 TP6 EP6] [FlexKV] store prefix length aligned from 8194 to 8192 tokens for rid=bounded_on-measure_07-cold-2
[2026-09-29 09:18:47 TP4 EP4] [FlexKV] store prefix length aligned from 8194 to 8192 tokens for rid=bounded_on-measure_07-cold-2
[2026-09-29 09:18:47 TP3 EP3] [FlexKV] store prefix length aligned from 8194 to 8192 tokens for rid=bounded_on-measure_07-cold-0
[2026-09-29 09:18:47 TP1 EP1] [FlexKV] store prefix length aligned from 8194 to 8192 tokens for rid=bounded_on-measure_07-cold-2
[2026-09-29 09:18:47 TP0 EP0] [FlexKV] store prefix length aligned from 8194 to 8192 tokens for rid=bounded_on-measure_07-cold-2
[2026-09-29 09:18:47 TP5 EP5] [FlexKV] store prefix length aligned from 8194 to 8192 tokens for rid=bounded_on-measure_07-cold-3
[2026-09-29 09:18:47 TP7 EP7] [FlexKV] store prefix length aligned from 8194 to 8192 tokens for rid=bounded_on-measure_07-cold-0
[2026-09-29 09:18:47 TP2 EP2] [FlexKV] store prefix length aligned from 8194 to 8192 tokens for rid=bounded_on-measure_07-cold-3
[2026-09-29 09:18:47 TP6 EP6] [FlexKV] store prefix length aligned from 8194 to 8192 tokens for rid=bounded_on-measure_07-cold-3
[2026-09-29 09:18:47 TP4 EP4] [FlexKV] store prefix length aligned from 8194 to 8192 tokens for rid=bounded_on-measure_07-cold-3
[2026-09-29 09:18:47 TP1 EP1] [FlexKV] store prefix length aligned from 8194 to 8192 tokens for rid=bounded_on-measure_07-cold-3
[2026-09-29 09:18:47 TP3 EP3] [FlexKV] store prefix length aligned from 8194 to 8192 tokens for rid=bounded_on-measure_07-cold-1
[2026-09-29 09:18:47 TP0 EP0] [FlexKV] store prefix length aligned from 8194 to 8192 tokens for rid=bounded_on-measure_07-cold-3
[2026-09-29 09:18:47 TP5 EP5] [FlexKV] store prefix length aligned from 8194 to 8192 tokens for rid=bounded_on-measure_07-cold-4
[2026-09-29 09:18:47 TP6 EP6] [FlexKV] store prefix length aligned from 8194 to 8192 tokens for rid=bounded_on-measure_07-cold-4
[2026-09-29 09:18:47 TP4 EP4] [FlexKV] store prefix length aligned from 8194 to 8192 tokens for rid=bounded_on-measure_07-cold-4
[2026-09-29 09:18:47 TP2 EP2] [FlexKV] store prefix length aligned from 8194 to 8192 tokens for rid=bounded_on-measure_07-cold-4
[2026-09-29 09:18:47 TP1 EP1] [FlexKV] store prefix length aligned from 8194 to 8192 tokens for rid=bounded_on-measure_07-cold-4
[2026-09-29 09:18:47 TP7 EP7] [FlexKV] store prefix length aligned from 8194 to 8192 tokens for rid=bounded_on-measure_07-cold-1
[2026-09-29 09:18:47 TP3 EP3] [FlexKV] store prefix length aligned from 8194 to 8192 tokens for rid=bounded_on-measure_07-cold-2
[2026-09-29 09:18:47 TP0 EP0] [FlexKV] store prefix length aligned from 8194 to 8192 tokens for rid=bounded_on-measure_07-cold-4
[2026-09-29 09:18:47 TP5 EP5] [FlexKV] store prefix length aligned from 8194 to 8192 tokens for rid=bounded_on-measure_07-cold-5
[2026-09-29 09:18:47 TP6 EP6] [FlexKV] store prefix length aligned from 8194 to 8192 tokens for rid=bounded_on-measure_07-cold-5
[2026-09-29 09:18:47 TP4 EP4] [FlexKV] store prefix length aligned from 8194 to 8192 tokens for rid=bounded_on-measure_07-cold-5
[2026-09-29 09:18:47 TP1 EP1] [FlexKV] store prefix length aligned from 8194 to 8192 tokens for rid=bounded_on-measure_07-cold-5
[2026-09-29 09:18:47 TP2 EP2] [FlexKV] store prefix length aligned from 8194 to 8192 tokens for rid=bounded_on-measure_07-cold-5
[2026-09-29 09:18:47 TP7 EP7] [FlexKV] store prefix length aligned from 8194 to 8192 tokens for rid=bounded_on-measure_07-cold-2
[2026-09-29 09:18:47 TP0 EP0] [FlexKV] store prefix length aligned from 8194 to 8192 tokens for rid=bounded_on-measure_07-cold-5
[2026-09-29 09:18:47 TP3 EP3] [FlexKV] store prefix length aligned from 8194 to 8192 tokens for rid=bounded_on-measure_07-cold-3
[2026-09-29 09:18:47 TP5 EP5] [FlexKV] store prefix length aligned from 8194 to 8192 tokens for rid=bounded_on-measure_07-cold-6
[2026-09-29 09:18:47 TP6 EP6] [FlexKV] store prefix length aligned from 8194 to 8192 tokens for rid=bounded_on-measure_07-cold-6
[2026-09-29 09:18:47 TP4 EP4] [FlexKV] store prefix length aligned from 8194 to 8192 tokens for rid=bounded_on-measure_07-cold-6
[2026-09-29 09:18:47 TP1 EP1] [FlexKV] store prefix length aligned from 8194 to 8192 tokens for rid=bounded_on-measure_07-cold-6
[2026-09-29 09:18:47 TP2 EP2] [FlexKV] store prefix length aligned from 8194 to 8192 tokens for rid=bounded_on-measure_07-cold-6
[2026-09-29 09:18:47 TP7 EP7] [FlexKV] store prefix length aligned from 8194 to 8192 tokens for rid=bounded_on-measure_07-cold-3
[2026-09-29 09:18:47 TP0 EP0] [FlexKV] store prefix length aligned from 8194 to 8192 tokens for rid=bounded_on-measure_07-cold-6
[2026-09-29 09:18:47 TP3 EP3] [FlexKV] store prefix length aligned from 8194 to 8192 tokens for rid=bounded_on-measure_07-cold-4
[2026-09-29 09:18:47 TP7 EP7] [FlexKV] store prefix length aligned from 8194 to 8192 tokens for rid=bounded_on-measure_07-cold-4
[2026-09-29 09:18:47 TP3 EP3] [FlexKV] store prefix length aligned from 8194 to 8192 tokens for rid=bounded_on-measure_07-cold-5
[2026-09-29 09:18:47 TP7 EP7] [FlexKV] store prefix length aligned from 8194 to 8192 tokens for rid=bounded_on-measure_07-cold-5
[2026-09-29 09:18:47 TP3 EP3] [FlexKV] store prefix length aligned from 8194 to 8192 tokens for rid=bounded_on-measure_07-cold-6
[2026-09-29 09:18:47 TP7 EP7] [FlexKV] store prefix length aligned from 8194 to 8192 tokens for rid=bounded_on-measure_07-cold-6
[FLEXKV] INFO 09-29 09:18:47.216 [cache_engine.py:2605] [FlexKV-SEGV-DEBUG] cache_engine create D2H op (local_put) request_id=393, op_id=160, graph_id=546, dp_client_id=0, fragment12_num_blocks=32, fragment2_num_blocks=0, gpu_src: count=32, min=0, max=0, dtype=int64, cpu_dst: count=32, min=2560, max=2591, dtype=int64
[2026-09-29 09:18:47 TP0 EP0] [INFO][FlexKV-SGLang] operation=store act=launch status=running direction=D2H sglang_req_id="bounded_on-measure_07-cold-0" flexkv_task_id=393 mode=no-layerwise tokens=8192 slots=8192 swa_slots=0
[FLEXKV] INFO 09-29 09:18:47.217 [cache_engine.py:2605] [FlexKV-SEGV-DEBUG] cache_engine create D2H op (local_put) request_id=394, op_id=161, graph_id=547, dp_client_id=0, fragment12_num_blocks=32, fragment2_num_blocks=0, gpu_src: count=32, min=0, max=0, dtype=int64, cpu_dst: count=32, min=2592, max=2623, dtype=int64
[2026-09-29 09:18:47 TP0 EP0] [INFO][FlexKV-SGLang] operation=store act=launch status=running direction=D2H sglang_req_id="bounded_on-measure_07-cold-1" flexkv_task_id=394 mode=no-layerwise tokens=8192 slots=8192 swa_slots=0
[FLEXKV] INFO 09-29 09:18:47.218 [cache_engine.py:2605] [FlexKV-SEGV-DEBUG] cache_engine create D2H op (local_put) request_id=395, op_id=162, graph_id=548, dp_client_id=0, fragment12_num_blocks=32, fragment2_num_blocks=0, gpu_src: count=32, min=0, max=0, dtype=int64, cpu_dst: count=32, min=2624, max=2655, dtype=int64
[FLEXKV] INFO 09-29 09:18:47.218 [runtime.py:577] [FlexKV-IO] operation=transfer act=complete status=success direction=D2H blocks=32 op_id=160 graph_id=546 mode=no-layerwise data_size=0.00679016GB transfer_time=0.0008s bandwidth=8.83GB/s
[2026-09-29 09:18:47 TP0 EP0] [INFO][FlexKV-SGLang] operation=store act=launch status=running direction=D2H sglang_req_id="bounded_on-measure_07-cold-2" flexkv_task_id=395 mode=no-layerwise tokens=8192 slots=8192 swa_slots=0
[FLEXKV] INFO 09-29 09:18:47.219 [cache_engine.py:2605] [FlexKV-SEGV-DEBUG] cache_engine create D2H op (local_put) request_id=396, op_id=163, graph_id=549, dp_client_id=0, fragment12_num_blocks=32, fragment2_num_blocks=0, gpu_src: count=32, min=0, max=0, dtype=int64, cpu_dst: count=32, min=2656, max=2687, dtype=int64
[FLEXKV] INFO 09-29 09:18:47.219 [runtime.py:577] [FlexKV-IO] operation=transfer act=complete status=success direction=D2H blocks=32 op_id=161 graph_id=547 mode=no-layerwise data_size=0.00679016GB transfer_time=0.0007s bandwidth=10.45GB/s
[2026-09-29 09:18:47 TP0 EP0] [INFO][FlexKV-SGLang] operation=store act=launch status=running direction=D2H sglang_req_id="bounded_on-measure_07-cold-3" flexkv_task_id=396 mode=no-layerwise tokens=8192 slots=8192 swa_slots=0
[FLEXKV] INFO 09-29 09:18:47.220 [kvtask.py:300] [FlexKV-IO] operation=put act=complete status=success flexkv_task_id=393 graph_id=546 task_time=0.0041s
[FLEXKV] INFO 09-29 09:18:47.220 [cache_engine.py:2605] [FlexKV-SEGV-DEBUG] cache_engine create D2H op (local_put) request_id=397, op_id=164, graph_id=550, dp_client_id=0, fragment12_num_blocks=32, fragment2_num_blocks=0, gpu_src: count=32, min=0, max=0, dtype=int64, cpu_dst: count=32, min=2688, max=2719, dtype=int64
[2026-09-29 09:18:47 TP0 EP0] [INFO][FlexKV-SGLang] operation=store act=launch status=running direction=D2H sglang_req_id="bounded_on-measure_07-cold-4" flexkv_task_id=397 mode=no-layerwise tokens=8192 slots=8192 swa_slots=0
[FLEXKV] INFO 09-29 09:18:47.221 [runtime.py:577] [FlexKV-IO] operation=transfer act=complete status=success direction=D2H blocks=32 op_id=162 graph_id=548 mode=no-layerwise data_size=0.00679016GB transfer_time=0.0007s bandwidth=10.25GB/s
[FLEXKV] INFO 09-29 09:18:47.221 [kvtask.py:300] [FlexKV-IO] operation=put act=complete status=success flexkv_task_id=394 graph_id=547 task_time=0.0042s
[FLEXKV] INFO 09-29 09:18:47.221 [cache_engine.py:2605] [FlexKV-SEGV-DEBUG] cache_engine create D2H op (local_put) request_id=398, op_id=165, graph_id=551, dp_client_id=0, fragment12_num_blocks=32, fragment2_num_blocks=0, gpu_src: count=32, min=0, max=0, dtype=int64, cpu_dst: count=32, min=2720, max=2751, dtype=int64
[FLEXKV] INFO 09-29 09:18:47.222 [runtime.py:577] [FlexKV-IO] operation=transfer act=complete status=success direction=D2H blocks=32 op_id=163 graph_id=549 mode=no-layerwise data_size=0.00679016GB transfer_time=0.0007s bandwidth=11.16GB/s
[2026-09-29 09:18:47 TP0 EP0] [INFO][FlexKV-SGLang] operation=store act=launch status=running direction=D2H sglang_req_id="bounded_on-measure_07-cold-5" flexkv_task_id=398 mode=no-layerwise tokens=8192 slots=8192 swa_slots=0
[FLEXKV] INFO 09-29 09:18:47.222 [runtime.py:577] [FlexKV-IO] operation=transfer act=complete status=success direction=D2H blocks=32 op_id=164 graph_id=550 mode=no-layerwise data_size=0.00679016GB transfer_time=0.0005s bandwidth=14.80GB/s
[FLEXKV] INFO 09-29 09:18:47.222 [kvtask.py:300] [FlexKV-IO] operation=put act=complete status=success flexkv_task_id=395 graph_id=548 task_time=0.0044s
[FLEXKV] INFO 09-29 09:18:47.223 [cache_engine.py:2605] [FlexKV-SEGV-DEBUG] cache_engine create D2H op (local_put) request_id=399, op_id=166, graph_id=552, dp_client_id=0, fragment12_num_blocks=32, fragment2_num_blocks=0, gpu_src: count=32, min=0, max=0, dtype=int64, cpu_dst: count=32, min=2752, max=2783, dtype=int64
[2026-09-29 09:18:47 TP0 EP0] [INFO][FlexKV-SGLang] operation=store act=launch status=running direction=D2H sglang_req_id="bounded_on-measure_07-cold-6" flexkv_task_id=399 mode=no-layerwise tokens=8192 slots=8192 swa_slots=0
[FLEXKV] INFO 09-29 09:18:47.223 [runtime.py:577] [FlexKV-IO] operation=transfer act=complete status=success direction=D2H blocks=32 op_id=165 graph_id=551 mode=no-layerwise data_size=0.00679016GB transfer_time=0.0006s bandwidth=12.50GB/s
[FLEXKV] INFO 09-29 09:18:47.226 [runtime.py:577] [FlexKV-IO] operation=transfer act=complete status=success direction=D2H blocks=32 op_id=166 graph_id=552 mode=no-layerwise data_size=0.00679016GB transfer_time=0.0008s bandwidth=8.86GB/s
[FLEXKV] INFO 09-29 09:18:47.228 [kvtask.py:300] [FlexKV-IO] operation=put act=complete status=success flexkv_task_id=396 graph_id=549 task_time=0.0095s
[FLEXKV] INFO 09-29 09:18:47.229 [kvtask.py:300] [FlexKV-IO] operation=put act=complete status=success flexkv_task_id=397 graph_id=550 task_time=0.0084s
[FLEXKV] INFO 09-29 09:18:47.229 [kvtask.py:300] [FlexKV-IO] operation=put act=complete status=success flexkv_task_id=398 graph_id=551 task_time=0.0073s
[FLEXKV] INFO 09-29 09:18:47.229 [kvtask.py:300] [FlexKV-IO] operation=put act=complete status=success flexkv_task_id=399 graph_id=552 task_time=0.0061s
[2026-09-29 09:18:47 TP0 EP0] [INFO][FlexKV-SGLang] operation=store act=complete status=success direction=D2H sglang_req_id="bounded_on-measure_07-cold-0" flexkv_task_id=393 mode=no-layerwise store_time=0.0137s
[2026-09-29 09:18:47 TP0 EP0] [INFO][FlexKV-SGLang] operation=store act=complete status=success direction=D2H sglang_req_id="bounded_on-measure_07-cold-1" flexkv_task_id=394 mode=no-layerwise store_time=0.0126s
[2026-09-29 09:18:47 TP0 EP0] [INFO][FlexKV-SGLang] operation=store act=complete status=success direction=D2H sglang_req_id="bounded_on-measure_07-cold-2" flexkv_task_id=395 mode=no-layerwise store_time=0.0116s
[2026-09-29 09:18:47 TP0 EP0] [INFO][FlexKV-SGLang] operation=store act=complete status=success direction=D2H sglang_req_id="bounded_on-measure_07-cold-3" flexkv_task_id=396 mode=no-layerwise store_time=0.0106s
[2026-09-29 09:18:47 TP0 EP0] [INFO][FlexKV-SGLang] operation=store act=complete status=success direction=D2H sglang_req_id="bounded_on-measure_07-cold-4" flexkv_task_id=397 mode=no-layerwise store_time=0.0095s
[2026-09-29 09:18:47 TP0 EP0] [INFO][FlexKV-SGLang] operation=store act=complete status=success direction=D2H sglang_req_id="bounded_on-measure_07-cold-5" flexkv_task_id=398 mode=no-layerwise store_time=0.0083s
[2026-09-29 09:18:47 TP0 EP0] [INFO][FlexKV-SGLang] operation=store act=complete status=success direction=D2H sglang_req_id="bounded_on-measure_07-cold-6" flexkv_task_id=399 mode=no-layerwise store_time=0.0072s
[2026-09-29 09:18:47 TP0 EP0] [INFO][FlexKV-SGLang] operation=lookup act=complete status=miss sglang_req_id="bounded_on-measure_07-cold-7" flexkv_task_id=400 tokens=7936 hit_tokens=0 hit_blocks=0 lookup_time=0.0004s
[2026-09-29 09:18:47 TP0 EP0] Prefill batch, #new-seq: 1, #new-token: 7936, #cached-token: 0, #cached-device: 0, #cached-host: 0, #cached-storage: 0, actual-hit-rate: 0.000000, token usage: 0.06, #running-req: 0, #queue-req: 0, #pending-token: 256, cuda graph: False, input throughput (token/s): 15458.75
[2026-09-29 09:18:47 TP0 EP0] Prefill batch, #new-seq: 1, #new-token: 256, #cached-token: 0, #cached-device: 0, #cached-host: 0, #cached-storage: 0, actual-hit-rate: 0.000000, token usage: 0.06, #running-req: 0, #queue-req: 0, #pending-token: 0, cuda graph: False, input throughput (token/s): 1672.96
[2026-09-29 09:18:47 TP5 EP5] [FlexKV] store prefix length aligned from 8194 to 8192 tokens for rid=bounded_on-measure_07-cold-7
[2026-09-29 09:18:47 TP4 EP4] [FlexKV] store prefix length aligned from 8194 to 8192 tokens for rid=bounded_on-measure_07-cold-7
[2026-09-29 09:18:47 TP2 EP2] [FlexKV] store prefix length aligned from 8194 to 8192 tokens for rid=bounded_on-measure_07-cold-7
[2026-09-29 09:18:47 TP6 EP6] [FlexKV] store prefix length aligned from 8194 to 8192 tokens for rid=bounded_on-measure_07-cold-7
[2026-09-29 09:18:47 TP0 EP0] [FlexKV] store prefix length aligned from 8194 to 8192 tokens for rid=bounded_on-measure_07-cold-7
[2026-09-29 09:18:47 TP1 EP1] [FlexKV] store prefix length aligned from 8194 to 8192 tokens for rid=bounded_on-measure_07-cold-7
[2026-09-29 09:18:47 TP7 EP7] [FlexKV] store prefix length aligned from 8194 to 8192 tokens for rid=bounded_on-measure_07-cold-7
[2026-09-29 09:18:47 TP3 EP3] [FlexKV] store prefix length aligned from 8194 to 8192 tokens for rid=bounded_on-measure_07-cold-7
[FLEXKV] INFO 09-29 09:18:47.879 [cache_engine.py:2605] [FlexKV-SEGV-DEBUG] cache_engine create D2H op (local_put) request_id=401, op_id=167, graph_id=555, dp_client_id=0, fragment12_num_blocks=32, fragment2_num_blocks=0, gpu_src: count=32, min=0, max=0, dtype=int64, cpu_dst: count=32, min=2784, max=2815, dtype=int64
[2026-09-29 09:18:47 TP0 EP0] [INFO][FlexKV-SGLang] operation=store act=launch status=running direction=D2H sglang_req_id="bounded_on-measure_07-cold-7" flexkv_task_id=401 mode=no-layerwise tokens=8192 slots=8192 swa_slots=0
[FLEXKV] INFO 09-29 09:18:47.881 [runtime.py:577] [FlexKV-IO] operation=transfer act=complete status=success direction=D2H blocks=32 op_id=167 graph_id=555 mode=no-layerwise data_size=0.00679016GB transfer_time=0.0010s bandwidth=7.45GB/s
[FLEXKV] INFO 09-29 09:18:47.884 [kvtask.py:300] [FlexKV-IO] operation=put act=complete status=success flexkv_task_id=401 graph_id=555 task_time=0.0051s
[2026-09-29 09:18:47 TP0 EP0] [INFO][FlexKV-SGLang] operation=store act=complete status=success direction=D2H sglang_req_id="bounded_on-measure_07-cold-7" flexkv_task_id=401 mode=no-layerwise store_time=0.0058s
[2026-09-29 09:18:47] INFO:     127.0.0.1:32908 - "GET /metrics HTTP/1.1" 200 OK
