bounded_on warmup_00: cold=10.8574s replay=2.3147s effective_input=28312.4 token/s cached=[7936, 7936, 7936, 7936, 7936, 7936, 7936, 7936] replay_tokens=1024 output_equal=True
bounded_on warmup_01: cold=1.6229s replay=1.5525s effective_input=42214.0 token/s cached=[7936, 7936, 7936, 7936, 7936, 7936, 7936, 7936] replay_tokens=1024 output_equal=True
bounded_on warmup_02: cold=1.6216s replay=1.5506s effective_input=42265.3 token/s cached=[7936, 7936, 7936, 7936, 7936, 7936, 7936, 7936] replay_tokens=1024 output_equal=True
bounded_on measure_00: cold=1.6272s replay=1.5525s effective_input=42214.5 token/s cached=[7936, 7936, 7936, 7936, 7936, 7936, 7936, 7936] replay_tokens=1024 output_equal=True
bounded_on measure_01: cold=1.6236s replay=1.5514s effective_input=42244.3 token/s cached=[7936, 7936, 7936, 7936, 7936, 7936, 7936, 7936] replay_tokens=1024 output_equal=True
bounded_on measure_02: cold=1.6291s replay=1.5633s effective_input=41922.0 token/s cached=[7936, 7936, 7936, 7936, 7936, 7936, 7936, 7936] replay_tokens=1024 output_equal=True
bounded_on measure_03: cold=1.6279s replay=1.5535s effective_input=42186.1 token/s cached=[7936, 7936, 7936, 7936, 7936, 7936, 7936, 7936] replay_tokens=1024 output_equal=True
bounded_on measure_04: cold=1.6242s replay=1.5513s effective_input=42247.2 token/s cached=[7936, 7936, 7936, 7936, 7936, 7936, 7936, 7936] replay_tokens=1024 output_equal=True
bounded_on measure_05: cold=1.6256s replay=1.5544s effective_input=42160.5 token/s cached=[7936, 7936, 7936, 7936, 7936, 7936, 7936, 7936] replay_tokens=1024 output_equal=True
bounded_on measure_06: cold=1.6284s replay=1.5529s effective_input=42201.5 token/s cached=[7936, 7936, 7936, 7936, 7936, 7936, 7936, 7936] replay_tokens=1024 output_equal=True
bounded_on measure_07: cold=1.6268s replay=1.5540s effective_input=42171.1 token/s cached=[7936, 7936, 7936, 7936, 7936, 7936, 7936, 7936] replay_tokens=1024 output_equal=True
bounded_on measure_08: cold=1.6253s replay=1.5545s effective_input=42160.2 token/s cached=[7936, 7936, 7936, 7936, 7936, 7936, 7936, 7936] replay_tokens=1024 output_equal=True
bounded_on measure_09: cold=1.6271s replay=1.5536s effective_input=42182.6 token/s cached=[7936, 7936, 7936, 7936, 7936, 7936, 7936, 7936] replay_tokens=1024 output_equal=True
{
  "measured_pairs": 10,
  "total_replay_seconds": 15.541340361,
  "mean_replay_seconds": 1.5541340361,
  "median_replay_seconds": 1.553561072,
  "aggregate_logical_input_tokens_per_second": 42168.821013957335,
  "aggregate_requests_per_second": 5.147561158930339,
  "all_cold_replay_output_ids_equal": true,
  "all_semantically_correct": true
}
