[2026-09-29 08:36:28] INFO:     127.0.0.1:49566 - "POST /generate HTTP/1.1" 200 OK
[2026-09-29 08:36:28 TP0 EP0] [FlexKV] sglang startprefetch: request=bounded_off-measure_05-replay-0
[2026-09-29 08:36:28 TP0 EP0] [FlexKV] sglang startprefetch: request=bounded_off-measure_05-replay-1
[2026-09-29 08:36:28 TP1 EP1] [FlexKV] sglang startprefetch: request=bounded_off-measure_05-replay-0
[2026-09-29 08:36:28 TP4 EP4] [FlexKV] sglang startprefetch: request=bounded_off-measure_05-replay-0
[2026-09-29 08:36:28 TP3 EP3] [FlexKV] sglang startprefetch: request=bounded_off-measure_05-replay-0
[2026-09-29 08:36:28 TP0 EP0] [FlexKV] sglang startprefetch: request=bounded_off-measure_05-replay-2
[2026-09-29 08:36:28 TP5 EP5] [FlexKV] sglang startprefetch: request=bounded_off-measure_05-replay-0
[2026-09-29 08:36:28 TP1 EP1] [FlexKV] sglang startprefetch: request=bounded_off-measure_05-replay-1
[2026-09-29 08:36:28 TP0 EP0] [FlexKV] sglang startprefetch: request=bounded_off-measure_05-replay-3
[2026-09-29 08:36:28 TP2 EP2] [FlexKV] sglang startprefetch: request=bounded_off-measure_05-replay-0
[2026-09-29 08:36:28 TP4 EP4] [FlexKV] sglang startprefetch: request=bounded_off-measure_05-replay-1
[2026-09-29 08:36:28 TP3 EP3] [FlexKV] sglang startprefetch: request=bounded_off-measure_05-replay-1
[2026-09-29 08:36:28 TP6 EP6] [FlexKV] sglang startprefetch: request=bounded_off-measure_05-replay-0
[2026-09-29 08:36:28 TP5 EP5] [FlexKV] sglang startprefetch: request=bounded_off-measure_05-replay-1
[2026-09-29 08:36:28 TP1 EP1] [FlexKV] sglang startprefetch: request=bounded_off-measure_05-replay-2
[2026-09-29 08:36:28 TP0 EP0] [FlexKV] sglang startprefetch: request=bounded_off-measure_05-replay-4
[2026-09-29 08:36:28 TP4 EP4] [FlexKV] sglang startprefetch: request=bounded_off-measure_05-replay-2
[2026-09-29 08:36:28 TP3 EP3] [FlexKV] sglang startprefetch: request=bounded_off-measure_05-replay-2
[2026-09-29 08:36:28 TP2 EP2] [FlexKV] sglang startprefetch: request=bounded_off-measure_05-replay-1
[2026-09-29 08:36:28 TP5 EP5] [FlexKV] sglang startprefetch: request=bounded_off-measure_05-replay-2
[2026-09-29 08:36:28 TP1 EP1] [FlexKV] sglang startprefetch: request=bounded_off-measure_05-replay-3
[2026-09-29 08:36:28 TP0 EP0] [FlexKV] sglang startprefetch: request=bounded_off-measure_05-replay-5
[2026-09-29 08:36:28 TP6 EP6] [FlexKV] sglang startprefetch: request=bounded_off-measure_05-replay-1
[2026-09-29 08:36:28 TP4 EP4] [FlexKV] sglang startprefetch: request=bounded_off-measure_05-replay-3
[2026-09-29 08:36:28 TP3 EP3] [FlexKV] sglang startprefetch: request=bounded_off-measure_05-replay-3
[2026-09-29 08:36:28 TP2 EP2] [FlexKV] sglang startprefetch: request=bounded_off-measure_05-replay-2
[2026-09-29 08:36:28 TP0 EP0] [FlexKV] sglang startprefetch: request=bounded_off-measure_05-replay-6
[2026-09-29 08:36:28 TP1 EP1] [FlexKV] sglang startprefetch: request=bounded_off-measure_05-replay-4
[2026-09-29 08:36:28 TP5 EP5] [FlexKV] sglang startprefetch: request=bounded_off-measure_05-replay-3
[2026-09-29 08:36:28 TP6 EP6] [FlexKV] sglang startprefetch: request=bounded_off-measure_05-replay-2
[2026-09-29 08:36:28 TP7 EP7] [FlexKV] sglang startprefetch: request=bounded_off-measure_05-replay-0
[2026-09-29 08:36:28 TP3 EP3] [FlexKV] sglang startprefetch: request=bounded_off-measure_05-replay-4
[2026-09-29 08:36:28 TP4 EP4] [FlexKV] sglang startprefetch: request=bounded_off-measure_05-replay-4
[2026-09-29 08:36:28 TP2 EP2] [FlexKV] sglang startprefetch: request=bounded_off-measure_05-replay-3
[2026-09-29 08:36:28 TP0 EP0] [FlexKV] sglang startprefetch: request=bounded_off-measure_05-replay-7
[2026-09-29 08:36:28 TP1 EP1] [FlexKV] sglang startprefetch: request=bounded_off-measure_05-replay-5
[2026-09-29 08:36:28 TP5 EP5] [FlexKV] sglang startprefetch: request=bounded_off-measure_05-replay-4
[2026-09-29 08:36:28 TP6 EP6] [FlexKV] sglang startprefetch: request=bounded_off-measure_05-replay-3
[2026-09-29 08:36:28 TP3 EP3] [FlexKV] sglang startprefetch: request=bounded_off-measure_05-replay-5
[2026-09-29 08:36:28 TP4 EP4] [FlexKV] sglang startprefetch: request=bounded_off-measure_05-replay-5
[2026-09-29 08:36:28 TP7 EP7] [FlexKV] sglang startprefetch: request=bounded_off-measure_05-replay-1
[2026-09-29 08:36:28 TP2 EP2] [FlexKV] sglang startprefetch: request=bounded_off-measure_05-replay-4
[2026-09-29 08:36:28 TP1 EP1] [FlexKV] sglang startprefetch: request=bounded_off-measure_05-replay-6
[2026-09-29 08:36:28 TP5 EP5] [FlexKV] sglang startprefetch: request=bounded_off-measure_05-replay-5
[2026-09-29 08:36:28 TP6 EP6] [FlexKV] sglang startprefetch: request=bounded_off-measure_05-replay-4
[2026-09-29 08:36:28 TP3 EP3] [FlexKV] sglang startprefetch: request=bounded_off-measure_05-replay-6
[2026-09-29 08:36:28 TP4 EP4] [FlexKV] sglang startprefetch: request=bounded_off-measure_05-replay-6
[2026-09-29 08:36:28 TP2 EP2] [FlexKV] sglang startprefetch: request=bounded_off-measure_05-replay-5
[2026-09-29 08:36:28 TP7 EP7] [FlexKV] sglang startprefetch: request=bounded_off-measure_05-replay-2
[2026-09-29 08:36:28 TP1 EP1] [FlexKV] sglang startprefetch: request=bounded_off-measure_05-replay-7
[2026-09-29 08:36:28 TP6 EP6] [FlexKV] sglang startprefetch: request=bounded_off-measure_05-replay-5
[2026-09-29 08:36:28 TP3 EP3] [FlexKV] sglang startprefetch: request=bounded_off-measure_05-replay-7
[2026-09-29 08:36:28 TP5 EP5] [FlexKV] sglang startprefetch: request=bounded_off-measure_05-replay-6
[2026-09-29 08:36:28 TP4 EP4] [FlexKV] sglang startprefetch: request=bounded_off-measure_05-replay-7
[2026-09-29 08:36:28 TP2 EP2] [FlexKV] sglang startprefetch: request=bounded_off-measure_05-replay-6
[2026-09-29 08:36:28 TP7 EP7] [FlexKV] sglang startprefetch: request=bounded_off-measure_05-replay-3
[2026-09-29 08:36:28 TP6 EP6] [FlexKV] sglang startprefetch: request=bounded_off-measure_05-replay-6
[2026-09-29 08:36:28 TP5 EP5] [FlexKV] sglang startprefetch: request=bounded_off-measure_05-replay-7
[2026-09-29 08:36:28 TP2 EP2] [FlexKV] sglang startprefetch: request=bounded_off-measure_05-replay-7
[2026-09-29 08:36:28 TP7 EP7] [FlexKV] sglang startprefetch: request=bounded_off-measure_05-replay-4
[2026-09-29 08:36:28 TP6 EP6] [FlexKV] sglang startprefetch: request=bounded_off-measure_05-replay-7
[2026-09-29 08:36:28 TP7 EP7] [FlexKV] sglang startprefetch: request=bounded_off-measure_05-replay-5
[2026-09-29 08:36:28 TP7 EP7] [FlexKV] sglang startprefetch: request=bounded_off-measure_05-replay-6
[2026-09-29 08:36:28 TP0 EP0] [INFO][FlexKV-SGLang] operation=lookup act=complete status=hit sglang_req_id="bounded_off-measure_05-replay-0" flexkv_task_id=534 tokens=7936 hit_tokens=7936 hit_blocks=31 lookup_time=0.0004s
[2026-09-29 08:36:28 TP7 EP7] [FlexKV] sglang startprefetch: request=bounded_off-measure_05-replay-7
[2026-09-29 08:36:28 TP0 EP0] [INFO][FlexKV-SGLang] operation=load act=launch status=running direction=H2D sglang_req_id="bounded_off-measure_05-replay-0" flexkv_task_id=534 mode=no-layerwise slots=7936 swa_slots=256
[FLEXKV] INFO 09-29 08:36:28.791 [runtime.py:577] [FlexKV-IO] operation=transfer act=complete status=success direction=H2D blocks=1 op_id=416 graph_id=660 mode=no-layerwise data_size=0.00557899GB transfer_time=0.0007s bandwidth=8.39GB/s
[FLEXKV] INFO 09-29 08:36:28.791 [runtime.py:577] [FlexKV-IO] operation=transfer act=complete status=success direction=H2D blocks=31 op_id=417 graph_id=660 mode=no-layerwise data_size=0.00657797GB transfer_time=0.0007s bandwidth=9.86GB/s
[FLEXKV] INFO 09-29 08:36:28.793 [kvtask.py:300] [FlexKV-IO] operation=get act=complete status=success flexkv_task_id=534 graph_id=660 task_time=0.0049s
[2026-09-29 08:36:28 TP0 EP0] [INFO][FlexKV-SGLang] operation=load act=complete status=success direction=H2D sglang_req_id="bounded_off-measure_05-replay-0" flexkv_task_id=534 mode=no-layerwise slots=7936 swa_slots=256 load_time=0.0043s
[2026-09-29 08:36:28 TP0 EP0] [INFO][FlexKV-SGLang] operation=lookup act=complete status=hit sglang_req_id="bounded_off-measure_05-replay-1" flexkv_task_id=535 tokens=7936 hit_tokens=7936 hit_blocks=31 lookup_time=0.0009s
[2026-09-29 08:36:28 TP0 EP0] [INFO][FlexKV-SGLang] operation=load act=launch status=running direction=H2D sglang_req_id="bounded_off-measure_05-replay-1" flexkv_task_id=535 mode=no-layerwise slots=7936 swa_slots=256
[FLEXKV] INFO 09-29 08:36:28.798 [runtime.py:577] [FlexKV-IO] operation=transfer act=complete status=success direction=H2D blocks=1 op_id=418 graph_id=661 mode=no-layerwise data_size=0.00557899GB transfer_time=0.0007s bandwidth=9.18GB/s
[FLEXKV] INFO 09-29 08:36:28.799 [runtime.py:577] [FlexKV-IO] operation=transfer act=complete status=success direction=H2D blocks=31 op_id=419 graph_id=661 mode=no-layerwise data_size=0.00657797GB transfer_time=0.0006s bandwidth=11.24GB/s
[FLEXKV] INFO 09-29 08:36:28.800 [kvtask.py:300] [FlexKV-IO] operation=get act=complete status=success flexkv_task_id=535 graph_id=661 task_time=0.0049s
[2026-09-29 08:36:28 TP0 EP0] [INFO][FlexKV-SGLang] operation=load act=complete status=success direction=H2D sglang_req_id="bounded_off-measure_05-replay-1" flexkv_task_id=535 mode=no-layerwise slots=7936 swa_slots=256 load_time=0.0039s
[2026-09-29 08:36:28 TP0 EP0] [INFO][FlexKV-SGLang] operation=lookup act=complete status=hit sglang_req_id="bounded_off-measure_05-replay-2" flexkv_task_id=536 tokens=7936 hit_tokens=7936 hit_blocks=31 lookup_time=0.0005s
[2026-09-29 08:36:28 TP0 EP0] [INFO][FlexKV-SGLang] operation=load act=launch status=running direction=H2D sglang_req_id="bounded_off-measure_05-replay-2" flexkv_task_id=536 mode=no-layerwise slots=7936 swa_slots=256
[FLEXKV] INFO 09-29 08:36:28.805 [runtime.py:577] [FlexKV-IO] operation=transfer act=complete status=success direction=H2D blocks=1 op_id=420 graph_id=662 mode=no-layerwise data_size=0.00557899GB transfer_time=0.0008s bandwidth=7.48GB/s
[FLEXKV] INFO 09-29 08:36:28.806 [runtime.py:577] [FlexKV-IO] operation=transfer act=complete status=success direction=H2D blocks=31 op_id=421 graph_id=662 mode=no-layerwise data_size=0.00657797GB transfer_time=0.0007s bandwidth=10.09GB/s
[FLEXKV] INFO 09-29 08:36:28.807 [kvtask.py:300] [FlexKV-IO] operation=get act=complete status=success flexkv_task_id=536 graph_id=662 task_time=0.0047s
[2026-09-29 08:36:28 TP0 EP0] [INFO][FlexKV-SGLang] operation=load act=complete status=success direction=H2D sglang_req_id="bounded_off-measure_05-replay-2" flexkv_task_id=536 mode=no-layerwise slots=7936 swa_slots=256 load_time=0.0041s
[2026-09-29 08:36:28 TP0 EP0] [INFO][FlexKV-SGLang] operation=lookup act=complete status=hit sglang_req_id="bounded_off-measure_05-replay-3" flexkv_task_id=537 tokens=7936 hit_tokens=7936 hit_blocks=31 lookup_time=0.0005s
[2026-09-29 08:36:28 TP0 EP0] [INFO][FlexKV-SGLang] operation=load act=launch status=running direction=H2D sglang_req_id="bounded_off-measure_05-replay-3" flexkv_task_id=537 mode=no-layerwise slots=7936 swa_slots=256
[FLEXKV] INFO 09-29 08:36:28.812 [runtime.py:577] [FlexKV-IO] operation=transfer act=complete status=success direction=H2D blocks=1 op_id=422 graph_id=663 mode=no-layerwise data_size=0.00557899GB transfer_time=0.0006s bandwidth=10.04GB/s
[FLEXKV] INFO 09-29 08:36:28.813 [runtime.py:577] [FlexKV-IO] operation=transfer act=complete status=success direction=H2D blocks=31 op_id=423 graph_id=663 mode=no-layerwise data_size=0.00657797GB transfer_time=0.0008s bandwidth=9.33GB/s
[FLEXKV] INFO 09-29 08:36:28.814 [kvtask.py:300] [FlexKV-IO] operation=get act=complete status=success flexkv_task_id=537 graph_id=663 task_time=0.0046s
[2026-09-29 08:36:28 TP0 EP0] [INFO][FlexKV-SGLang] operation=load act=complete status=success direction=H2D sglang_req_id="bounded_off-measure_05-replay-3" flexkv_task_id=537 mode=no-layerwise slots=7936 swa_slots=256 load_time=0.0039s
[2026-09-29 08:36:28 TP0 EP0] [INFO][FlexKV-SGLang] operation=lookup act=complete status=hit sglang_req_id="bounded_off-measure_05-replay-4" flexkv_task_id=538 tokens=7936 hit_tokens=7936 hit_blocks=31 lookup_time=0.0005s
[2026-09-29 08:36:28 TP0 EP0] [INFO][FlexKV-SGLang] operation=load act=launch status=running direction=H2D sglang_req_id="bounded_off-measure_05-replay-4" flexkv_task_id=538 mode=no-layerwise slots=7936 swa_slots=256
[FLEXKV] INFO 09-29 08:36:28.819 [runtime.py:577] [FlexKV-IO] operation=transfer act=complete status=success direction=H2D blocks=1 op_id=424 graph_id=664 mode=no-layerwise data_size=0.00557899GB transfer_time=0.0007s bandwidth=9.10GB/s
[FLEXKV] INFO 09-29 08:36:28.820 [runtime.py:577] [FlexKV-IO] operation=transfer act=complete status=success direction=H2D blocks=31 op_id=425 graph_id=664 mode=no-layerwise data_size=0.00657797GB transfer_time=0.0006s bandwidth=11.41GB/s
[FLEXKV] INFO 09-29 08:36:28.821 [kvtask.py:300] [FlexKV-IO] operation=get act=complete status=success flexkv_task_id=538 graph_id=664 task_time=0.0044s
[2026-09-29 08:36:28 TP0 EP0] [INFO][FlexKV-SGLang] operation=load act=complete status=success direction=H2D sglang_req_id="bounded_off-measure_05-replay-4" flexkv_task_id=538 mode=no-layerwise slots=7936 swa_slots=256 load_time=0.0038s
[2026-09-29 08:36:28 TP0 EP0] [INFO][FlexKV-SGLang] operation=lookup act=complete status=hit sglang_req_id="bounded_off-measure_05-replay-5" flexkv_task_id=539 tokens=7936 hit_tokens=7936 hit_blocks=31 lookup_time=0.0005s
[2026-09-29 08:36:28 TP0 EP0] [INFO][FlexKV-SGLang] operation=load act=launch status=running direction=H2D sglang_req_id="bounded_off-measure_05-replay-5" flexkv_task_id=539 mode=no-layerwise slots=7936 swa_slots=256
[FLEXKV] INFO 09-29 08:36:28.826 [runtime.py:577] [FlexKV-IO] operation=transfer act=complete status=success direction=H2D blocks=31 op_id=426 graph_id=665 mode=no-layerwise data_size=0.00657797GB transfer_time=0.0006s bandwidth=11.86GB/s
[FLEXKV] INFO 09-29 08:36:28.827 [runtime.py:577] [FlexKV-IO] operation=transfer act=complete status=success direction=H2D blocks=1 op_id=427 graph_id=665 mode=no-layerwise data_size=0.00557899GB transfer_time=0.0007s bandwidth=8.99GB/s
[FLEXKV] INFO 09-29 08:36:28.828 [kvtask.py:300] [FlexKV-IO] operation=get act=complete status=success flexkv_task_id=539 graph_id=665 task_time=0.0047s
[2026-09-29 08:36:28 TP0 EP0] [INFO][FlexKV-SGLang] operation=load act=complete status=success direction=H2D sglang_req_id="bounded_off-measure_05-replay-5" flexkv_task_id=539 mode=no-layerwise slots=7936 swa_slots=256 load_time=0.0038s
[2026-09-29 08:36:28 TP0 EP0] [INFO][FlexKV-SGLang] operation=lookup act=complete status=hit sglang_req_id="bounded_off-measure_05-replay-6" flexkv_task_id=540 tokens=7936 hit_tokens=7936 hit_blocks=31 lookup_time=0.0010s
[2026-09-29 08:36:28 TP0 EP0] [INFO][FlexKV-SGLang] operation=load act=launch status=running direction=H2D sglang_req_id="bounded_off-measure_05-replay-6" flexkv_task_id=540 mode=no-layerwise slots=7936 swa_slots=256
[FLEXKV] INFO 09-29 08:36:28.834 [runtime.py:577] [FlexKV-IO] operation=transfer act=complete status=success direction=H2D blocks=1 op_id=428 graph_id=666 mode=no-layerwise data_size=0.00557899GB transfer_time=0.0006s bandwidth=9.56GB/s
[FLEXKV] INFO 09-29 08:36:28.834 [runtime.py:577] [FlexKV-IO] operation=transfer act=complete status=success direction=H2D blocks=31 op_id=429 graph_id=666 mode=no-layerwise data_size=0.00657797GB transfer_time=0.0005s bandwidth=14.09GB/s
[FLEXKV] INFO 09-29 08:36:28.835 [kvtask.py:300] [FlexKV-IO] operation=get act=complete status=success flexkv_task_id=540 graph_id=666 task_time=0.0052s
[2026-09-29 08:36:28 TP0 EP0] [INFO][FlexKV-SGLang] operation=load act=complete status=success direction=H2D sglang_req_id="bounded_off-measure_05-replay-6" flexkv_task_id=540 mode=no-layerwise slots=7936 swa_slots=256 load_time=0.0040s
[2026-09-29 08:36:28 TP0 EP0] [INFO][FlexKV-SGLang] operation=lookup act=complete status=hit sglang_req_id="bounded_off-measure_05-replay-7" flexkv_task_id=541 tokens=7936 hit_tokens=7936 hit_blocks=31 lookup_time=0.0005s
[2026-09-29 08:36:28 TP0 EP0] [INFO][FlexKV-SGLang] operation=load act=launch status=running direction=H2D sglang_req_id="bounded_off-measure_05-replay-7" flexkv_task_id=541 mode=no-layerwise slots=7936 swa_slots=256
[FLEXKV] INFO 09-29 08:36:28.841 [runtime.py:577] [FlexKV-IO] operation=transfer act=complete status=success direction=H2D blocks=1 op_id=430 graph_id=667 mode=no-layerwise data_size=0.00557899GB transfer_time=0.0007s bandwidth=9.10GB/s
[FLEXKV] INFO 09-29 08:36:28.842 [runtime.py:577] [FlexKV-IO] operation=transfer act=complete status=success direction=H2D blocks=31 op_id=431 graph_id=667 mode=no-layerwise data_size=0.00657797GB transfer_time=0.0008s bandwidth=9.41GB/s
[FLEXKV] INFO 09-29 08:36:28.843 [kvtask.py:300] [FlexKV-IO] operation=get act=complete status=success flexkv_task_id=541 graph_id=667 task_time=0.0047s
[2026-09-29 08:36:28 TP0 EP0] [INFO][FlexKV-SGLang] operation=load act=complete status=success direction=H2D sglang_req_id="bounded_off-measure_05-replay-7" flexkv_task_id=541 mode=no-layerwise slots=7936 swa_slots=256 load_time=0.0041s
[2026-09-29 08:36:29 TP0 EP0] [INFO][FlexKV-SGLang] operation=store act=complete status=skipped direction=D2H sglang_req_id="bounded_off-measure_05-replay-0" flexkv_task_id=542 reason=already_cached tokens=0 store_time=0.0004s
[2026-09-29 08:36:29 TP0 EP0] [INFO][FlexKV-SGLang] operation=store act=complete status=skipped direction=D2H sglang_req_id="bounded_off-measure_05-replay-1" flexkv_task_id=543 reason=already_cached tokens=0 store_time=0.0004s
[2026-09-29 08:36:29 TP0 EP0] [INFO][FlexKV-SGLang] operation=store act=complete status=skipped direction=D2H sglang_req_id="bounded_off-measure_05-replay-2" flexkv_task_id=544 reason=already_cached tokens=0 store_time=0.0004s
[2026-09-29 08:36:29 TP0 EP0] [INFO][FlexKV-SGLang] operation=store act=complete status=skipped direction=D2H sglang_req_id="bounded_off-measure_05-replay-3" flexkv_task_id=545 reason=already_cached tokens=0 store_time=0.0004s
[2026-09-29 08:36:29 TP0 EP0] [INFO][FlexKV-SGLang] operation=store act=complete status=skipped direction=D2H sglang_req_id="bounded_off-measure_05-replay-4" flexkv_task_id=546 reason=already_cached tokens=0 store_time=0.0004s
[2026-09-29 08:36:29 TP0 EP0] [INFO][FlexKV-SGLang] operation=store act=complete status=skipped direction=D2H sglang_req_id="bounded_off-measure_05-replay-5" flexkv_task_id=547 reason=already_cached tokens=0 store_time=0.0004s
[2026-09-29 08:36:29 TP0 EP0] [INFO][FlexKV-SGLang] operation=store act=complete status=skipped direction=D2H sglang_req_id="bounded_off-measure_05-replay-6" flexkv_task_id=548 reason=already_cached tokens=0 store_time=0.0004s
[2026-09-29 08:36:29 TP0 EP0] [INFO][FlexKV-SGLang] operation=store act=complete status=skipped direction=D2H sglang_req_id="bounded_off-measure_05-replay-7" flexkv_task_id=549 reason=already_cached tokens=0 store_time=0.0004s
[2026-09-29 08:36:29 TP0 EP0] Prefill batch, #new-seq: 8, #new-token: 2048, #cached-token: 63488, #cached-device: 0, #cached-host: 63488, #cached-storage: 0, actual-hit-rate: 0.968750, full token usage: 0.52, swa token usage: 0.12, #running-req: 0, #queue-req: 0, #pending-token: 0, cuda graph: False, input throughput (token/s): 3232.76
[2026-09-29 08:36:29 TP0 EP0] [INFO][FlexKV-SGLang] operation=store act=complete status=skipped direction=D2H sglang_req_id="bounded_off-measure_05-replay-0" flexkv_task_id=550 reason=already_cached tokens=0 store_time=0.0004s
[2026-09-29 08:36:29 TP0 EP0] [INFO][FlexKV-SGLang] operation=store act=complete status=skipped direction=D2H sglang_req_id="bounded_off-measure_05-replay-1" flexkv_task_id=551 reason=already_cached tokens=0 store_time=0.0004s
[2026-09-29 08:36:29 TP0 EP0] [INFO][FlexKV-SGLang] operation=store act=complete status=skipped direction=D2H sglang_req_id="bounded_off-measure_05-replay-2" flexkv_task_id=552 reason=already_cached tokens=0 store_time=0.0004s
[2026-09-29 08:36:29 TP0 EP0] [INFO][FlexKV-SGLang] operation=store act=complete status=skipped direction=D2H sglang_req_id="bounded_off-measure_05-replay-3" flexkv_task_id=553 reason=already_cached tokens=0 store_time=0.0004s
[2026-09-29 08:36:29 TP0 EP0] [INFO][FlexKV-SGLang] operation=store act=complete status=skipped direction=D2H sglang_req_id="bounded_off-measure_05-replay-4" flexkv_task_id=554 reason=already_cached tokens=0 store_time=0.0004s
[2026-09-29 08:36:29 TP0 EP0] [INFO][FlexKV-SGLang] operation=store act=complete status=skipped direction=D2H sglang_req_id="bounded_off-measure_05-replay-5" flexkv_task_id=555 reason=already_cached tokens=0 store_time=0.0004s
[2026-09-29 08:36:29 TP0 EP0] [INFO][FlexKV-SGLang] operation=store act=complete status=skipped direction=D2H sglang_req_id="bounded_off-measure_05-replay-6" flexkv_task_id=556 reason=already_cached tokens=0 store_time=0.0004s
[2026-09-29 08:36:29 TP0 EP0] [INFO][FlexKV-SGLang] operation=store act=complete status=skipped direction=D2H sglang_req_id="bounded_off-measure_05-replay-7" flexkv_task_id=557 reason=already_cached tokens=0 store_time=0.0004s
[2026-09-29 08:36:29] INFO:     127.0.0.1:49566 - "GET /metrics HTTP/1.1" 200 OK
